\BOOKMARK [1][-]{section*.2}{\376\377\000L\000i\000s\000t\000\040\000o\000f\000\040\000S\000y\000m\000b\000o\000l\000s}{}% 1
\BOOKMARK [0][-]{part.1}{\376\377\000I\000\040\000O\000r\000i\000g\000i\000n\000a\000l\000\040\000F\000i\000x\000e\000d\000-\000W\000i\000n\000g\000\040\000P\000o\000s\000i\000t\000i\000o\000n\000\040\000C\000o\000n\000t\000r\000o\000l\000\040\000S\000y\000s\000t\000e\000m}{}% 2
\BOOKMARK [1][-]{section.1}{\376\377\000M\000o\000d\000u\000l\000e\000\040\000I\000d\000e\000n\000t\000i\000t\000y\000\040\000a\000n\000d\000\040\000S\000c\000h\000e\000d\000u\000l\000i\000n\000g}{part.1}% 3
\BOOKMARK [1][-]{section.2}{\376\377\000R\000u\000n\000\050\000\051\000\040\040\024\000\040\000M\000a\000i\000n\000\040\000E\000x\000e\000c\000u\000t\000i\000o\000n\000\040\000L\000o\000o\000p}{part.1}% 4
\BOOKMARK [1][-]{section.3}{\376\377\000S\000e\000n\000s\000o\000r\000\040\000P\000o\000l\000l\000\040\000F\000u\000n\000c\000t\000i\000o\000n\000s}{part.1}% 5
\BOOKMARK [2][-]{subsection.3.1}{\376\377\000a\000i\000r\000s\000p\000e\000e\000d\000\137\000p\000o\000l\000l\000\050\000\051}{section.3}% 6
\BOOKMARK [2][-]{subsection.3.2}{\376\377\000w\000i\000n\000d\000\137\000p\000o\000l\000l\000\050\000\051}{section.3}% 7
\BOOKMARK [2][-]{subsection.3.3}{\376\377\000m\000a\000n\000u\000a\000l\000\137\000c\000o\000n\000t\000r\000o\000l\000\137\000s\000e\000t\000p\000o\000i\000n\000t\000\137\000p\000o\000l\000l\000\050\000\051}{section.3}% 8
\BOOKMARK [2][-]{subsection.3.4}{\376\377\000v\000e\000h\000i\000c\000l\000e\000\137\000a\000t\000t\000i\000t\000u\000d\000e\000\137\000p\000o\000l\000l\000\050\000\051}{section.3}% 9
\BOOKMARK [2][-]{subsection.3.5}{\376\377\000v\000e\000h\000i\000c\000l\000e\000\137\000c\000o\000n\000t\000r\000o\000l\000\137\000m\000o\000d\000e\000\137\000p\000o\000l\000l\000\050\000\051}{section.3}% 10
\BOOKMARK [2][-]{subsection.3.6}{\376\377\000v\000e\000h\000i\000c\000l\000e\000\137\000c\000o\000m\000m\000a\000n\000d\000\137\000p\000o\000l\000l\000\050\000\051}{section.3}% 11
\BOOKMARK [1][-]{section.4}{\376\377\000p\000a\000r\000a\000m\000e\000t\000e\000r\000s\000\137\000u\000p\000d\000a\000t\000e\000\050\000\051}{part.1}% 12
\BOOKMARK [2][-]{subsection.4.1}{\376\377\000N\000P\000F\000G\000\040\000P\000a\000r\000a\000m\000e\000t\000e\000r\000s}{section.4}% 13
\BOOKMARK [2][-]{subsection.4.2}{\376\377\000T\000E\000C\000S\000\040\000P\000a\000r\000a\000m\000e\000t\000e\000r\000s}{section.4}% 14
\BOOKMARK [1][-]{section.5}{\376\377\000s\000e\000t\000\137\000c\000o\000n\000t\000r\000o\000l\000\137\000m\000o\000d\000e\000\137\000c\000u\000r\000r\000e\000n\000t\000\050\000\051\000:\000\040\000M\000o\000d\000e\000\040\000D\000e\000c\000i\000s\000i\000o\000n\000\040\000T\000r\000e\000e}{part.1}% 15
\BOOKMARK [1][-]{section.6}{\376\377\000R\000u\000n\000\050\000\051\000\040\000M\000o\000d\000e\000\040\000D\000i\000s\000p\000a\000t\000c\000h\000\040\000S\000w\000i\000t\000c\000h}{part.1}% 16
\BOOKMARK [1][-]{section.7}{\376\377\000N\000P\000F\000G\000:\000\040\000N\000o\000n\000l\000i\000n\000e\000a\000r\000\040\000P\000a\000t\000h\000\040\000F\000o\000l\000l\000o\000w\000i\000n\000g\000\040\000G\000u\000i\000d\000a\000n\000c\000e}{part.1}% 17
\BOOKMARK [2][-]{subsection.7.1}{\376\377\000C\000o\000r\000e\000\040\000G\000u\000i\000d\000a\000n\000c\000e\000\040\000L\000a\000w}{section.7}% 18
\BOOKMARK [2][-]{subsection.7.2}{\376\377\000g\000e\000t\000C\000o\000r\000r\000e\000c\000t\000e\000d\000N\000p\000f\000g\000R\000o\000l\000l\000S\000e\000t\000p\000o\000i\000n\000t\000\050\000\051}{section.7}% 19
\BOOKMARK [1][-]{section.8}{\376\377\000a\000d\000a\000p\000t\000\137\000a\000i\000r\000s\000p\000e\000e\000d\000\137\000s\000e\000t\000p\000o\000i\000n\000t\000\050\000\051}{part.1}% 20
\BOOKMARK [1][-]{section.9}{\376\377\000g\000e\000t\000\137\000m\000a\000n\000u\000a\000l\000\137\000a\000i\000r\000s\000p\000e\000e\000d\000\137\000s\000e\000t\000p\000o\000i\000n\000t\000\050\000\051}{part.1}% 21
\BOOKMARK [1][-]{section.10}{\376\377\000g\000e\000t\000M\000a\000n\000u\000a\000l\000H\000e\000i\000g\000h\000t\000R\000a\000t\000e\000S\000e\000t\000p\000o\000i\000n\000t\000\050\000\051}{part.1}% 22
\BOOKMARK [1][-]{section.11}{\376\377\000t\000e\000c\000s\000\137\000u\000p\000d\000a\000t\000e\000\137\000p\000i\000t\000c\000h\000\137\000t\000h\000r\000o\000t\000t\000l\000e\000\050\000\051}{part.1}% 23
\BOOKMARK [1][-]{section.12}{\376\377\000c\000o\000n\000t\000r\000o\000l\000\137\000a\000u\000t\000o\000\050\000\051\000:\000\040\000S\000e\000t\000p\000o\000i\000n\000t\000\040\000T\000y\000p\000e\000\040\000D\000i\000s\000p\000a\000t\000c\000h}{part.1}% 24
\BOOKMARK [2][-]{subsection.12.1}{\376\377\000h\000a\000n\000d\000l\000e\000\137\000s\000e\000t\000p\000o\000i\000n\000t\000\137\000t\000y\000p\000e\000\050\000\051}{section.12}% 25
\BOOKMARK [2][-]{subsection.12.2}{\376\377\000I\000n\000n\000e\000r\000\040\000S\000w\000i\000t\000c\000h\000\040\000i\000n\000\040\000c\000o\000n\000t\000r\000o\000l\000\137\000a\000u\000t\000o\000\050\000\051}{section.12}% 26
\BOOKMARK [1][-]{section.13}{\376\377\000c\000o\000n\000t\000r\000o\000l\000\137\000a\000u\000t\000o\000\137\000p\000o\000s\000i\000t\000i\000o\000n\000\050\000\051}{part.1}% 27
\BOOKMARK [1][-]{section.14}{\376\377\000c\000o\000n\000t\000r\000o\000l\000\137\000a\000u\000t\000o\000\137\000l\000o\000i\000t\000e\000r\000\050\000\051}{part.1}% 28
\BOOKMARK [1][-]{section.15}{\376\377\000c\000o\000n\000t\000r\000o\000l\000\137\000a\000u\000t\000o\000\137\000v\000e\000l\000o\000c\000i\000t\000y\000\050\000\051}{part.1}% 29
\BOOKMARK [1][-]{section.16}{\376\377\000c\000o\000n\000t\000r\000o\000l\000\137\000a\000u\000t\000o\000\137\000p\000a\000t\000h\000\050\000\051}{part.1}% 30
\BOOKMARK [1][-]{section.17}{\376\377\000c\000o\000n\000t\000r\000o\000l\000\137\000a\000u\000t\000o\000\137\000f\000i\000x\000e\000d\000\137\000b\000a\000n\000k\000\137\000a\000l\000t\000\137\000h\000o\000l\000d\000\050\000\051\000\040\040\024\000\040\000G\000P\000S\000\040\000F\000a\000i\000l\000s\000a\000f\000e\000\040\000P\000h\000a\000s\000e\000\040\0001}{part.1}% 31
\BOOKMARK [1][-]{section.18}{\376\377\000c\000o\000n\000t\000r\000o\000l\000\137\000a\000u\000t\000o\000\137\000d\000e\000s\000c\000e\000n\000d\000\050\000\051\000\040\040\024\000\040\000G\000P\000S\000\040\000F\000a\000i\000l\000s\000a\000f\000e\000\040\000P\000h\000a\000s\000e\000\040\0002}{part.1}% 32
\BOOKMARK [1][-]{section.19}{\376\377\000c\000o\000n\000t\000r\000o\000l\000\137\000a\000u\000t\000o\000\137\000t\000a\000k\000e\000o\000f\000f\000\050\000\051}{part.1}% 33
\BOOKMARK [1][-]{section.20}{\376\377\000c\000o\000n\000t\000r\000o\000l\000\137\000a\000u\000t\000o\000\137\000l\000a\000n\000d\000i\000n\000g\000\137\000s\000t\000r\000a\000i\000g\000h\000t\000\050\000\051\000\040\000a\000n\000d\000\040\000\137\000c\000i\000r\000c\000u\000l\000a\000r\000\050\000\051}{part.1}% 34
\BOOKMARK [2][-]{subsection.20.1}{\376\377\000c\000o\000n\000t\000r\000o\000l\000\137\000a\000u\000t\000o\000\137\000l\000a\000n\000d\000i\000n\000g\000\137\000s\000t\000r\000a\000i\000g\000h\000t\000\050\000\051\000\040\040\024\000\040\000M\000i\000s\000s\000i\000o\000n\000\040\000L\000a\000n\000d\000i\000n\000g}{section.20}% 35
\BOOKMARK [2][-]{subsection.20.2}{\376\377\000c\000o\000n\000t\000r\000o\000l\000\137\000a\000u\000t\000o\000\137\000l\000a\000n\000d\000i\000n\000g\000\137\000c\000i\000r\000c\000u\000l\000a\000r\000\050\000\051\000\040\040\024\000\040\000H\000o\000l\000d\000\040\000P\000a\000t\000t\000e\000r\000n\000\040\000L\000a\000n\000d\000i\000n\000g}{section.20}% 36
\BOOKMARK [1][-]{section.21}{\376\377\000c\000o\000n\000t\000r\000o\000l\000\137\000m\000a\000n\000u\000a\000l\000\137\000a\000l\000t\000i\000t\000u\000d\000e\000\050\000\051}{part.1}% 37
\BOOKMARK [1][-]{section.22}{\376\377\000c\000o\000n\000t\000r\000o\000l\000\137\000m\000a\000n\000u\000a\000l\000\137\000p\000o\000s\000i\000t\000i\000o\000n\000\050\000\051}{part.1}% 38
\BOOKMARK [1][-]{section.23}{\376\377\000c\000o\000n\000t\000r\000o\000l\000\137\000b\000a\000c\000k\000t\000r\000a\000n\000s\000i\000t\000i\000o\000n\000\137\000h\000e\000a\000d\000i\000n\000g\000\137\000h\000o\000l\000d\000\050\000\051\000\040\000a\000n\000d\000\040\000\137\000l\000i\000n\000e\000\137\000f\000o\000l\000l\000o\000w\000\050\000\051}{part.1}% 39
\BOOKMARK [2][-]{subsection.23.1}{\376\377\000h\000e\000a\000d\000i\000n\000g\000\137\000h\000o\000l\000d}{section.23}% 40
\BOOKMARK [2][-]{subsection.23.2}{\376\377\000l\000i\000n\000e\000\137\000f\000o\000l\000l\000o\000w}{section.23}% 41
\BOOKMARK [1][-]{section.24}{\376\377\000T\000h\000r\000o\000t\000t\000l\000e\000\040\000O\000u\000t\000p\000u\000t\000\040\000\050\000O\000r\000i\000g\000i\000n\000a\000l\000\051}{part.1}% 42
\BOOKMARK [0][-]{part.2}{\376\377\000I\000I\000\040\000S\000o\000a\000r\000i\000n\000g\000-\000M\000o\000d\000e\000\040\000M\000o\000d\000i\000f\000i\000c\000a\000t\000i\000o\000n\000s\000\040\000a\000n\000d\000\040\000T\000h\000e\000i\000r\000\040\000P\000h\000y\000s\000i\000c\000a\000l\000\040\000I\000m\000p\000a\000c\000t}{}% 43
\BOOKMARK [1][-]{section.25}{\376\377\000O\000v\000e\000r\000v\000i\000e\000w\000\040\000o\000f\000\040\000M\000o\000d\000i\000f\000i\000e\000d\000\040\000F\000u\000n\000c\000t\000i\000o\000n\000s}{part.2}% 44
\BOOKMARK [1][-]{section.26}{\376\377\000C\000h\000a\000n\000g\000e\000\040\0001\000:\000\040\000R\000u\000n\000\050\000\051\000\040\040\024\000\040\000D\000D\000S\000\040\000P\000o\000l\000l\000,\000\040\000I\000n\000h\000i\000b\000i\000t\000,\000\040\000a\000n\000d\000\040\000S\000t\000a\000l\000e\000n\000e\000s\000s\000\040\000W\000a\000t\000c\000h\000d\000o\000g}{part.2}% 45
\BOOKMARK [2][-]{subsection.26.1}{\376\377\000D\000D\000S\000\040\000P\000o\000l\000l}{section.26}% 46
\BOOKMARK [2][-]{subsection.26.2}{\376\377\000S\000t\000a\000l\000e\000n\000e\000s\000s\000\040\000W\000a\000t\000c\000h\000d\000o\000g}{section.26}% 47
\BOOKMARK [2][-]{subsection.26.3}{\376\377\000A\000u\000t\000o\000s\000o\000a\000r\000i\000n\000g\000S\000t\000a\000t\000u\000s\000\040\000p\000u\000b\000l\000i\000c\000a\000t\000i\000o\000n\000,\000\040\0001\000H\000z\000\040\000i\000n\000h\000i\000b\000i\000t\000\040\000r\000e\000p\000u\000b\000l\000i\000s\000h\000,\000\040\000a\000n\000d\000\040\0002\000H\000z\000\040\000p\000h\000a\000s\000e\000\040\000h\000e\000a\000r\000t\000b\000e\000a\000t}{section.26}% 48
\BOOKMARK [1][-]{section.27}{\376\377\000C\000h\000a\000n\000g\000e\000\040\0002\000:\000\040\000v\000e\000h\000i\000c\000l\000e\000\137\000c\000o\000m\000m\000a\000n\000d\000\137\000p\000o\000l\000l\000\050\000\051\000\040\040\024\000\040\000C\000U\000S\000T\000O\000M\000\137\0000\000\040\000a\000n\000d\000\040\000D\000O\000\137\000S\000E\000T\000\137\000M\000O\000D\000E}{part.2}% 49
\BOOKMARK [2][-]{subsection.27.1}{\376\377\000V\000E\000H\000I\000C\000L\000E\000\137\000C\000M\000D\000\137\000C\000U\000S\000T\000O\000M\000\137\0000\000\040\000\050\000S\000o\000a\000r\000i\000n\000g\000\040\000C\000L\000I\000\051}{section.27}% 50
\BOOKMARK [2][-]{subsection.27.2}{\376\377\000V\000E\000H\000I\000C\000L\000E\000\137\000C\000M\000D\000\137\000D\000O\000\137\000S\000E\000T\000\137\000M\000O\000D\000E}{section.27}% 51
\BOOKMARK [1][-]{section.28}{\376\377\000C\000h\000a\000n\000g\000e\000\040\0003\000:\000\040\000p\000a\000r\000a\000m\000e\000t\000e\000r\000s\000\137\000u\000p\000d\000a\000t\000e\000\050\000\051\000\040\040\024\000\040\000E\000a\000g\000e\000r\000\040\000G\000l\000i\000d\000e\000\040\000A\000i\000r\000s\000p\000e\000e\000d\000\040\000P\000u\000s\000h}{part.2}% 52
\BOOKMARK [1][-]{section.29}{\376\377\000C\000h\000a\000n\000g\000e\000\040\0004\000:\000\040\000c\000o\000n\000t\000r\000o\000l\000\137\000a\000u\000t\000o\000\050\000\051\000\040\040\024\000\040\000F\000u\000l\000l\000\040\000S\000o\000a\000r\000i\000n\000g\000\040\000D\000i\000s\000p\000a\000t\000c\000h\000\040\000B\000l\000o\000c\000k}{part.2}% 53
\BOOKMARK [2][-]{subsection.29.1}{\376\377\000S\000t\000e\000p\000\040\0001\000:\000\040\000E\000x\000t\000r\000a\000c\000t\000\040\000M\000o\000d\000e\000\040\000V\000a\000r\000i\000a\000b\000l\000e\000s}{section.29}% 54
\BOOKMARK [2][-]{subsection.29.2}{\376\377\000S\000t\000e\000p\000\040\0002\000:\000\040\000A\000l\000t\000i\000t\000u\000d\000e\000\040\000F\000l\000o\000o\000r\000\040\000\050\000F\000W\000\137\000A\000L\000T\000\137\000M\000I\000N\000\051}{section.29}% 55
\BOOKMARK [2][-]{subsection.29.3}{\376\377\000S\000t\000e\000p\000\040\0003\000:\000\040\000A\000l\000t\000i\000t\000u\000d\000e\000\040\000C\000e\000i\000l\000i\000n\000g\000\040\000w\000i\000t\000h\000\040\000H\000y\000s\000t\000e\000r\000e\000s\000i\000s}{section.29}% 56
\BOOKMARK [2][-]{subsection.29.4}{\376\377\000S\000t\000e\000p\000\040\0004\000:\000\040\000E\000f\000f\000e\000c\000t\000i\000v\000e\000\040\000M\000o\000d\000e\000\040\000F\000l\000a\000g\000s}{section.29}% 57
\BOOKMARK [2][-]{subsection.29.5}{\376\377\000S\000t\000e\000p\000\040\0005\000:\000\040\000T\000E\000C\000S\000\040\000F\000l\000a\000g\000\040\000a\000n\000d\000\040\000A\000i\000r\000s\000p\000e\000e\000d\000\040\000I\000n\000j\000e\000c\000t\000i\000o\000n}{section.29}% 58
\BOOKMARK [2][-]{subsection.29.6}{\376\377\000S\000t\000e\000p\000\040\0006\000:\000\040\000T\000h\000e\000r\000m\000a\000l\000\040\000D\000O\000\137\000R\000E\000P\000O\000S\000I\000T\000I\000O\000N\000\040\000C\000o\000m\000m\000a\000n\000d}{section.29}% 59
\BOOKMARK [3][-]{subsubsection.29.6.1}{\376\377\000L\000o\000i\000t\000e\000r\000\040\000C\000e\000n\000t\000r\000e\000\040\000P\000i\000n\000n\000i\000n\000g}{subsection.29.6}% 60
\BOOKMARK [3][-]{subsubsection.29.6.2}{\376\377\000T\0003\000:\000\040\000P\000r\000e\000-\000R\000o\000l\000l\000\040\000A\000i\000r\000s\000p\000e\000e\000d\000\040\000S\000a\000f\000e\000t\000y}{subsection.29.6}% 61
\BOOKMARK [3][-]{subsubsection.29.6.3}{\376\377\000M\000i\000s\000s\000i\000o\000n\000\040\000I\000n\000d\000e\000x\000\040\000L\000a\000t\000c\000h}{subsection.29.6}% 62
\BOOKMARK [3][-]{subsubsection.29.6.4}{\376\377\000M\000i\000n\000i\000m\000u\000m\000\040\000R\000a\000d\000i\000u\000s\000\040\000a\000n\000d\000\040\000S\000i\000g\000n\000e\000d\000\040\000E\000n\000c\000o\000d\000i\000n\000g}{subsection.29.6}% 63
\BOOKMARK [3][-]{subsubsection.29.6.5}{\376\377\000C\000o\000m\000p\000l\000e\000t\000e\000\040\000D\000O\000\137\000R\000E\000P\000O\000S\000I\000T\000I\000O\000N\000\040\000F\000i\000e\000l\000d\000s}{subsection.29.6}% 64
\BOOKMARK [2][-]{subsection.29.7}{\376\377\000S\000t\000e\000p\000\040\0007\000:\000\040\000G\000l\000i\000d\000e\000\040\000D\000O\000\137\000S\000E\000T\000\137\000M\000O\000D\000E\000\040\000H\000e\000a\000r\000t\000b\000e\000a\000t}{section.29}% 65
\BOOKMARK [2][-]{subsection.29.8}{\376\377\000S\000t\000e\000p\000\040\0008\000:\000\040\000T\000h\000e\000r\000m\000a\000l\000\040\000E\000x\000i\000t}{section.29}% 66
\BOOKMARK [2][-]{subsection.29.9}{\376\377\000S\000t\000e\000p\000\040\0009\000:\000\040\000G\000l\000i\000d\000e\000\040\000E\000x\000i\000t\000\040\040\024\000\040\000D\000O\000\137\000S\000E\000T\000\137\000M\000O\000D\000E\000\040\000\040\000A\000U\000T\000O\000\137\000M\000I\000S\000S\000I\000O\000N}{section.29}% 67
\BOOKMARK [1][-]{section.30}{\376\377\000C\000h\000a\000n\000g\000e\000\040\0005\000:\000\040\000M\000o\000d\000e\000\040\0004\000\040\040\024\000\040\000C\000o\000m\000p\000l\000e\000t\000e\000\040\000N\000P\000F\000G\000\040\000B\000y\000p\000a\000s\000s}{part.2}% 68
\BOOKMARK [2][-]{subsection.30.1}{\376\377\000W\000h\000y\000\040\000B\000y\000p\000a\000s\000s}{section.30}% 69
\BOOKMARK [2][-]{subsection.30.2}{\376\377\000I\000m\000p\000l\000e\000m\000e\000n\000t\000a\000t\000i\000o\000n}{section.30}% 70
\BOOKMARK [1][-]{section.31}{\376\377\000C\000h\000a\000n\000g\000e\000\040\0006\000:\000\040\000S\000y\000m\000m\000e\000t\000r\000i\000c\000\040\000T\000h\000r\000o\000t\000t\000l\000e\000\040\000R\000a\000m\000p\000s}{part.2}% 71
\BOOKMARK [2][-]{subsection.31.1}{\376\377\000P\000h\000y\000s\000i\000c\000a\000l\000\040\000M\000o\000t\000i\000v\000a\000t\000i\000o\000n}{section.31}% 72
\BOOKMARK [2][-]{subsection.31.2}{\376\377\000P\000r\000e\000-\000G\000l\000i\000d\000e\000\040\000T\000h\000r\000u\000s\000t\000\040\000C\000a\000c\000h\000e}{section.31}% 73
\BOOKMARK [2][-]{subsection.31.3}{\376\377\000E\000n\000t\000r\000y\000\040\000R\000a\000m\000p\000\040\000\050\000g\000l\000i\000d\000e\000\040\000s\000t\000a\000r\000t\000s\000\051}{section.31}% 74
\BOOKMARK [2][-]{subsection.31.4}{\376\377\000E\000x\000i\000t\000\040\000R\000a\000m\000p\000\040\000\050\000g\000l\000i\000d\000e\000\040\000e\000n\000d\000s\000\051}{section.31}% 75
\BOOKMARK [2][-]{subsection.31.5}{\376\377\000F\000i\000n\000a\000l\000\040\000T\000h\000r\000o\000t\000t\000l\000e\000\040\000S\000e\000l\000e\000c\000t\000i\000o\000n}{section.31}% 76
\BOOKMARK [2][-]{subsection.31.6}{\376\377\000P\000h\000y\000s\000i\000c\000a\000l\000\040\000I\000m\000p\000a\000c\000t}{section.31}% 77
\BOOKMARK [1][-]{section.32}{\376\377\000C\000o\000m\000p\000l\000e\000t\000e\000\040\000M\000o\000d\000i\000f\000i\000c\000a\000t\000i\000o\000n\000\040\000S\000u\000m\000m\000a\000r\000y}{part.2}% 78
