\BOOKMARK [1][-]{section*.2}{\376\377\000L\000i\000s\000t\000\040\000o\000f\000\040\000S\000y\000m\000b\000o\000l\000s\000\040\000a\000n\000d\000\040\000A\000c\000r\000o\000n\000y\000m\000s}{}% 1
\BOOKMARK [0][-]{part.1}{\376\377\000I\000\040\000O\000r\000i\000g\000i\000n\000a\000l\000\040\000N\000a\000v\000i\000g\000a\000t\000o\000r\000\040\000S\000y\000s\000t\000e\000m}{}% 2
\BOOKMARK [1][-]{section.1}{\376\377\000M\000o\000d\000u\000l\000e\000\040\000P\000u\000r\000p\000o\000s\000e\000\040\000a\000n\000d\000\040\000A\000r\000c\000h\000i\000t\000e\000c\000t\000u\000r\000e}{part.1}% 3
\BOOKMARK [1][-]{section.2}{\376\377\000N\000a\000v\000i\000g\000a\000t\000o\000r\000\050\000\051\000\040\000C\000o\000n\000s\000t\000r\000u\000c\000t\000o\000r}{part.1}% 4
\BOOKMARK [1][-]{section.3}{\376\377\000p\000a\000r\000a\000m\000s\000\137\000u\000p\000d\000a\000t\000e\000\050\000\051}{part.1}% 5
\BOOKMARK [1][-]{section.4}{\376\377\000r\000u\000n\000\050\000\051\000\040\040\024\000\040\000T\000h\000e\000\040\000M\000a\000i\000n\000\040\000C\000o\000n\000t\000r\000o\000l\000\040\000L\000o\000o\000p}{part.1}% 6
\BOOKMARK [2][-]{subsection.4.1}{\376\377\000S\000t\000a\000r\000t\000u\000p\000\040\000\050\000o\000n\000c\000e\000\051}{section.4}% 7
\BOOKMARK [2][-]{subsection.4.2}{\376\377\000P\000e\000r\000-\000C\000y\000c\000l\000e\000\040\000S\000t\000e\000p\000s}{section.4}% 8
\BOOKMARK [1][-]{section.5}{\376\377\000V\000e\000h\000i\000c\000l\000e\000\040\000C\000o\000m\000m\000a\000n\000d\000\040\000H\000a\000n\000d\000l\000e\000r\000s\000\040\000i\000n\000\040\000r\000u\000n\000\050\000\051}{part.1}% 9
\BOOKMARK [2][-]{subsection.5.1}{\376\377\000V\000E\000H\000I\000C\000L\000E\000\137\000C\000M\000D\000\137\000D\000O\000\137\000R\000E\000P\000O\000S\000I\000T\000I\000O\000N\000\040\000\050\0001\0009\0002\000\051}{section.5}% 10
\BOOKMARK [2][-]{subsection.5.2}{\376\377\000V\000E\000H\000I\000C\000L\000E\000\137\000C\000M\000D\000\137\000D\000O\000\137\000C\000H\000A\000N\000G\000E\000\137\000A\000L\000T\000I\000T\000U\000D\000E\000\040\000\050\0001\0008\0006\000\051}{section.5}% 11
\BOOKMARK [2][-]{subsection.5.3}{\376\377\000V\000E\000H\000I\000C\000L\000E\000\137\000C\000M\000D\000\137\000D\000O\000\137\000O\000R\000B\000I\000T\000\040\000\050\0003\0004\000\051\000\040\040\024\000\040\000F\000i\000x\000e\000d\000-\000W\000i\000n\000g}{section.5}% 12
\BOOKMARK [2][-]{subsection.5.4}{\376\377\000V\000E\000H\000I\000C\000L\000E\000\137\000C\000M\000D\000\137\000D\000O\000\137\000F\000I\000G\000U\000R\000E\000E\000I\000G\000H\000T\000\040\000\050\0003\0005\000\051\000\040\040\024\000\040\000F\000i\000x\000e\000d\000-\000W\000i\000n\000g}{section.5}% 13
\BOOKMARK [2][-]{subsection.5.5}{\376\377\000V\000E\000H\000I\000C\000L\000E\000\137\000C\000M\000D\000\137\000N\000A\000V\000\137\000T\000A\000K\000E\000O\000F\000F\000\040\000\050\0002\0002\000\051}{section.5}% 14
\BOOKMARK [2][-]{subsection.5.6}{\376\377\000V\000E\000H\000I\000C\000L\000E\000\137\000C\000M\000D\000\137\000D\000O\000\137\000L\000A\000N\000D\000\137\000S\000T\000A\000R\000T\000\040\000\050\0001\0008\0009\000\051}{section.5}% 15
\BOOKMARK [2][-]{subsection.5.7}{\376\377\000V\000E\000H\000I\000C\000L\000E\000\137\000C\000M\000D\000\137\000M\000I\000S\000S\000I\000O\000N\000\137\000S\000T\000A\000R\000T\000\040\000\050\0003\0000\0000\000\051}{section.5}% 16
\BOOKMARK [2][-]{subsection.5.8}{\376\377\000V\000E\000H\000I\000C\000L\000E\000\137\000C\000M\000D\000\137\000D\000O\000\137\000C\000H\000A\000N\000G\000E\000\137\000S\000P\000E\000E\000D\000\040\000\050\0001\0007\0008\000\051}{section.5}% 17
\BOOKMARK [2][-]{subsection.5.9}{\376\377\000V\000E\000H\000I\000C\000L\000E\000\137\000C\000M\000D\000\137\000D\000O\000\137\000S\000E\000T\000\137\000R\000O\000I\000\040\000v\000a\000r\000i\000a\000n\000t\000s\000\040\000\050\0002\0000\0001\000,\000\040\0002\0000\0002\000,\000\040\0001\0009\0005\000,\000\040\0001\0009\0007\000,\000\040\0001\0009\0008\000\051}{section.5}% 18
\BOOKMARK [1][-]{section.6}{\376\377\000N\000a\000v\000i\000g\000a\000t\000i\000o\000n\000\040\000M\000o\000d\000e\000\040\000S\000t\000a\000t\000e\000\040\000M\000a\000c\000h\000i\000n\000e}{part.1}% 19
\BOOKMARK [1][-]{section.7}{\376\377\000T\000h\000e\000\040\000P\000o\000s\000i\000t\000i\000o\000n\000\040\000S\000e\000t\000p\000o\000i\000n\000t\000\040\000T\000r\000i\000p\000l\000e\000t}{part.1}% 20
\BOOKMARK [2][-]{subsection.7.1}{\376\377\000S\000t\000r\000u\000c\000t\000u\000r\000e\000:\000\040\000p\000o\000s\000i\000t\000i\000o\000n\000\137\000s\000e\000t\000p\000o\000i\000n\000t\000\137\000s}{section.7}% 21
\BOOKMARK [2][-]{subsection.7.2}{\376\377\000p\000u\000b\000l\000i\000s\000h\000\137\000p\000o\000s\000i\000t\000i\000o\000n\000\137\000s\000e\000t\000p\000o\000i\000n\000t\000\137\000t\000r\000i\000p\000l\000e\000t\000\050\000\051}{section.7}% 22
\BOOKMARK [2][-]{subsection.7.3}{\376\377\000r\000e\000s\000e\000t\000\137\000t\000r\000i\000p\000l\000e\000t\000s\000\050\000\051\000\040\000a\000n\000d\000\040\000r\000e\000s\000e\000t\000\137\000p\000o\000s\000i\000t\000i\000o\000n\000\137\000s\000e\000t\000p\000o\000i\000n\000t\000\050\000\051}{section.7}% 23
\BOOKMARK [1][-]{section.8}{\376\377\000A\000c\000c\000e\000p\000t\000a\000n\000c\000e\000\040\000R\000a\000d\000i\000u\000s\000\040\000F\000u\000n\000c\000t\000i\000o\000n\000s}{part.1}% 24
\BOOKMARK [2][-]{subsection.8.1}{\376\377\000g\000e\000t\000\137\000d\000e\000f\000a\000u\000l\000t\000\137\000a\000c\000c\000e\000p\000t\000a\000n\000c\000e\000\137\000r\000a\000d\000i\000u\000s\000\050\000\051}{section.8}% 25
\BOOKMARK [2][-]{subsection.8.2}{\376\377\000g\000e\000t\000\137\000a\000l\000t\000i\000t\000u\000d\000e\000\137\000a\000c\000c\000e\000p\000t\000a\000n\000c\000e\000\137\000r\000a\000d\000i\000u\000s\000\050\000\051}{section.8}% 26
\BOOKMARK [2][-]{subsection.8.3}{\376\377\000g\000e\000t\000\137\000a\000c\000c\000e\000p\000t\000a\000n\000c\000e\000\137\000r\000a\000d\000i\000u\000s\000\050\000\051}{section.8}% 27
\BOOKMARK [1][-]{section.9}{\376\377\000C\000r\000u\000i\000s\000i\000n\000g\000\040\000S\000p\000e\000e\000d\000\040\000a\000n\000d\000\040\000T\000h\000r\000o\000t\000t\000l\000e}{part.1}% 28
\BOOKMARK [2][-]{subsection.9.1}{\376\377\000g\000e\000t\000\137\000c\000r\000u\000i\000s\000i\000n\000g\000\137\000s\000p\000e\000e\000d\000\050\000\051}{section.9}% 29
\BOOKMARK [2][-]{subsection.9.2}{\376\377\000g\000e\000t\000\137\000c\000r\000u\000i\000s\000i\000n\000g\000\137\000t\000h\000r\000o\000t\000t\000l\000e\000\050\000\051}{section.9}% 30
\BOOKMARK [2][-]{subsection.9.3}{\376\377\000s\000e\000t\000\137\000c\000r\000u\000i\000s\000i\000n\000g\000\137\000s\000p\000e\000e\000d\000\050\000\051\000\040\000/\000\040\000r\000e\000s\000e\000t\000\137\000c\000r\000u\000i\000s\000i\000n\000g\000\137\000s\000p\000e\000e\000d\000\050\000\051}{section.9}% 31
\BOOKMARK [2][-]{subsection.9.4}{\376\377\000s\000e\000t\000\137\000c\000r\000u\000i\000s\000i\000n\000g\000\137\000t\000h\000r\000o\000t\000t\000l\000e\000\050\000\051\000\040\000/\000\040\000r\000e\000s\000e\000t}{section.9}% 32
\BOOKMARK [1][-]{section.10}{\376\377\000G\000e\000o\000f\000e\000n\000c\000e\000\040\000B\000r\000e\000a\000c\000h\000\040\000C\000h\000e\000c\000k}{part.1}% 33
\BOOKMARK [1][-]{section.11}{\376\377\000p\000u\000b\000l\000i\000s\000h\000\137\000n\000a\000v\000i\000g\000a\000t\000o\000r\000\137\000s\000t\000a\000t\000u\000s\000\050\000\051}{part.1}% 34
\BOOKMARK [1][-]{section.12}{\376\377\000a\000b\000o\000r\000t\000\137\000l\000a\000n\000d\000i\000n\000g\000\050\000\051}{part.1}% 35
\BOOKMARK [1][-]{section.13}{\376\377\000A\000D\000S\000-\000B\000\040\000T\000r\000a\000f\000f\000i\000c\000\040\000H\000a\000n\000d\000l\000i\000n\000g}{part.1}% 36
\BOOKMARK [1][-]{section.14}{\376\377\000O\000t\000h\000e\000r\000\040\000U\000t\000i\000l\000i\000t\000y\000\040\000F\000u\000n\000c\000t\000i\000o\000n\000s}{part.1}% 37
\BOOKMARK [0][-]{part.2}{\376\377\000I\000I\000\040\000S\000o\000a\000r\000i\000n\000g\000-\000M\000o\000d\000e\000\040\000M\000o\000d\000i\000f\000i\000c\000a\000t\000i\000o\000n\000s}{}% 38
\BOOKMARK [1][-]{section.15}{\376\377\000O\000v\000e\000r\000v\000i\000e\000w\000\040\000o\000f\000\040\000C\000h\000a\000n\000g\000e\000s}{part.2}% 39
\BOOKMARK [1][-]{section.16}{\376\377\000M\000o\000d\000i\000f\000i\000c\000a\000t\000i\000o\000n\000\040\000N\0001\000:\000\040\000S\000i\000g\000n\000e\000d\000\040\000R\000a\000d\000i\000u\000s\000\040\000i\000n\000\040\000D\000O\000\137\000R\000E\000P\000O\000S\000I\000T\000I\000O\000N}{part.2}% 40
\BOOKMARK [2][-]{subsection.16.1}{\376\377\000P\000h\000y\000s\000i\000c\000a\000l\000\040\000B\000a\000c\000k\000g\000r\000o\000u\000n\000d\000:\000\040\000L\000o\000i\000t\000e\000r\000\040\000D\000i\000r\000e\000c\000t\000i\000o\000n}{section.16}% 41
\BOOKMARK [2][-]{subsection.16.2}{\376\377\000O\000r\000i\000g\000i\000n\000a\000l\000\040\000P\000a\000r\000s\000i\000n\000g}{section.16}% 42
\BOOKMARK [2][-]{subsection.16.3}{\376\377\000M\000o\000d\000i\000f\000i\000e\000d\000\040\000P\000a\000r\000s\000i\000n\000g}{section.16}% 43
\BOOKMARK [2][-]{subsection.16.4}{\376\377\000E\000n\000c\000o\000d\000i\000n\000g\000\040\000i\000n\000\040\000F\000i\000x\000e\000d\000w\000i\000n\000g\000P\000o\000s\000i\000t\000i\000o\000n\000C\000o\000n\000t\000r\000o\000l}{section.16}% 44
\BOOKMARK [2][-]{subsection.16.5}{\376\377\000D\000i\000r\000e\000c\000t\000i\000o\000n\000-\000C\000h\000a\000n\000g\000e\000\040\000R\000e\000-\000T\000r\000i\000g\000g\000e\000r\000\040\000L\000o\000g\000i\000c}{section.16}% 45
\BOOKMARK [1][-]{section.17}{\376\377\000M\000o\000d\000i\000f\000i\000c\000a\000t\000i\000o\000n\000\040\000N\0002\000:\000\040\000O\000R\000B\000I\000T\000\040\000N\000a\000v\000\040\000S\000t\000a\000t\000e\000\040\000M\000a\000p\000s\000\040\000t\000o\000\040\000L\000o\000i\000t\000e\000r\000\040\000M\000o\000d\000e}{part.2}% 46
\BOOKMARK [2][-]{subsection.17.1}{\376\377\000O\000r\000i\000g\000i\000n\000a\000l\000\040\000B\000e\000h\000a\000v\000i\000o\000u\000r}{section.17}% 47
\BOOKMARK [2][-]{subsection.17.2}{\376\377\000M\000o\000d\000i\000f\000i\000e\000d\000\040\000B\000e\000h\000a\000v\000i\000o\000u\000r}{section.17}% 48
\BOOKMARK [2][-]{subsection.17.3}{\376\377\000I\000m\000p\000a\000c\000t}{section.17}% 49
\BOOKMARK [1][-]{section.18}{\376\377\000I\000n\000t\000e\000r\000a\000c\000t\000i\000o\000n\000\040\000D\000i\000a\000g\000r\000a\000m\000:\000\040\000F\000u\000l\000l\000\040\000T\000h\000e\000r\000m\000a\000l\000\040\000L\000o\000i\000t\000e\000r\000\040\000F\000l\000o\000w}{part.2}% 50
\BOOKMARK [1][-]{section.19}{\376\377\000S\000u\000m\000m\000a\000r\000y\000\040\000T\000a\000b\000l\000e\000:\000\040\000A\000l\000l\000\040\000M\000o\000d\000i\000f\000i\000c\000a\000t\000i\000o\000n\000s\000\040\000t\000o\000\040\000N\000a\000v\000i\000g\000a\000t\000o\000r}{part.2}% 51
