\BOOKMARK [1][-]{section*.2}{\376\377\000L\000i\000s\000t\000\040\000o\000f\000\040\000S\000y\000m\000b\000o\000l\000s\000\040\000a\000n\000d\000\040\000A\000c\000r\000o\000n\000y\000m\000s}{}% 1
\BOOKMARK [0][-]{part.1}{\376\377\000I\000\040\000O\000r\000i\000g\000i\000n\000a\000l\000\040\000C\000o\000m\000m\000a\000n\000d\000e\000r\000\040\000S\000y\000s\000t\000e\000m}{}% 2
\BOOKMARK [1][-]{section.1}{\376\377\000M\000o\000d\000u\000l\000e\000\040\000P\000u\000r\000p\000o\000s\000e\000\040\000a\000n\000d\000\040\000A\000r\000c\000h\000i\000t\000e\000c\000t\000u\000r\000e}{part.1}% 3
\BOOKMARK [1][-]{section.2}{\376\377\000t\000a\000s\000k\000\137\000s\000p\000a\000w\000n\000\050\000\051}{part.1}% 4
\BOOKMARK [1][-]{section.3}{\376\377\000r\000u\000n\000\050\000\051\000\040\040\024\000\040\000T\000h\000e\000\040\000M\000a\000i\000n\000\040\000C\000o\000n\000t\000r\000o\000l\000\040\000L\000o\000o\000p}{part.1}% 5
\BOOKMARK [2][-]{subsection.3.1}{\376\377\000I\000n\000i\000t\000i\000a\000l\000i\000z\000a\000t\000i\000o\000n\000\040\000\050\000o\000n\000c\000e\000\040\000b\000e\000f\000o\000r\000e\000\040\000t\000h\000e\000\040\000l\000o\000o\000p\000\051}{section.3}% 6
\BOOKMARK [2][-]{subsection.3.2}{\376\377\000P\000e\000r\000-\000C\000y\000c\000l\000e\000\040\000S\000t\000e\000p\000s\000\040\000\050\000e\000x\000e\000c\000u\000t\000e\000d\000\040\000e\000v\000e\000r\000y\000\040\000i\000t\000e\000r\000a\000t\000i\000o\000n\000\051}{section.3}% 7
\BOOKMARK [1][-]{section.4}{\376\377\000N\000a\000v\000i\000g\000a\000t\000o\000r\000\040\000\040\000C\000o\000m\000m\000a\000n\000d\000e\000r\000\040\000D\000a\000t\000a\000\040\000F\000l\000o\000w}{part.1}% 8
\BOOKMARK [2][-]{subsection.4.1}{\376\377\000C\000h\000a\000n\000n\000e\000l\000\040\0001\000:\000\040\000v\000e\000h\000i\000c\000l\000e\000\137\000c\000o\000m\000m\000a\000n\000d\000\040\000\050\000a\000c\000t\000i\000v\000e\000\040\000c\000o\000m\000m\000a\000n\000d\000s\000\051}{section.4}% 9
\BOOKMARK [2][-]{subsection.4.2}{\376\377\000C\000h\000a\000n\000n\000e\000l\000\040\0002\000:\000\040\000m\000i\000s\000s\000i\000o\000n\000\137\000r\000e\000s\000u\000l\000t\000\040\000\050\000m\000i\000s\000s\000i\000o\000n\000\040\000s\000t\000a\000t\000e\000\040\000f\000e\000e\000d\000b\000a\000c\000k\000\051}{section.4}% 10
\BOOKMARK [2][-]{subsection.4.3}{\376\377\000C\000h\000a\000n\000n\000e\000l\000\040\0003\000:\000\040\000g\000e\000o\000f\000e\000n\000c\000e\000\137\000r\000e\000s\000u\000l\000t\000\040\000\050\000f\000e\000n\000c\000e\000\040\000v\000i\000o\000l\000a\000t\000i\000o\000n\000\051}{section.4}% 11
\BOOKMARK [2][-]{subsection.4.4}{\376\377\000C\000h\000a\000n\000n\000e\000l\000\040\0004\000:\000\040\000n\000a\000v\000i\000g\000a\000t\000o\000r\000\137\000s\000t\000a\000t\000u\000s\000\040\000\050\000N\000a\000v\000i\000g\000a\000t\000o\000r\000\040\000h\000e\000a\000l\000t\000h\000\051}{section.4}% 12
\BOOKMARK [2][-]{subsection.4.5}{\376\377\000S\000u\000m\000m\000a\000r\000y\000\040\000t\000a\000b\000l\000e}{section.4}% 13
\BOOKMARK [1][-]{section.5}{\376\377\000h\000a\000n\000d\000l\000e\000\137\000c\000o\000m\000m\000a\000n\000d\000\050\000\051\000\040\040\024\000\040\000A\000l\000l\000\040\000C\000o\000m\000m\000a\000n\000d\000\040\000T\000y\000p\000e\000s}{part.1}% 14
\BOOKMARK [2][-]{subsection.5.1}{\376\377\000V\000E\000H\000I\000C\000L\000E\000\137\000C\000M\000D\000\137\000D\000O\000\137\000S\000E\000T\000\137\000M\000O\000D\000E\000\040\000\050\0001\0007\0006\000\051}{section.5}% 15
\BOOKMARK [2][-]{subsection.5.2}{\376\377\000V\000E\000H\000I\000C\000L\000E\000\137\000C\000M\000D\000\137\000C\000O\000M\000P\000O\000N\000E\000N\000T\000\137\000A\000R\000M\000\137\000D\000I\000S\000A\000R\000M\000\040\000\050\0004\0000\0000\000\051}{section.5}% 16
\BOOKMARK [2][-]{subsection.5.3}{\376\377\000V\000E\000H\000I\000C\000L\000E\000\137\000C\000M\000D\000\137\000D\000O\000\137\000R\000E\000P\000O\000S\000I\000T\000I\000O\000N\000\040\000\050\0001\0009\0002\000\051}{section.5}% 17
\BOOKMARK [2][-]{subsection.5.4}{\376\377\000V\000E\000H\000I\000C\000L\000E\000\137\000C\000M\000D\000\137\000D\000O\000\137\000C\000H\000A\000N\000G\000E\000\137\000A\000L\000T\000I\000T\000U\000D\000E\000\040\000\050\0001\0008\0006\000\051}{section.5}% 18
\BOOKMARK [2][-]{subsection.5.5}{\376\377\000V\000E\000H\000I\000C\000L\000E\000\137\000C\000M\000D\000\137\000P\000R\000E\000F\000L\000I\000G\000H\000T\000\137\000C\000A\000L\000I\000B\000R\000A\000T\000I\000O\000N\000\040\000\050\0002\0004\0001\000\051}{section.5}% 19
\BOOKMARK [2][-]{subsection.5.6}{\376\377\000V\000E\000H\000I\000C\000L\000E\000\137\000C\000M\000D\000\137\000R\000U\000N\000\137\000P\000R\000E\000A\000R\000M\000\137\000C\000H\000E\000C\000K\000S\000\040\000\050\0004\0000\0001\000\051}{section.5}% 20
\BOOKMARK [2][-]{subsection.5.7}{\376\377\000V\000E\000H\000I\000C\000L\000E\000\137\000C\000M\000D\000\137\000P\000R\000E\000F\000L\000I\000G\000H\000T\000\137\000R\000E\000B\000O\000O\000T\000\137\000S\000H\000U\000T\000D\000O\000W\000N\000\040\000\050\0002\0004\0006\000\051}{section.5}% 21
\BOOKMARK [2][-]{subsection.5.8}{\376\377\000O\000t\000h\000e\000r\000\040\000C\000o\000m\000m\000a\000n\000d\000s\000\040\000P\000r\000o\000c\000e\000s\000s\000e\000d\000\040\000b\000y\000\040\000h\000a\000n\000d\000l\000e\000\137\000c\000o\000m\000m\000a\000n\000d}{section.5}% 22
\BOOKMARK [1][-]{section.6}{\376\377\000c\000u\000s\000t\000o\000m\000\137\000c\000o\000m\000m\000a\000n\000d\000\050\000\051\000\040\040\024\000\040\000A\000l\000l\000\040\000C\000L\000I\000\040\000C\000o\000m\000m\000a\000n\000d\000s}{part.1}% 23
\BOOKMARK [2][-]{subsection.6.1}{\376\377\000c\000a\000l\000i\000b\000r\000a\000t\000e}{section.6}% 24
\BOOKMARK [2][-]{subsection.6.2}{\376\377\000c\000h\000e\000c\000k}{section.6}% 25
\BOOKMARK [2][-]{subsection.6.3}{\376\377\000a\000r\000m\000\040\000/\000\040\000d\000i\000s\000a\000r\000m}{section.6}% 26
\BOOKMARK [2][-]{subsection.6.4}{\376\377\000t\000a\000k\000e\000o\000f\000f\000\040\000/\000\040\000l\000a\000n\000d}{section.6}% 27
\BOOKMARK [2][-]{subsection.6.5}{\376\377\000t\000r\000a\000n\000s\000i\000t\000i\000o\000n\000\040\000\050\000V\000T\000O\000L\000\051}{section.6}% 28
\BOOKMARK [2][-]{subsection.6.6}{\376\377\000m\000o\000d\000e}{section.6}% 29
\BOOKMARK [2][-]{subsection.6.7}{\376\377\000l\000o\000c\000k\000d\000o\000w\000n}{section.6}% 30
\BOOKMARK [2][-]{subsection.6.8}{\376\377\000p\000a\000i\000r}{section.6}% 31
\BOOKMARK [2][-]{subsection.6.9}{\376\377\000s\000e\000t\000\137\000e\000k\000f\000\137\000o\000r\000i\000g\000i\000n\000\040\000<\000l\000a\000t\000>\000\040\000<\000l\000o\000n\000>\000\040\000<\000a\000l\000t\000>}{section.6}% 32
\BOOKMARK [2][-]{subsection.6.10}{\376\377\000p\000o\000w\000e\000r\000o\000f\000f}{section.6}% 33
\BOOKMARK [1][-]{section.7}{\376\377\000e\000x\000e\000c\000u\000t\000e\000A\000c\000t\000i\000o\000n\000R\000e\000q\000u\000e\000s\000t\000\050\000\051}{part.1}% 34
\BOOKMARK [1][-]{section.8}{\376\377\000h\000a\000n\000d\000l\000e\000M\000o\000d\000e\000I\000n\000t\000e\000n\000t\000i\000o\000n\000A\000n\000d\000F\000a\000i\000l\000s\000a\000f\000e\000\050\000\051}{part.1}% 35
\BOOKMARK [1][-]{section.9}{\376\377\000u\000p\000d\000a\000t\000e\000C\000o\000n\000t\000r\000o\000l\000M\000o\000d\000e\000\050\000\051}{part.1}% 36
\BOOKMARK [1][-]{section.10}{\376\377\000c\000o\000n\000t\000r\000o\000l\000\137\000s\000t\000a\000t\000u\000s\000\137\000l\000e\000d\000s\000\050\000\051}{part.1}% 37
\BOOKMARK [1][-]{section.11}{\376\377\000d\000a\000t\000a\000L\000i\000n\000k\000C\000h\000e\000c\000k\000\050\000\051\000,\000\040\000m\000a\000n\000u\000a\000l\000C\000o\000n\000t\000r\000o\000l\000C\000h\000e\000c\000k\000\050\000\051\000,\000\040\000b\000a\000t\000t\000e\000r\000y\000\137\000s\000t\000a\000t\000u\000s\000\137\000c\000h\000e\000c\000k\000\050\000\051}{part.1}% 38
\BOOKMARK [2][-]{subsection.11.1}{\376\377\000d\000a\000t\000a\000L\000i\000n\000k\000C\000h\000e\000c\000k\000\050\000\051}{section.11}% 39
\BOOKMARK [2][-]{subsection.11.2}{\376\377\000m\000a\000n\000u\000a\000l\000C\000o\000n\000t\000r\000o\000l\000C\000h\000e\000c\000k\000\050\000\051}{section.11}% 40
\BOOKMARK [2][-]{subsection.11.3}{\376\377\000b\000a\000t\000t\000e\000r\000y\000\137\000s\000t\000a\000t\000u\000s\000\137\000c\000h\000e\000c\000k\000\050\000\051}{section.11}% 41
\BOOKMARK [1][-]{section.12}{\376\377\000O\000t\000h\000e\000r\000\040\000F\000u\000n\000c\000t\000i\000o\000n\000s}{part.1}% 42
\BOOKMARK [0][-]{part.2}{\376\377\000I\000I\000\040\000S\000o\000a\000r\000i\000n\000g\000-\000M\000o\000d\000e\000\040\000M\000o\000d\000i\000f\000i\000c\000a\000t\000i\000o\000n\000s}{}% 43
\BOOKMARK [1][-]{section.13}{\376\377\000O\000v\000e\000r\000v\000i\000e\000w\000\040\000o\000f\000\040\000C\000h\000a\000n\000g\000e\000s}{part.2}% 44
\BOOKMARK [1][-]{section.14}{\376\377\000M\000o\000d\000i\000f\000i\000c\000a\000t\000i\000o\000n\000\040\000C\0001\000:\000\040\000N\000e\000w\000\040\000C\000L\000I\000\040\000S\000o\000a\000r\000i\000n\000g\000\040\000C\000o\000m\000m\000a\000n\000d\000s}{part.2}% 45
\BOOKMARK [2][-]{subsection.14.1}{\376\377\000W\000h\000a\000t\000\040\000W\000a\000s\000\040\000A\000d\000d\000e\000d}{section.14}% 46
\BOOKMARK [2][-]{subsection.14.2}{\376\377\000T\000w\000o\000-\000C\000o\000m\000m\000a\000n\000d\000\040\000P\000a\000t\000t\000e\000r\000n}{section.14}% 47
\BOOKMARK [2][-]{subsection.14.3}{\376\377\000V\000E\000H\000I\000C\000L\000E\000\137\000C\000M\000D\000\137\000C\000U\000S\000T\000O\000M\000\137\0000\000\040\000P\000r\000o\000c\000e\000s\000s\000i\000n\000g\000\040\000\050\000i\000n\000\040\000f\000w\000\137\000p\000o\000s\000\137\000c\000o\000n\000t\000r\000o\000l\000\051}{section.14}% 48
\BOOKMARK [2][-]{subsection.14.4}{\376\377\000O\000v\000e\000r\000r\000i\000d\000e\000\040\000C\000l\000e\000a\000r\000i\000n\000g\000\040\000C\000o\000n\000d\000i\000t\000i\000o\000n\000s}{section.14}% 49
\BOOKMARK [1][-]{section.15}{\376\377\000M\000o\000d\000i\000f\000i\000c\000a\000t\000i\000o\000n\000\040\000C\0002\000:\000\040\000D\000O\000\137\000R\000E\000P\000O\000S\000I\000T\000I\000O\000N\000\040\000p\000a\000r\000a\000m\0002\000=\0000\000\040\000P\000a\000s\000s\000-\000T\000h\000r\000o\000u\000g\000h}{part.2}% 50
\BOOKMARK [2][-]{subsection.15.1}{\376\377\000O\000r\000i\000g\000i\000n\000a\000l\000\040\000B\000e\000h\000a\000v\000i\000o\000u\000r}{section.15}% 51
\BOOKMARK [2][-]{subsection.15.2}{\376\377\000M\000o\000d\000i\000f\000i\000e\000d\000\040\000B\000e\000h\000a\000v\000i\000o\000u\000r}{section.15}% 52
\BOOKMARK [2][-]{subsection.15.3}{\376\377\000I\000m\000p\000a\000c\000t\000\040\000o\000n\000\040\000N\000o\000n\000-\000S\000o\000a\000r\000i\000n\000g\000\040\000F\000l\000i\000g\000h\000t}{section.15}% 53
\BOOKMARK [1][-]{section.16}{\376\377\000S\000u\000m\000m\000a\000r\000y\000\040\000T\000a\000b\000l\000e\000:\000\040\000A\000l\000l\000\040\000M\000o\000d\000i\000f\000i\000c\000a\000t\000i\000o\000n\000s\000\040\000t\000o\000\040\000C\000o\000m\000m\000a\000n\000d\000e\000r}{part.2}% 54
