\BOOKMARK [1][-]{section.1}{\376\377\000R\000O\000M\000F\000S\000\040\000a\000n\000d\000\040\000P\000a\000r\000a\000m\000e\000t\000e\000r\000\040\000I\000n\000f\000r\000a\000s\000t\000r\000u\000c\000t\000u\000r\000e}{}% 1
\BOOKMARK [2][-]{subsection.1.1}{\376\377\000P\000X\0004\000\040\000P\000a\000r\000a\000m\000e\000t\000e\000r\000\040\000S\000y\000s\000t\000e\000m}{section.1}% 2
\BOOKMARK [2][-]{subsection.1.2}{\376\377\000R\000O\000M\000F\000S\000\040\000A\000i\000r\000f\000r\000a\000m\000e\000\040\000F\000i\000l\000e\000s}{section.1}% 3
\BOOKMARK [1][-]{section.2}{\376\377\000P\000a\000r\000a\000m\000e\000t\000e\000r\000\040\000D\000e\000f\000i\000n\000i\000t\000i\000o\000n\000s\000\040\000i\000n\000\040\000f\000w\000\137\000p\000a\000t\000h\000\137\000n\000a\000v\000i\000g\000a\000t\000i\000o\000n\000\137\000p\000a\000r\000a\000m\000s\000.\000c}{}% 4
\BOOKMARK [2][-]{subsection.2.1}{\376\377\000O\000r\000i\000g\000i\000n\000a\000l\000\040\000P\000a\000r\000a\000m\000e\000t\000e\000r\000s\000\040\000\050\000P\000o\000w\000e\000r\000e\000d\000-\000O\000n\000l\000y\000\051}{section.2}% 5
\BOOKMARK [2][-]{subsection.2.2}{\376\377\000R\000e\000m\000o\000v\000e\000d\000\040\000P\000a\000r\000a\000m\000e\000t\000e\000r\000:\000\040\000F\000W\000\137\000G\000L\000I\000D\000E\000\137\000M\000O\000D\000E}{section.2}% 6
\BOOKMARK [2][-]{subsection.2.3}{\376\377\000N\000e\000w\000\040\000S\000o\000a\000r\000i\000n\000g\000\040\000P\000a\000r\000a\000m\000e\000t\000e\000r\000s}{section.2}% 7
\BOOKMARK [3][-]{subsubsection.2.3.1}{\376\377\000F\000W\000\137\000G\000L\000I\000D\000E\000\137\000A\000I\000R\000S\000P\000D}{subsection.2.3}% 8
\BOOKMARK [3][-]{subsubsection.2.3.2}{\376\377\000F\000W\000\137\000P\000O\000L\000A\000R\000\137\000A}{subsection.2.3}% 9
\BOOKMARK [3][-]{subsubsection.2.3.3}{\376\377\000F\000W\000\137\000P\000O\000L\000A\000R\000\137\000B}{subsection.2.3}% 10
\BOOKMARK [3][-]{subsubsection.2.3.4}{\376\377\000B\000e\000s\000t\000-\000G\000l\000i\000d\000e\000\040\000D\000e\000r\000i\000v\000a\000t\000i\000o\000n\000\040\000f\000r\000o\000m\000\040\000A\000\040\000a\000n\000d\000\040\000B}{subsection.2.3}% 11
\BOOKMARK [3][-]{subsubsection.2.3.5}{\376\377\000F\000W\000\137\000G\000L\000I\000D\000E\000\137\000I\000\137\000D\000E\000C\000A\000Y}{subsection.2.3}% 12
\BOOKMARK [3][-]{subsubsection.2.3.6}{\376\377\000F\000W\000\137\000G\000L\000I\000D\000E\000\137\000R\000A\000M\000P\000\137\000T}{subsection.2.3}% 13
\BOOKMARK [3][-]{subsubsection.2.3.7}{\376\377\000F\000W\000\137\000T\000H\000E\000R\000M\000A\000L\000\137\000B\000A\000N\000K}{subsection.2.3}% 14
\BOOKMARK [3][-]{subsubsection.2.3.8}{\376\377\000F\000W\000\137\000A\000L\000T\000\137\000M\000I\000N\000\040\000a\000n\000d\000\040\000F\000W\000\137\000A\000L\000T\000\137\000M\000A\000X}{subsection.2.3}% 15
\BOOKMARK [1][-]{section.3}{\376\377\000R\000O\000M\000F\000S\000\040\000A\000i\000r\000f\000r\000a\000m\000e\000:\000\040\0004\0000\0000\0008\000\137\000g\000z\000\137\000a\000d\000v\000a\000n\000c\000e\000d\000\137\000p\000l\000a\000n\000e}{}% 16
\BOOKMARK [2][-]{subsection.3.1}{\376\377\000P\000u\000r\000p\000o\000s\000e}{section.3}% 17
\BOOKMARK [2][-]{subsection.3.2}{\376\377\000A\000d\000d\000e\000d\000\040\000P\000a\000r\000a\000m\000e\000t\000e\000r\000\040\000D\000e\000f\000a\000u\000l\000t\000s}{section.3}% 18
\BOOKMARK [2][-]{subsection.3.3}{\376\377\000J\000u\000s\000t\000i\000f\000i\000c\000a\000t\000i\000o\000n\000\040\000f\000o\000r\000\040\000D\000e\000f\000a\000u\000l\000t\000\040\000V\000a\000l\000u\000e\000s}{section.3}% 19
\BOOKMARK [1][-]{section.4}{\376\377\000C\000o\000m\000p\000l\000e\000t\000e\000\040\000P\000a\000r\000a\000m\000e\000t\000e\000r\000\040\000D\000e\000p\000e\000n\000d\000e\000n\000c\000y\000\040\000G\000r\000a\000p\000h}{}% 20
\BOOKMARK [1][-]{section.5}{\376\377\000S\000u\000m\000m\000a\000r\000y}{}% 21
