This is pdfTeX, Version 3.141592653-2.6-1.40.22 (TeX Live 2022/dev/Debian) (preloaded format=pdflatex 2026.3.31)  4 MAY 2026 22:53
entering extended mode
 restricted \write18 enabled.
 %&-line parsing enabled.
**report3_fw_pos_control.tex
(./report3_fw_pos_control.tex
LaTeX2e <2021-11-15> patch level 1
L3 programming layer <2022-01-21>
(/usr/share/texlive/texmf-dist/tex/latex/base/article.cls
Document Class: article 2021/10/04 v1.4n Standard LaTeX document class
(/usr/share/texlive/texmf-dist/tex/latex/base/size12.clo
File: size12.clo 2021/10/04 v1.4n Standard LaTeX file (size option)
)
\c@part=\count185
\c@section=\count186
\c@subsection=\count187
\c@subsubsection=\count188
\c@paragraph=\count189
\c@subparagraph=\count190
\c@figure=\count191
\c@table=\count192
\abovecaptionskip=\skip47
\belowcaptionskip=\skip48
\bibindent=\dimen138
)
(/usr/share/texlive/texmf-dist/tex/latex/base/inputenc.sty
Package: inputenc 2021/02/14 v1.3d Input encoding file
\inpenc@prehook=\toks16
\inpenc@posthook=\toks17
)
(/usr/share/texlive/texmf-dist/tex/latex/base/fontenc.sty
Package: fontenc 2021/04/29 v2.0v Standard LaTeX package
)
(/usr/share/texlive/texmf-dist/tex/latex/amsmath/amsmath.sty
Package: amsmath 2021/10/15 v2.17l AMS math features
\@mathmargin=\skip49

For additional information on amsmath, use the `?' option.
(/usr/share/texlive/texmf-dist/tex/latex/amsmath/amstext.sty
Package: amstext 2021/08/26 v2.01 AMS text

(/usr/share/texlive/texmf-dist/tex/latex/amsmath/amsgen.sty
File: amsgen.sty 1999/11/30 v2.0 generic functions
\@emptytoks=\toks18
\ex@=\dimen139
))
(/usr/share/texlive/texmf-dist/tex/latex/amsmath/amsbsy.sty
Package: amsbsy 1999/11/29 v1.2d Bold Symbols
\pmbraise@=\dimen140
)
(/usr/share/texlive/texmf-dist/tex/latex/amsmath/amsopn.sty
Package: amsopn 2021/08/26 v2.02 operator names
)
\inf@bad=\count193
LaTeX Info: Redefining \frac on input line 234.
\uproot@=\count194
\leftroot@=\count195
LaTeX Info: Redefining \overline on input line 399.
\classnum@=\count196
\DOTSCASE@=\count197
LaTeX Info: Redefining \ldots on input line 496.
LaTeX Info: Redefining \dots on input line 499.
LaTeX Info: Redefining \cdots on input line 620.
\Mathstrutbox@=\box50
\strutbox@=\box51
\big@size=\dimen141
LaTeX Font Info:    Redeclaring font encoding OML on input line 743.
LaTeX Font Info:    Redeclaring font encoding OMS on input line 744.
\macc@depth=\count198
\c@MaxMatrixCols=\count199
\dotsspace@=\muskip16
\c@parentequation=\count266
\dspbrk@lvl=\count267
\tag@help=\toks19
\row@=\count268
\column@=\count269
\maxfields@=\count270
\andhelp@=\toks20
\eqnshift@=\dimen142
\alignsep@=\dimen143
\tagshift@=\dimen144
\tagwidth@=\dimen145
\totwidth@=\dimen146
\lineht@=\dimen147
\@envbody=\toks21
\multlinegap=\skip50
\multlinetaggap=\skip51
\mathdisplay@stack=\toks22
LaTeX Info: Redefining \[ on input line 2938.
LaTeX Info: Redefining \] on input line 2939.
)
(/usr/share/texlive/texmf-dist/tex/latex/amsfonts/amssymb.sty
Package: amssymb 2013/01/14 v3.01 AMS font symbols

(/usr/share/texlive/texmf-dist/tex/latex/amsfonts/amsfonts.sty
Package: amsfonts 2013/01/14 v3.01 Basic AMSFonts support
\symAMSa=\mathgroup4
\symAMSb=\mathgroup5
LaTeX Font Info:    Redeclaring math symbol \hbar on input line 98.
LaTeX Font Info:    Overwriting math alphabet `\mathfrak' in version `bold'
(Font)                  U/euf/m/n --> U/euf/b/n on input line 106.
))
(/usr/share/texlive/texmf-dist/tex/latex/geometry/geometry.sty
Package: geometry 2020/01/02 v5.9 Page Geometry

(/usr/share/texlive/texmf-dist/tex/latex/graphics/keyval.sty
Package: keyval 2014/10/28 v1.15 key=value parser (DPC)
\KV@toks@=\toks23
)
(/usr/share/texlive/texmf-dist/tex/generic/iftex/ifvtex.sty
Package: ifvtex 2019/10/25 v1.7 ifvtex legacy package. Use iftex instead.

(/usr/share/texlive/texmf-dist/tex/generic/iftex/iftex.sty
Package: iftex 2020/03/06 v1.0d TeX engine tests
))
\Gm@cnth=\count271
\Gm@cntv=\count272
\c@Gm@tempcnt=\count273
\Gm@bindingoffset=\dimen148
\Gm@wd@mp=\dimen149
\Gm@odd@mp=\dimen150
\Gm@even@mp=\dimen151
\Gm@layoutwidth=\dimen152
\Gm@layoutheight=\dimen153
\Gm@layouthoffset=\dimen154
\Gm@layoutvoffset=\dimen155
\Gm@dimlist=\toks24
)
(/usr/share/texlive/texmf-dist/tex/latex/listings/listings.sty
\lst@mode=\count274
\lst@gtempboxa=\box52
\lst@token=\toks25
\lst@length=\count275
\lst@currlwidth=\dimen156
\lst@column=\count276
\lst@pos=\count277
\lst@lostspace=\dimen157
\lst@width=\dimen158
\lst@newlines=\count278
\lst@lineno=\count279
\lst@maxwidth=\dimen159

(/usr/share/texlive/texmf-dist/tex/latex/listings/lstmisc.sty
File: lstmisc.sty 2020/03/24 1.8d (Carsten Heinz)
\c@lstnumber=\count280
\lst@skipnumbers=\count281
\lst@framebox=\box53
)
(/usr/share/texlive/texmf-dist/tex/latex/listings/listings.cfg
File: listings.cfg 2020/03/24 1.8d listings configuration
))
Package: listings 2020/03/24 1.8d (Carsten Heinz)

(/usr/share/texlive/texmf-dist/tex/latex/xcolor/xcolor.sty
Package: xcolor 2021/10/31 v2.13 LaTeX color extensions (UK)

(/usr/share/texlive/texmf-dist/tex/latex/graphics-cfg/color.cfg
File: color.cfg 2016/01/02 v1.6 sample color configuration
)
Package xcolor Info: Driver file: pdftex.def on input line 227.

(/usr/share/texlive/texmf-dist/tex/latex/graphics-def/pdftex.def
File: pdftex.def 2020/10/05 v1.2a Graphics/color driver for pdftex
)
Package xcolor Info: Model `cmy' substituted by `cmy0' on input line 1352.
Package xcolor Info: Model `hsb' substituted by `rgb' on input line 1356.
Package xcolor Info: Model `RGB' extended on input line 1368.
Package xcolor Info: Model `HTML' substituted by `rgb' on input line 1370.
Package xcolor Info: Model `Hsb' substituted by `hsb' on input line 1371.
Package xcolor Info: Model `tHsb' substituted by `hsb' on input line 1372.
Package xcolor Info: Model `HSB' substituted by `hsb' on input line 1373.
Package xcolor Info: Model `Gray' substituted by `gray' on input line 1374.
Package xcolor Info: Model `wave' substituted by `hsb' on input line 1375.
)
(/usr/share/texlive/texmf-dist/tex/latex/hyperref/hyperref.sty
Package: hyperref 2021-06-07 v7.00m Hypertext links for LaTeX

(/usr/share/texlive/texmf-dist/tex/generic/ltxcmds/ltxcmds.sty
Package: ltxcmds 2020-05-10 v1.25 LaTeX kernel commands for general use (HO)
)
(/usr/share/texlive/texmf-dist/tex/generic/pdftexcmds/pdftexcmds.sty
Package: pdftexcmds 2020-06-27 v0.33 Utility functions of pdfTeX for LuaTeX (HO
)

(/usr/share/texlive/texmf-dist/tex/generic/infwarerr/infwarerr.sty
Package: infwarerr 2019/12/03 v1.5 Providing info/warning/error messages (HO)
)
Package pdftexcmds Info: \pdf@primitive is available.
Package pdftexcmds Info: \pdf@ifprimitive is available.
Package pdftexcmds Info: \pdfdraftmode found.
)
(/usr/share/texlive/texmf-dist/tex/generic/kvsetkeys/kvsetkeys.sty
Package: kvsetkeys 2019/12/15 v1.18 Key value parser (HO)
)
(/usr/share/texlive/texmf-dist/tex/generic/kvdefinekeys/kvdefinekeys.sty
Package: kvdefinekeys 2019-12-19 v1.6 Define keys (HO)
)
(/usr/share/texlive/texmf-dist/tex/generic/pdfescape/pdfescape.sty
Package: pdfescape 2019/12/09 v1.15 Implements pdfTeX's escape features (HO)
)
(/usr/share/texlive/texmf-dist/tex/latex/hycolor/hycolor.sty
Package: hycolor 2020-01-27 v1.10 Color options for hyperref/bookmark (HO)
)
(/usr/share/texlive/texmf-dist/tex/latex/letltxmacro/letltxmacro.sty
Package: letltxmacro 2019/12/03 v1.6 Let assignment for LaTeX macros (HO)
)
(/usr/share/texlive/texmf-dist/tex/latex/auxhook/auxhook.sty
Package: auxhook 2019-12-17 v1.6 Hooks for auxiliary files (HO)
)
(/usr/share/texlive/texmf-dist/tex/latex/kvoptions/kvoptions.sty
Package: kvoptions 2020-10-07 v3.14 Key value format for package options (HO)
)
\@linkdim=\dimen160
\Hy@linkcounter=\count282
\Hy@pagecounter=\count283

(/usr/share/texlive/texmf-dist/tex/latex/hyperref/pd1enc.def
File: pd1enc.def 2021-06-07 v7.00m Hyperref: PDFDocEncoding definition (HO)
Now handling font encoding PD1 ...
... no UTF-8 mapping file for font encoding PD1
)
(/usr/share/texlive/texmf-dist/tex/latex/hyperref/hyperref-langpatches.def
File: hyperref-langpatches.def 2021-06-07 v7.00m Hyperref: patches for babel la
nguages
)
(/usr/share/texlive/texmf-dist/tex/generic/intcalc/intcalc.sty
Package: intcalc 2019/12/15 v1.3 Expandable calculations with integers (HO)
)
(/usr/share/texlive/texmf-dist/tex/generic/etexcmds/etexcmds.sty
Package: etexcmds 2019/12/15 v1.7 Avoid name clashes with e-TeX commands (HO)
)
\Hy@SavedSpaceFactor=\count284

(/usr/share/texlive/texmf-dist/tex/latex/hyperref/puenc.def
File: puenc.def 2021-06-07 v7.00m Hyperref: PDF Unicode definition (HO)
Now handling font encoding PU ...
... no UTF-8 mapping file for font encoding PU
)
Package hyperref Info: Hyper figures OFF on input line 4192.
Package hyperref Info: Link nesting OFF on input line 4197.
Package hyperref Info: Hyper index ON on input line 4200.
Package hyperref Info: Plain pages OFF on input line 4207.
Package hyperref Info: Backreferencing OFF on input line 4212.
Package hyperref Info: Implicit mode ON; LaTeX internals redefined.
Package hyperref Info: Bookmarks ON on input line 4445.
\c@Hy@tempcnt=\count285

(/usr/share/texlive/texmf-dist/tex/latex/url/url.sty
\Urlmuskip=\muskip17
Package: url 2013/09/16  ver 3.4  Verb mode for urls, etc.
)
LaTeX Info: Redefining \url on input line 4804.
\XeTeXLinkMargin=\dimen161

(/usr/share/texlive/texmf-dist/tex/generic/bitset/bitset.sty
Package: bitset 2019/12/09 v1.3 Handle bit-vector datatype (HO)

(/usr/share/texlive/texmf-dist/tex/generic/bigintcalc/bigintcalc.sty
Package: bigintcalc 2019/12/15 v1.5 Expandable calculations on big integers (HO
)
))
\Fld@menulength=\count286
\Field@Width=\dimen162
\Fld@charsize=\dimen163
Package hyperref Info: Hyper figures OFF on input line 6076.
Package hyperref Info: Link nesting OFF on input line 6081.
Package hyperref Info: Hyper index ON on input line 6084.
Package hyperref Info: backreferencing OFF on input line 6091.
Package hyperref Info: Link coloring OFF on input line 6096.
Package hyperref Info: Link coloring with OCG OFF on input line 6101.
Package hyperref Info: PDF/A mode OFF on input line 6106.
LaTeX Info: Redefining \ref on input line 6146.
LaTeX Info: Redefining \pageref on input line 6150.

(/usr/share/texlive/texmf-dist/tex/latex/base/atbegshi-ltx.sty
Package: atbegshi-ltx 2021/01/10 v1.0c Emulation of the original atbegshi
package with kernel methods
)
\Hy@abspage=\count287
\c@Item=\count288
\c@Hfootnote=\count289
)
Package hyperref Info: Driver (autodetected): hpdftex.

(/usr/share/texlive/texmf-dist/tex/latex/hyperref/hpdftex.def
File: hpdftex.def 2021-06-07 v7.00m Hyperref driver for pdfTeX

(/usr/share/texlive/texmf-dist/tex/latex/base/atveryend-ltx.sty
Package: atveryend-ltx 2020/08/19 v1.0a Emulation of the original atveryend pac
kage
with kernel methods
)
\Fld@listcount=\count290
\c@bookmark@seq@number=\count291

(/usr/share/texlive/texmf-dist/tex/latex/rerunfilecheck/rerunfilecheck.sty
Package: rerunfilecheck 2019/12/05 v1.9 Rerun checks for auxiliary files (HO)

(/usr/share/texlive/texmf-dist/tex/generic/uniquecounter/uniquecounter.sty
Package: uniquecounter 2019/12/15 v1.4 Provide unlimited unique counter (HO)
)
Package uniquecounter Info: New unique counter `rerunfilecheck' on input line 2
86.
)
\Hy@SectionHShift=\skip52
)
(/usr/share/texlive/texmf-dist/tex/latex/booktabs/booktabs.sty
Package: booktabs 2020/01/12 v1.61803398 Publication quality tables
\heavyrulewidth=\dimen164
\lightrulewidth=\dimen165
\cmidrulewidth=\dimen166
\belowrulesep=\dimen167
\belowbottomsep=\dimen168
\aboverulesep=\dimen169
\abovetopsep=\dimen170
\cmidrulesep=\dimen171
\cmidrulekern=\dimen172
\defaultaddspace=\dimen173
\@cmidla=\count292
\@cmidlb=\count293
\@aboverulesep=\dimen174
\@belowrulesep=\dimen175
\@thisruleclass=\count294
\@lastruleclass=\count295
\@thisrulewidth=\dimen176
)
(/usr/share/texlive/texmf-dist/tex/latex/tools/array.sty
Package: array 2021/10/04 v2.5f Tabular extension package (FMi)
\col@sep=\dimen177
\ar@mcellbox=\box54
\extrarowheight=\dimen178
\NC@list=\toks26
\extratabsurround=\skip53
\backup@length=\skip54
\ar@cellbox=\box55
)
(/usr/share/texlive/texmf-dist/tex/latex/pgf/frontendlayer/tikz.sty
(/usr/share/texlive/texmf-dist/tex/latex/pgf/basiclayer/pgf.sty
(/usr/share/texlive/texmf-dist/tex/latex/pgf/utilities/pgfrcs.sty
(/usr/share/texlive/texmf-dist/tex/generic/pgf/utilities/pgfutil-common.tex
\pgfutil@everybye=\toks27
\pgfutil@tempdima=\dimen179
\pgfutil@tempdimb=\dimen180

(/usr/share/texlive/texmf-dist/tex/generic/pgf/utilities/pgfutil-common-lists.t
ex)) (/usr/share/texlive/texmf-dist/tex/generic/pgf/utilities/pgfutil-latex.def
\pgfutil@abb=\box56
) (/usr/share/texlive/texmf-dist/tex/generic/pgf/utilities/pgfrcs.code.tex
(/usr/share/texlive/texmf-dist/tex/generic/pgf/pgf.revision.tex)
Package: pgfrcs 2021/05/15 v3.1.9a (3.1.9a)
))
Package: pgf 2021/05/15 v3.1.9a (3.1.9a)

(/usr/share/texlive/texmf-dist/tex/latex/pgf/basiclayer/pgfcore.sty
(/usr/share/texlive/texmf-dist/tex/latex/graphics/graphicx.sty
Package: graphicx 2021/09/16 v1.2d Enhanced LaTeX Graphics (DPC,SPQR)

(/usr/share/texlive/texmf-dist/tex/latex/graphics/graphics.sty
Package: graphics 2021/03/04 v1.4d Standard LaTeX Graphics (DPC,SPQR)

(/usr/share/texlive/texmf-dist/tex/latex/graphics/trig.sty
Package: trig 2021/08/11 v1.11 sin cos tan (DPC)
)
(/usr/share/texlive/texmf-dist/tex/latex/graphics-cfg/graphics.cfg
File: graphics.cfg 2016/06/04 v1.11 sample graphics configuration
)
Package graphics Info: Driver file: pdftex.def on input line 107.
)
\Gin@req@height=\dimen181
\Gin@req@width=\dimen182
)
(/usr/share/texlive/texmf-dist/tex/latex/pgf/systemlayer/pgfsys.sty
(/usr/share/texlive/texmf-dist/tex/generic/pgf/systemlayer/pgfsys.code.tex
Package: pgfsys 2021/05/15 v3.1.9a (3.1.9a)

(/usr/share/texlive/texmf-dist/tex/generic/pgf/utilities/pgfkeys.code.tex
\pgfkeys@pathtoks=\toks28
\pgfkeys@temptoks=\toks29

(/usr/share/texlive/texmf-dist/tex/generic/pgf/utilities/pgfkeysfiltered.code.t
ex
\pgfkeys@tmptoks=\toks30
))
\pgf@x=\dimen183
\pgf@y=\dimen184
\pgf@xa=\dimen185
\pgf@ya=\dimen186
\pgf@xb=\dimen187
\pgf@yb=\dimen188
\pgf@xc=\dimen189
\pgf@yc=\dimen190
\pgf@xd=\dimen191
\pgf@yd=\dimen192
\w@pgf@writea=\write3
\r@pgf@reada=\read2
\c@pgf@counta=\count296
\c@pgf@countb=\count297
\c@pgf@countc=\count298
\c@pgf@countd=\count299
\t@pgf@toka=\toks31
\t@pgf@tokb=\toks32
\t@pgf@tokc=\toks33
\pgf@sys@id@count=\count300
 (/usr/share/texlive/texmf-dist/tex/generic/pgf/systemlayer/pgf.cfg
File: pgf.cfg 2021/05/15 v3.1.9a (3.1.9a)
)
Driver file for pgf: pgfsys-pdftex.def

(/usr/share/texlive/texmf-dist/tex/generic/pgf/systemlayer/pgfsys-pdftex.def
File: pgfsys-pdftex.def 2021/05/15 v3.1.9a (3.1.9a)

(/usr/share/texlive/texmf-dist/tex/generic/pgf/systemlayer/pgfsys-common-pdf.de
f
File: pgfsys-common-pdf.def 2021/05/15 v3.1.9a (3.1.9a)
)))
(/usr/share/texlive/texmf-dist/tex/generic/pgf/systemlayer/pgfsyssoftpath.code.
tex
File: pgfsyssoftpath.code.tex 2021/05/15 v3.1.9a (3.1.9a)
\pgfsyssoftpath@smallbuffer@items=\count301
\pgfsyssoftpath@bigbuffer@items=\count302
)
(/usr/share/texlive/texmf-dist/tex/generic/pgf/systemlayer/pgfsysprotocol.code.
tex
File: pgfsysprotocol.code.tex 2021/05/15 v3.1.9a (3.1.9a)
))
(/usr/share/texlive/texmf-dist/tex/generic/pgf/basiclayer/pgfcore.code.tex
Package: pgfcore 2021/05/15 v3.1.9a (3.1.9a)

(/usr/share/texlive/texmf-dist/tex/generic/pgf/math/pgfmath.code.tex
(/usr/share/texlive/texmf-dist/tex/generic/pgf/math/pgfmathcalc.code.tex
(/usr/share/texlive/texmf-dist/tex/generic/pgf/math/pgfmathutil.code.tex)
(/usr/share/texlive/texmf-dist/tex/generic/pgf/math/pgfmathparser.code.tex
\pgfmath@dimen=\dimen193
\pgfmath@count=\count303
\pgfmath@box=\box57
\pgfmath@toks=\toks34
\pgfmath@stack@operand=\toks35
\pgfmath@stack@operation=\toks36
)
(/usr/share/texlive/texmf-dist/tex/generic/pgf/math/pgfmathfunctions.code.tex
(/usr/share/texlive/texmf-dist/tex/generic/pgf/math/pgfmathfunctions.basic.code
.tex)
(/usr/share/texlive/texmf-dist/tex/generic/pgf/math/pgfmathfunctions.trigonomet
ric.code.tex)
(/usr/share/texlive/texmf-dist/tex/generic/pgf/math/pgfmathfunctions.random.cod
e.tex)
(/usr/share/texlive/texmf-dist/tex/generic/pgf/math/pgfmathfunctions.comparison
.code.tex)
(/usr/share/texlive/texmf-dist/tex/generic/pgf/math/pgfmathfunctions.base.code.
tex)
(/usr/share/texlive/texmf-dist/tex/generic/pgf/math/pgfmathfunctions.round.code
.tex)
(/usr/share/texlive/texmf-dist/tex/generic/pgf/math/pgfmathfunctions.misc.code.
tex)
(/usr/share/texlive/texmf-dist/tex/generic/pgf/math/pgfmathfunctions.integerari
thmetics.code.tex)))
(/usr/share/texlive/texmf-dist/tex/generic/pgf/math/pgfmathfloat.code.tex
\c@pgfmathroundto@lastzeros=\count304
))
(/usr/share/texlive/texmf-dist/tex/generic/pgf/math/pgfint.code.tex)
(/usr/share/texlive/texmf-dist/tex/generic/pgf/basiclayer/pgfcorepoints.code.te
x
File: pgfcorepoints.code.tex 2021/05/15 v3.1.9a (3.1.9a)
\pgf@picminx=\dimen194
\pgf@picmaxx=\dimen195
\pgf@picminy=\dimen196
\pgf@picmaxy=\dimen197
\pgf@pathminx=\dimen198
\pgf@pathmaxx=\dimen199
\pgf@pathminy=\dimen256
\pgf@pathmaxy=\dimen257
\pgf@xx=\dimen258
\pgf@xy=\dimen259
\pgf@yx=\dimen260
\pgf@yy=\dimen261
\pgf@zx=\dimen262
\pgf@zy=\dimen263
)
(/usr/share/texlive/texmf-dist/tex/generic/pgf/basiclayer/pgfcorepathconstruct.
code.tex
File: pgfcorepathconstruct.code.tex 2021/05/15 v3.1.9a (3.1.9a)
\pgf@path@lastx=\dimen264
\pgf@path@lasty=\dimen265
)
(/usr/share/texlive/texmf-dist/tex/generic/pgf/basiclayer/pgfcorepathusage.code
.tex
File: pgfcorepathusage.code.tex 2021/05/15 v3.1.9a (3.1.9a)
\pgf@shorten@end@additional=\dimen266
\pgf@shorten@start@additional=\dimen267
)
(/usr/share/texlive/texmf-dist/tex/generic/pgf/basiclayer/pgfcorescopes.code.te
x
File: pgfcorescopes.code.tex 2021/05/15 v3.1.9a (3.1.9a)
\pgfpic=\box58
\pgf@hbox=\box59
\pgf@layerbox@main=\box60
\pgf@picture@serial@count=\count305
)
(/usr/share/texlive/texmf-dist/tex/generic/pgf/basiclayer/pgfcoregraphicstate.c
ode.tex
File: pgfcoregraphicstate.code.tex 2021/05/15 v3.1.9a (3.1.9a)
\pgflinewidth=\dimen268
)
(/usr/share/texlive/texmf-dist/tex/generic/pgf/basiclayer/pgfcoretransformation
s.code.tex
File: pgfcoretransformations.code.tex 2021/05/15 v3.1.9a (3.1.9a)
\pgf@pt@x=\dimen269
\pgf@pt@y=\dimen270
\pgf@pt@temp=\dimen271
)
(/usr/share/texlive/texmf-dist/tex/generic/pgf/basiclayer/pgfcorequick.code.tex
File: pgfcorequick.code.tex 2021/05/15 v3.1.9a (3.1.9a)
)
(/usr/share/texlive/texmf-dist/tex/generic/pgf/basiclayer/pgfcoreobjects.code.t
ex
File: pgfcoreobjects.code.tex 2021/05/15 v3.1.9a (3.1.9a)
)
(/usr/share/texlive/texmf-dist/tex/generic/pgf/basiclayer/pgfcorepathprocessing
.code.tex
File: pgfcorepathprocessing.code.tex 2021/05/15 v3.1.9a (3.1.9a)
)
(/usr/share/texlive/texmf-dist/tex/generic/pgf/basiclayer/pgfcorearrows.code.te
x
File: pgfcorearrows.code.tex 2021/05/15 v3.1.9a (3.1.9a)
\pgfarrowsep=\dimen272
)
(/usr/share/texlive/texmf-dist/tex/generic/pgf/basiclayer/pgfcoreshade.code.tex
File: pgfcoreshade.code.tex 2021/05/15 v3.1.9a (3.1.9a)
\pgf@max=\dimen273
\pgf@sys@shading@range@num=\count306
\pgf@shadingcount=\count307
)
(/usr/share/texlive/texmf-dist/tex/generic/pgf/basiclayer/pgfcoreimage.code.tex
File: pgfcoreimage.code.tex 2021/05/15 v3.1.9a (3.1.9a)

(/usr/share/texlive/texmf-dist/tex/generic/pgf/basiclayer/pgfcoreexternal.code.
tex
File: pgfcoreexternal.code.tex 2021/05/15 v3.1.9a (3.1.9a)
\pgfexternal@startupbox=\box61
))
(/usr/share/texlive/texmf-dist/tex/generic/pgf/basiclayer/pgfcorelayers.code.te
x
File: pgfcorelayers.code.tex 2021/05/15 v3.1.9a (3.1.9a)
)
(/usr/share/texlive/texmf-dist/tex/generic/pgf/basiclayer/pgfcoretransparency.c
ode.tex
File: pgfcoretransparency.code.tex 2021/05/15 v3.1.9a (3.1.9a)
)
(/usr/share/texlive/texmf-dist/tex/generic/pgf/basiclayer/pgfcorepatterns.code.
tex
File: pgfcorepatterns.code.tex 2021/05/15 v3.1.9a (3.1.9a)
)
(/usr/share/texlive/texmf-dist/tex/generic/pgf/basiclayer/pgfcorerdf.code.tex
File: pgfcorerdf.code.tex 2021/05/15 v3.1.9a (3.1.9a)
)))
(/usr/share/texlive/texmf-dist/tex/generic/pgf/modules/pgfmoduleshapes.code.tex
File: pgfmoduleshapes.code.tex 2021/05/15 v3.1.9a (3.1.9a)
\pgfnodeparttextbox=\box62
) (/usr/share/texlive/texmf-dist/tex/generic/pgf/modules/pgfmoduleplot.code.tex
File: pgfmoduleplot.code.tex 2021/05/15 v3.1.9a (3.1.9a)
)
(/usr/share/texlive/texmf-dist/tex/latex/pgf/compatibility/pgfcomp-version-0-65
.sty
Package: pgfcomp-version-0-65 2021/05/15 v3.1.9a (3.1.9a)
\pgf@nodesepstart=\dimen274
\pgf@nodesepend=\dimen275
)
(/usr/share/texlive/texmf-dist/tex/latex/pgf/compatibility/pgfcomp-version-1-18
.sty
Package: pgfcomp-version-1-18 2021/05/15 v3.1.9a (3.1.9a)
)) (/usr/share/texlive/texmf-dist/tex/latex/pgf/utilities/pgffor.sty
(/usr/share/texlive/texmf-dist/tex/latex/pgf/utilities/pgfkeys.sty
(/usr/share/texlive/texmf-dist/tex/generic/pgf/utilities/pgfkeys.code.tex))
(/usr/share/texlive/texmf-dist/tex/latex/pgf/math/pgfmath.sty
(/usr/share/texlive/texmf-dist/tex/generic/pgf/math/pgfmath.code.tex))
(/usr/share/texlive/texmf-dist/tex/generic/pgf/utilities/pgffor.code.tex
Package: pgffor 2021/05/15 v3.1.9a (3.1.9a)

(/usr/share/texlive/texmf-dist/tex/generic/pgf/math/pgfmath.code.tex)
\pgffor@iter=\dimen276
\pgffor@skip=\dimen277
\pgffor@stack=\toks37
\pgffor@toks=\toks38
))
(/usr/share/texlive/texmf-dist/tex/generic/pgf/frontendlayer/tikz/tikz.code.tex
Package: tikz 2021/05/15 v3.1.9a (3.1.9a)

(/usr/share/texlive/texmf-dist/tex/generic/pgf/libraries/pgflibraryplothandlers
.code.tex
File: pgflibraryplothandlers.code.tex 2021/05/15 v3.1.9a (3.1.9a)
\pgf@plot@mark@count=\count308
\pgfplotmarksize=\dimen278
)
\tikz@lastx=\dimen279
\tikz@lasty=\dimen280
\tikz@lastxsaved=\dimen281
\tikz@lastysaved=\dimen282
\tikz@lastmovetox=\dimen283
\tikz@lastmovetoy=\dimen284
\tikzleveldistance=\dimen285
\tikzsiblingdistance=\dimen286
\tikz@figbox=\box63
\tikz@figbox@bg=\box64
\tikz@tempbox=\box65
\tikz@tempbox@bg=\box66
\tikztreelevel=\count309
\tikznumberofchildren=\count310
\tikznumberofcurrentchild=\count311
\tikz@fig@count=\count312

(/usr/share/texlive/texmf-dist/tex/generic/pgf/modules/pgfmodulematrix.code.tex
File: pgfmodulematrix.code.tex 2021/05/15 v3.1.9a (3.1.9a)
\pgfmatrixcurrentrow=\count313
\pgfmatrixcurrentcolumn=\count314
\pgf@matrix@numberofcolumns=\count315
)
\tikz@expandcount=\count316

(/usr/share/texlive/texmf-dist/tex/generic/pgf/frontendlayer/tikz/libraries/tik
zlibrarytopaths.code.tex
File: tikzlibrarytopaths.code.tex 2021/05/15 v3.1.9a (3.1.9a)
)))
(/usr/share/texlive/texmf-dist/tex/generic/pgf/libraries/pgflibraryarrows.meta.
code.tex
File: pgflibraryarrows.meta.code.tex 2021/05/15 v3.1.9a (3.1.9a)
\pgfarrowinset=\dimen287
\pgfarrowlength=\dimen288
\pgfarrowwidth=\dimen289
\pgfarrowlinewidth=\dimen290
)
(/usr/share/texlive/texmf-dist/tex/generic/pgf/frontendlayer/tikz/libraries/tik
zlibraryshapes.code.tex
File: tikzlibraryshapes.code.tex 2021/05/15 v3.1.9a (3.1.9a)

(/usr/share/texlive/texmf-dist/tex/generic/pgf/frontendlayer/tikz/libraries/tik
zlibraryshapes.geometric.code.tex
File: tikzlibraryshapes.geometric.code.tex 2021/05/15 v3.1.9a (3.1.9a)

(/usr/share/texlive/texmf-dist/tex/generic/pgf/libraries/shapes/pgflibraryshape
s.geometric.code.tex
File: pgflibraryshapes.geometric.code.tex 2021/05/15 v3.1.9a (3.1.9a)
))
(/usr/share/texlive/texmf-dist/tex/generic/pgf/frontendlayer/tikz/libraries/tik
zlibraryshapes.misc.code.tex
File: tikzlibraryshapes.misc.code.tex 2021/05/15 v3.1.9a (3.1.9a)

(/usr/share/texlive/texmf-dist/tex/generic/pgf/libraries/shapes/pgflibraryshape
s.misc.code.tex
File: pgflibraryshapes.misc.code.tex 2021/05/15 v3.1.9a (3.1.9a)
))
(/usr/share/texlive/texmf-dist/tex/generic/pgf/frontendlayer/tikz/libraries/tik
zlibraryshapes.symbols.code.tex
File: tikzlibraryshapes.symbols.code.tex 2021/05/15 v3.1.9a (3.1.9a)

(/usr/share/texlive/texmf-dist/tex/generic/pgf/libraries/shapes/pgflibraryshape
s.symbols.code.tex
File: pgflibraryshapes.symbols.code.tex 2021/05/15 v3.1.9a (3.1.9a)
))
(/usr/share/texlive/texmf-dist/tex/generic/pgf/frontendlayer/tikz/libraries/tik
zlibraryshapes.arrows.code.tex
File: tikzlibraryshapes.arrows.code.tex 2021/05/15 v3.1.9a (3.1.9a)

(/usr/share/texlive/texmf-dist/tex/generic/pgf/libraries/shapes/pgflibraryshape
s.arrows.code.tex
File: pgflibraryshapes.arrows.code.tex 2021/05/15 v3.1.9a (3.1.9a)
))
(/usr/share/texlive/texmf-dist/tex/generic/pgf/frontendlayer/tikz/libraries/tik
zlibraryshapes.callouts.code.tex
(/usr/share/texlive/texmf-dist/tex/generic/pgf/libraries/shapes/pgflibraryshape
s.callouts.code.tex))
(/usr/share/texlive/texmf-dist/tex/generic/pgf/frontendlayer/tikz/libraries/tik
zlibraryshapes.multipart.code.tex
File: tikzlibraryshapes.multipart.code.tex 2021/05/15 v3.1.9a (3.1.9a)

(/usr/share/texlive/texmf-dist/tex/generic/pgf/libraries/shapes/pgflibraryshape
s.multipart.code.tex
File: pgflibraryshapes.multipart.code.tex 2021/05/15 v3.1.9a (3.1.9a)
\pgfnodepartlowerbox=\box67
\pgfnodeparttwobox=\box68
\pgfnodepartthreebox=\box69
\pgfnodepartfourbox=\box70
\pgfnodeparttwentybox=\box71
\pgfnodepartnineteenbox=\box72
\pgfnodeparteighteenbox=\box73
\pgfnodepartseventeenbox=\box74
\pgfnodepartsixteenbox=\box75
\pgfnodepartfifteenbox=\box76
\pgfnodepartfourteenbox=\box77
\pgfnodepartthirteenbox=\box78
\pgfnodeparttwelvebox=\box79
\pgfnodepartelevenbox=\box80
\pgfnodeparttenbox=\box81
\pgfnodepartninebox=\box82
\pgfnodeparteightbox=\box83
\pgfnodepartsevenbox=\box84
\pgfnodepartsixbox=\box85
\pgfnodepartfivebox=\box86
)))
(/usr/share/texlive/texmf-dist/tex/generic/pgf/frontendlayer/tikz/libraries/tik
zlibrarypositioning.code.tex
File: tikzlibrarypositioning.code.tex 2021/05/15 v3.1.9a (3.1.9a)
)
(/usr/share/texlive/texmf-dist/tex/generic/pgf/frontendlayer/tikz/libraries/tik
zlibrarycalc.code.tex
File: tikzlibrarycalc.code.tex 2021/05/15 v3.1.9a (3.1.9a)
)
(/usr/share/texlive/texmf-dist/tex/latex/l3backend/l3backend-pdftex.def
File: l3backend-pdftex.def 2022-01-12 L3 backend support: PDF output (pdfTeX)
\l__color_backend_stack_int=\count317
\l__pdf_internal_box=\box87
)
(./report3_fw_pos_control.aux)
\openout1 = `report3_fw_pos_control.aux'.

LaTeX Font Info:    Checking defaults for OML/cmm/m/it on input line 35.
LaTeX Font Info:    ... okay on input line 35.
LaTeX Font Info:    Checking defaults for OMS/cmsy/m/n on input line 35.
LaTeX Font Info:    ... okay on input line 35.
LaTeX Font Info:    Checking defaults for OT1/cmr/m/n on input line 35.
LaTeX Font Info:    ... okay on input line 35.
LaTeX Font Info:    Checking defaults for T1/cmr/m/n on input line 35.
LaTeX Font Info:    ... okay on input line 35.
LaTeX Font Info:    Checking defaults for TS1/cmr/m/n on input line 35.
LaTeX Font Info:    ... okay on input line 35.
LaTeX Font Info:    Checking defaults for OMX/cmex/m/n on input line 35.
LaTeX Font Info:    ... okay on input line 35.
LaTeX Font Info:    Checking defaults for U/cmr/m/n on input line 35.
LaTeX Font Info:    ... okay on input line 35.
LaTeX Font Info:    Checking defaults for PD1/pdf/m/n on input line 35.
LaTeX Font Info:    ... okay on input line 35.
LaTeX Font Info:    Checking defaults for PU/pdf/m/n on input line 35.
LaTeX Font Info:    ... okay on input line 35.

*geometry* driver: auto-detecting
*geometry* detected driver: pdftex
*geometry* verbose mode - [ preamble ] result:
* driver: pdftex
* paper: a4paper
* layout: <same size as paper>
* layoutoffset:(h,v)=(0.0pt,0.0pt)
* modes: 
* h-part:(L,W,R)=(71.13188pt, 455.24411pt, 71.13188pt)
* v-part:(T,H,B)=(71.13188pt, 702.78308pt, 71.13188pt)
* \paperwidth=597.50787pt
* \paperheight=845.04684pt
* \textwidth=455.24411pt
* \textheight=702.78308pt
* \oddsidemargin=-1.1381pt
* \evensidemargin=-1.1381pt
* \topmargin=-38.1381pt
* \headheight=12.0pt
* \headsep=25.0pt
* \topskip=12.0pt
* \footskip=30.0pt
* \marginparwidth=35.0pt
* \marginparsep=10.0pt
* \columnsep=10.0pt
* \skip\footins=10.8pt plus 4.0pt minus 2.0pt
* \hoffset=0.0pt
* \voffset=0.0pt
* \mag=1000
* \@twocolumnfalse
* \@twosidefalse
* \@mparswitchfalse
* \@reversemarginfalse
* (1in=72.27pt=25.4mm, 1cm=28.453pt)

\c@lstlisting=\count318
(/usr/share/texlive/texmf-dist/tex/context/base/mkii/supp-pdf.mkii
[Loading MPS to PDF converter (version 2006.09.02).]
\scratchcounter=\count319
\scratchdimen=\dimen291
\scratchbox=\box88
\nofMPsegments=\count320
\nofMParguments=\count321
\everyMPshowfont=\toks39
\MPscratchCnt=\count322
\MPscratchDim=\dimen292
\MPnumerator=\count323
\makeMPintoPDFobject=\count324
\everyMPtoPDFconversion=\toks40
) (/usr/share/texlive/texmf-dist/tex/latex/epstopdf-pkg/epstopdf-base.sty
Package: epstopdf-base 2020-01-24 v2.11 Base part for package epstopdf
Package epstopdf-base Info: Redefining graphics rule for `.eps' on input line 4
85.

(/usr/share/texlive/texmf-dist/tex/latex/latexconfig/epstopdf-sys.cfg
File: epstopdf-sys.cfg 2010/07/13 v1.3 Configuration of (r)epstopdf for TeX Liv
e
))
Package hyperref Info: Link coloring OFF on input line 35.

(/usr/share/texlive/texmf-dist/tex/latex/hyperref/nameref.sty
Package: nameref 2021-04-02 v2.47 Cross-referencing by name of section

(/usr/share/texlive/texmf-dist/tex/latex/refcount/refcount.sty
Package: refcount 2019/12/15 v3.6 Data extraction from label references (HO)
)
(/usr/share/texlive/texmf-dist/tex/generic/gettitlestring/gettitlestring.sty
Package: gettitlestring 2019/12/15 v1.6 Cleanup title references (HO)
)
\c@section@level=\count325
)
LaTeX Info: Redefining \ref on input line 35.
LaTeX Info: Redefining \pageref on input line 35.
LaTeX Info: Redefining \nameref on input line 35.

(./report3_fw_pos_control.out) (./report3_fw_pos_control.out)
\@outlinefile=\write4
\openout4 = `report3_fw_pos_control.out'.

LaTeX Font Info:    Trying to load font information for U+msa on input line 37.


(/usr/share/texlive/texmf-dist/tex/latex/amsfonts/umsa.fd
File: umsa.fd 2013/01/14 v3.01 AMS symbols A
)
LaTeX Font Info:    Trying to load font information for U+msb on input line 37.


(/usr/share/texlive/texmf-dist/tex/latex/amsfonts/umsb.fd
File: umsb.fd 2013/01/14 v3.01 AMS symbols B
)
(./report3_fw_pos_control.toc [1

{/var/lib/texmf/fonts/map/pdftex/updmap/pdftex.map}]
Overfull \hbox (2.8823pt too wide) in paragraph at lines 58--58
 [][] [][]\T1/cmr/m/n/12 AutosoaringStatus pub-li-ca-tion, 1Hz in-hibit re-pub-
lish, and 2Hz phase heart- 
 []


Overfull \hbox (30.32605pt too wide) in paragraph at lines 59--59
 [] [][]\T1/cmr/bx/n/12 Change 2: ve-hi-cle_command_poll() --- CUS-TOM_0 and DO
_SET_MODE[] []  
 []

[2])
\tf@toc=\write5
\openout5 = `report3_fw_pos_control.toc'.

 [3]
LaTeX Font Info:    Trying to load font information for T1+cmtt on input line 5
9.
 (/usr/share/texlive/texmf-dist/tex/latex/base/t1cmtt.fd
File: t1cmtt.fd 2019/12/16 v2.5j Standard LaTeX font definitions
)
Overfull \hbox (27.23087pt too wide) in paragraph at lines 79--89
 [] 
 []

[4]
Overfull \hbox (4.23618pt too wide) in paragraph at lines 116--122
 [] 
 []


Overfull \hbox (3.32384pt too wide) in paragraph at lines 138--143
 [] 
 []

[5]
Overfull \hbox (42.751pt too wide) in paragraph at lines 146--157
 [] 
 []


Overfull \hbox (68.32268pt too wide) in paragraph at lines 160--178
 [] 
 []


Overfull \hbox (76.12845pt too wide) in paragraph at lines 181--192
 [] 
 []

[6] [7]
Overfull \hbox (24.0297pt too wide) in paragraph at lines 243--245
[]\T1/cmr/bx/n/12 Parameter up-date: \T1/cmr/m/n/12 if \T1/cmtt/m/n/12 paramete
r_update \T1/cmr/m/n/12 uORB up-dated, call \T1/cmtt/m/n/12 parameters_update()
\T1/cmr/m/n/12 . 
 []


Overfull \hbox (21.05452pt too wide) in paragraph at lines 245--249
[]\T1/cmr/bx/n/12 DDS soar-ing poll: \T1/cmr/m/n/12 check \T1/cmtt/m/n/12 autos
oaring_control \T1/cmr/m/n/12 uORB; ap-ply in-hibit/over-ride/watch-
 []


Overfull \hbox (3.10303pt too wide) in paragraph at lines 245--249
\T1/cmr/m/n/12 dog logic; op-tion-ally re-pub-lish \T1/cmtt/m/n/12 autosoaring_
status \T1/cmr/m/n/12 at 1Hz while the post-\T1/cmtt/m/n/12 soar:off
 []


Overfull \hbox (1.70575pt too wide) in paragraph at lines 261--266
[]\T1/cmr/m/n/12 Offboard (\T1/cmtt/m/n/12 flag_control_offboard_enabled\T1/cmr
/m/n/12 ): con-vert \T1/cmtt/m/n/12 trajectory_setpoint
 []

[8]
Overfull \hbox (34.15434pt too wide) in paragraph at lines 274--278
\T1/cmtt/m/n/12 vehicle_attitude_poll()\T1/cmr/m/n/12 , \T1/cmtt/m/n/12 vehicle
_command_poll()\T1/cmr/m/n/12 , \T1/cmtt/m/n/12 vehicle_control_mode_poll()\T1/
cmr/m/n/12 ,
 []


Overfull \hbox (36.59636pt too wide) in paragraph at lines 299--302
[]\T1/cmr/bx/n/12 Post-dispatch: \T1/cmr/m/n/12 throt-tle slew-rate gate; \T1/c
mtt/m/n/12 status_publish()\T1/cmr/m/n/12 ; \T1/cmtt/m/n/12 landing_status_publ
ish()\T1/cmr/m/n/12 ;
 []

[9]
Overfull \hbox (60.53629pt too wide) in paragraph at lines 362--364
[]\T1/cmr/m/n/12 Read quater-nion $\OT1/cmr/bx/n/12 q$ \T1/cmr/m/n/12 from \T1/
cmtt/m/n/12 vehicle_attitude\T1/cmr/m/n/12 ; read body rates from \T1/cmtt/m/n/
12 vehicle_angular_velocity\T1/cmr/m/n/12 . 
 []

[10]
Overfull \hbox (42.90645pt too wide) in paragraph at lines 394--399
 []\T1/cmr/bx/n/12 DO_GO_AROUND[] \T1/cmr/m/n/12 Aborts land-ing if in \T1/cmtt
/m/n/12 FW_POSCTRL_MODE_AUTO \T1/cmr/m/n/12 with \T1/cmtt/m/n/12 SETPOINT_TYPE_
LAND
 []


Overfull \hbox (14.84607pt too wide) in paragraph at lines 394--399
\T1/cmr/m/n/12 and po-si-tion con-trol is en-abled. Calls \T1/cmtt/m/n/12 updat
eLandingAbortStatus(ABORTED_BY_OPERATOR)\T1/cmr/m/n/12 ,
 []


Overfull \hbox (112.22627pt too wide) in paragraph at lines 403--405
[]\T1/cmr/m/n/12 Auto mode: over-rides \T1/cmtt/m/n/12 pos_sp_triplet.current.c
ruising_speed \T1/cmr/m/n/12 (used by \T1/cmtt/m/n/12 adapt_airspeed_setpoint\T
1/cmr/m/n/12 ). 
 []


Overfull \hbox (127.5489pt too wide) in paragraph at lines 405--407
[]\T1/cmr/m/n/12 Manual mode: stores \T1/cmtt/m/n/12 _commanded_manual_airspeed
_setpoint \T1/cmr/m/n/12 (used by \T1/cmtt/m/n/12 get_manual_airspeed_setpoint\
T1/cmr/m/n/12 ). 
 []


Overfull \hbox (44.26845pt too wide) in paragraph at lines 410--412
 []\T1/cmr/bx/n/12 DO_SET_MODE[] \T1/cmr/m/n/12 In the orig-i-nal sys-tem: no s
pe-cific han-dling in \T1/cmtt/m/n/12 FixedwingPositionControl
 []

[11]
Overfull \hbox (82.2725pt too wide) in paragraph at lines 474--479
\T1/cmr/m/n/12 lim-its from the aero-dy-namic po-lars and \T1/cmtt/m/n/12 FW_T_
CLMB_MAX\T1/cmr/m/n/12 , \T1/cmtt/m/n/12 FW_T_SINK_MIN\T1/cmr/m/n/12 . On ev-er
y \T1/cmtt/m/n/12 parameters_update()
 []


Overfull \hbox (24.79716pt too wide) in paragraph at lines 489--506
 [] 
 []

[12] (/usr/share/texlive/texmf-dist/tex/latex/listings/lstlang1.sty
File: lstlang1.sty 2020/03/24 1.8d listings language file
)
(/usr/share/texlive/texmf-dist/tex/latex/listings/lstlang1.sty
File: lstlang1.sty 2020/03/24 1.8d listings language file
)
(/usr/share/texlive/texmf-dist/tex/latex/listings/lstmisc.sty
File: lstmisc.sty 2020/03/24 1.8d (Carsten Heinz)
)
LaTeX Font Info:    Font shape `T1/cmtt/bx/n' in size <10> not available
(Font)              Font shape `T1/cmtt/m/n' tried instead on input line 526.
 [13] [14]
Overfull \hbox (11.68414pt too wide) in paragraph at lines 656--661
[]\OT1/cmr/m/n/12 (\OML/cmm/m/it/12 V[]; V[]\OT1/cmr/m/n/12 )$\T1/cmr/m/n/12 . 
If the cur-rent state is be-low $\OML/cmm/m/it/12 V[]$ \T1/cmr/m/n/12 (e.g. min
-i-mum changed),
 []


Overfull \hbox (44.7127pt too wide) in paragraph at lines 662--665
[]\T1/cmr/bx/n/12 Slew-rate up-date: $\OML/cmm/m/it/12 V[] \OT1/cmr/m/n/12 = []
(\OML/cmm/m/it/12 V[]; \OT1/cmr/m/n/12 ^^A\OML/cmm/m/it/12 t\OT1/cmr/m/n/12 )$ 
\T1/cmr/m/n/12 with rate limit \T1/cmtt/m/n/12 ASPD_SP_SLEW_RATE
 []


Overfull \hbox (6.87215pt too wide) in paragraph at lines 683--685
[]\T1/cmr/bx/n/12 Airspeed over-ride \T1/cmr/m/n/12 (\T1/cmtt/m/n/12 DO_CHANGE_
SPEED \T1/cmr/m/n/12 re-ceived): use the com-manded value clamped
 []

[15]
Overfull \hbox (2.74619pt too wide) in paragraph at lines 731--735
[]\T1/cmr/bx/n/12 Step 4: Height-rate over-ride. \T1/cmr/m/n/12 If the caller p
ro-vides a fi-nite \T1/cmtt/m/n/12 height_rate_setpoint\T1/cmr/m/n/12 ,
 []

[16]
Overfull \hbox (0.23341pt too wide) in paragraph at lines 814--819
[]\T1/cmr/bx/n/12 Airspeed set-point: \T1/cmtt/m/n/12 adapt_airspeed_setpoint(p
os_sp_curr.cruising_speed,
 []

[17]
Overfull \hbox (2.73189pt too wide) in paragraph at lines 894--894
[]\T1/cmr/bx/n/17.28 control_auto_fixed_bank_alt_hold() --- GPS Fail-
 []

[18] [19]
Overfull \hbox (10.3865pt too wide) in paragraph at lines 971--972
[]\T1/cmr/m/n/12 Airspeed set-point: \T1/cmtt/m/n/12 adapt_airspeed_setpoint(ge
t_manual_airspeed_setpoint(),
 []


Overfull \hbox (94.69432pt too wide) in paragraph at lines 990--994
[]\T1/cmr/bx/n/12 Heading hold en-gage-ment con-di-tion: \T1/cmr/m/n/12 Stick r
oll and yaw both be-low \T1/cmtt/m/n/12 HDG_HOLD_MAN_INPUT_THRESH
 []


Overfull \hbox (70.34698pt too wide) in paragraph at lines 1008--1008
[]\T1/cmr/bx/n/17.28 control_backtransition_heading_hold() and _line_follow() 
 []

[20]
Overfull \hbox (149.4584pt too wide) in paragraph at lines 1059--1071
 [] 
 []

[21] [22]
Overfull \hbox (10.2919pt too wide) in paragraph at lines 1121--1126
\T1/cmr/m/n/12 thor-ity. When set, DDS mes-sages are re-ceived but do \T1/cmr/m
/it/12 not \T1/cmr/m/n/12 over-write \T1/cmtt/m/n/12 _autosoaring_control\T1/cm
r/m/n/12 .
 []


Package hyperref Warning: Token not allowed in a PDF string (Unicode):
(hyperref)                removing `\leavevmode@ifvmode' on input line 1154.


Package hyperref Warning: Token not allowed in a PDF string (Unicode):
(hyperref)                \kern 1.95827pt
(hyperref)                removed on input line 1154.


Package hyperref Warning: Token not allowed in a PDF string (Unicode):
(hyperref)                removing `\leavevmode@ifvmode' on input line 1154.


Package hyperref Warning: Token not allowed in a PDF string (Unicode):
(hyperref)                \kern 1.95827pt
(hyperref)                removed on input line 1154.


Overfull \hbox (95.69933pt too wide) in paragraph at lines 1156--1165
\T1/cmr/m/n/12 On CLI \T1/cmtt/m/n/12 soar:off \T1/cmr/m/n/12 (\T1/cmtt/m/n/12 
CUSTOM_0 \T1/cmr/m/n/12 with mode 0), af-ter TECS glid-ing is dis-abled, \T1/cm
tt/m/n/12 publish_autosoaring_status()
 []


Overfull \hbox (51.0545pt too wide) in paragraph at lines 1156--1165
\T1/cmr/m/n/12 is called with \T1/cmtt/m/n/12 SOURCE_CLI_SOARING_OFF\T1/cmr/m/n
/12 , the ef-fec-tive \T1/cmtt/m/n/12 soaring_mode \T1/cmr/m/n/12 (\T1/cmtt/m/n
/12 OFF\T1/cmr/m/n/12 ), \T1/cmtt/m/n/12 dds_inhibit_until_us
 []


Overfull \hbox (15.5983pt too wide) in paragraph at lines 1156--1165
\T1/cmr/m/n/12 equal to \T1/cmtt/m/n/12 hrt_absolute_time() + 5s\T1/cmr/m/n/12 
, and \T1/cmtt/m/n/12 fmu_soaring_phase = SOARING_PHASE_CRUISE\T1/cmr/m/n/12 .
 []

[23]
Overfull \hbox (38.07082pt too wide) in paragraph at lines 1180--1184
\T1/cmr/m/n/12 call (in-side the position-control rate loop at $\OMS/cmsy/m/n/1
2 ^^Y \OT1/cmr/m/n/12 50$\T1/cmr/m/n/12 Hz), de-rived from the cur-rent \T1/cmt
t/m/n/12 effective_glide\T1/cmr/m/n/12 /
 []


Overfull \hbox (88.46207pt too wide) in paragraph at lines 1209--1211
[]\T1/cmr/m/n/12 The uORB topic is listed un-der \T1/cmtt/m/n/12 publications \
T1/cmr/m/n/12 in \T1/cmtt/m/n/12 dds_topics.yaml \T1/cmr/m/n/12 as \T1/cmtt/m/n
/12 /fmu/out/autosoaring_status\T1/cmr/m/n/12 . 
 []


Overfull \hbox (10.74548pt too wide) in paragraph at lines 1213--1213
[]\T1/cmr/bx/n/17.28 Change 2: ve-hi-cle_command_poll() --- CUS-TOM_0
 []


Overfull \hbox (55.34088pt too wide) in paragraph at lines 1235--1237
[]\T1/cmr/m/n/12 Reset DO_REPOSITION de-bounce (\T1/cmtt/m/n/12 _soaring_mode_c
md_last_us = 0\T1/cmr/m/n/12 , \T1/cmtt/m/n/12 _soaring_last_lat
 []

[24]
Overfull \hbox (4.74765pt too wide) in paragraph at lines 1244--1246
[]\T1/cmr/m/n/12 Publish \T1/cmtt/m/n/12 autosoaring_status \T1/cmr/m/n/12 (\T1
/cmtt/m/n/12 SOURCE_CLI_SOARING_OFF\T1/cmr/m/n/12 , in-hibit dead-line) and see
d
 []


Overfull \hbox (50.96925pt too wide) in paragraph at lines 1252--1256
\T1/cmr/m/n/12 quence): the mode switch IS part of soar-ing ac-ti-va-tion. Con-
sume \T1/cmtt/m/n/12 _soaring_expect_set_mode
 []

[25]
Overfull \hbox (9.95772pt too wide) in paragraph at lines 1296--1301
\T1/cmr/m/n/12 the \T1/cmtt/m/n/12 FW_ALT_MIN \T1/cmr/m/n/12 check by-passed (t
he old code guarded it with \T1/cmtt/m/n/12 !_soaring_local_override\T1/cmr/m/n
/12 ).
 []

[26]
Overfull \hbox (121.51361pt too wide) in paragraph at lines 1376--1379
 []\T1/cmr/bx/n/12 Design ra-tio-nale.[] \T1/cmr/m/n/12 The latch pre-vents rap
id cy-cling near the floor al-ti-tude: once \T1/cmtt/m/n/12 _soaring_forbidden_
latched
 []

[27] [28] [29]
Overfull \hbox (11.82755pt too wide) in paragraph at lines 1600--1600
[]\T1/cmr/bx/n/14.4 Step 9: Glide Exit --- DO_SET_MODE $\OMS/cmsy/m/n/14.4 !$ \
T1/cmr/bx/n/14.4 AUTO_MISSION 
 []


Package hyperref Warning: Token not allowed in a PDF string (Unicode):
(hyperref)                removing `math shift' on input line 1600.


Package hyperref Warning: Token not allowed in a PDF string (Unicode):
(hyperref)                removing `\to' on input line 1600.


Package hyperref Warning: Token not allowed in a PDF string (Unicode):
(hyperref)                removing `math shift' on input line 1600.

[30]
LaTeX Font Info:    Font shape `T1/cmtt/bx/n' in size <12> not available
(Font)              Font shape `T1/cmtt/m/n' tried instead on input line 1640.

Overfull \hbox (94.04132pt too wide) in paragraph at lines 1652--1657
\T1/cmr/m/n/12 fore pub-lish-ing en-sures that when the pub-lished \T1/cmtt/m/n
/12 DO_SET_MODE \T1/cmr/m/n/12 loops back through \T1/cmtt/m/n/12 vehicle_comma
nd_poll()\T1/cmr/m/n/12 ,
 []

[31] [32]
Overfull \hbox (1.25337pt too wide) in paragraph at lines 1802--1802
[]|\T1/cmr/m/n/12 #| 
 []


Underfull \hbox (badness 1895) in paragraph at lines 1802--1802
[]|\T1/cmr/m/n/12 Function / Fea-
 []


Underfull \hbox (badness 10000) in paragraph at lines 1804--1805
[]|\T1/cmr/m/n/12 DDS poll + in-
 []


Underfull \hbox (badness 4048) in paragraph at lines 1806--1806
[]|\T1/cmr/m/n/12 Staleness watch-
 []


Underfull \hbox (badness 1142) in paragraph at lines 1806--1807
[]|\T1/cmr/m/n/12 2s si-lence $\OMS/cmsy/m/n/12 )$ \T1/cmr/m/n/12 SOAR-
 []


Overfull \hbox (32.42113pt too wide) in paragraph at lines 1807--1807
[]|\T1/cmtt/m/n/12 vehicle_command_poll
 []


Overfull \hbox (5.19994pt too wide) in paragraph at lines 1808--1808
[]|\T1/cmr/m/n/12 DO_SET_MODE
 []


Underfull \hbox (badness 10000) in paragraph at lines 1808--1809
[]|\T1/cmr/m/n/12 Pairing de-tec-tion +
 []


Overfull \hbox (26.24763pt too wide) in paragraph at lines 1809--1809
[]|\T1/cmtt/m/n/12 parameters_update()| 
 []


Underfull \hbox (badness 10000) in paragraph at lines 1811--1812
[]|\T1/cmr/m/n/12 Latch be-low
 []


Underfull \hbox (badness 10000) in paragraph at lines 1812--1813
[]|\T1/cmr/m/n/12 Hysteresis at
 []


Overfull \hbox (3.21123pt too wide) in paragraph at lines 1813--1813
[]|\T1/cmr/m/n/12 10| 
 []


Underfull \hbox (badness 10000) in paragraph at lines 1813--1814
[]|\T1/cmr/m/n/12 DO_SET_MODE
 []


Overfull \hbox (3.21123pt too wide) in paragraph at lines 1814--1814
[]|\T1/cmr/m/n/12 11| 
 []


Underfull \hbox (badness 10000) in paragraph at lines 1814--1815
[]|\T1/cmr/m/n/12 DO_REPOSITION
 []


Overfull \hbox (3.21123pt too wide) in paragraph at lines 1815--1815
[]|\T1/cmr/m/n/12 12| 
 []


Underfull \hbox (badness 1308) in paragraph at lines 1815--1816
[]|\T1/cmr/m/n/12 Signed ra-dius, re-send
 []


Overfull \hbox (3.21123pt too wide) in paragraph at lines 1816--1816
[]|\T1/cmr/m/n/12 13| 
 []


Overfull \hbox (3.21123pt too wide) in paragraph at lines 1817--1817
[]|\T1/cmr/m/n/12 14| 
 []


Underfull \hbox (badness 2277) in paragraph at lines 1817--1818
[]|\T1/cmr/m/n/12 Latched; re-stored on
 []


Overfull \hbox (3.21123pt too wide) in paragraph at lines 1818--1818
[]|\T1/cmr/m/n/12 15| 
 []


Overfull \hbox (3.21123pt too wide) in paragraph at lines 1819--1819
[]|\T1/cmr/m/n/12 16| 
 []


Underfull \hbox (badness 10000) in paragraph at lines 1819--1820
[]|\T1/cmr/m/n/12 Mode-dependent
 []


Overfull \hbox (3.21123pt too wide) in paragraph at lines 1820--1820
[]|\T1/cmr/m/n/12 17| 
 []


Overfull \hbox (3.21123pt too wide) in paragraph at lines 1821--1821
[]|\T1/cmr/m/n/12 18| 
 []


Overfull \hbox (3.21123pt too wide) in paragraph at lines 1822--1822
[]|\T1/cmr/m/n/12 19| 
 []

[33] [34] (./report3_fw_pos_control.aux)
Package rerunfilecheck Info: File `report3_fw_pos_control.out' has not changed.

(rerunfilecheck)             Checksum: 00E167F24A3DC89CB54E5C7FC3D51337;17265.
 ) 
Here is how much of TeX's memory you used:
 25815 strings out of 480129
 489207 string characters out of 5893409
 1122765 words of memory out of 5000000
 42750 multiletter control sequences out of 15000+600000
 490530 words of font info for 83 fonts, out of 8000000 for 9000
 81 hyphenation exceptions out of 8191
 100i,13n,104p,532b,2012s stack positions out of 5000i,500n,10000p,200000b,80000s
 </home/radhouene/.texlive2021/texmf-var/fonts/pk/ljfour/jknappen/ec/ecit1000
.600pk> </home/radhouene/.texlive2021/texmf-var/fonts/pk/ljfour/jknappen/ec/tcb
x1200.600pk> </home/radhouene/.texlive2021/texmf-var/fonts/pk/ljfour/jknappen/e
c/ectt1000.600pk> </home/radhouene/.texlive2021/texmf-var/fonts/pk/ljfour/jknap
pen/ec/ecrm0600.600pk> </home/radhouene/.texlive2021/texmf-var/fonts/pk/ljfour/
jknappen/ec/tcrm1200.600pk> </home/radhouene/.texlive2021/texmf-var/fonts/pk/lj
four/jknappen/ec/ecbx2488.600pk> </home/radhouene/.texlive2021/texmf-var/fonts/
pk/ljfour/jknappen/ec/ecrm0800.600pk> </home/radhouene/.texlive2021/texmf-var/f
onts/pk/ljfour/jknappen/ec/ectt1200.600pk> </home/radhouene/.texlive2021/texmf-
var/fonts/pk/ljfour/jknappen/ec/ecti1200.600pk> </home/radhouene/.texlive2021/t
exmf-var/fonts/pk/ljfour/jknappen/ec/ecbx1200.600pk> </home/radhouene/.texlive2
021/texmf-var/fonts/pk/ljfour/jknappen/ec/ecbx1728.600pk> </home/radhouene/.tex
live2021/texmf-var/fonts/pk/ljfour/jknappen/ec/ecrm1200.600pk> </home/radhouene
/.texlive2021/texmf-var/fonts/pk/ljfour/jknappen/ec/ecrm1440.600pk> </home/radh
ouene/.texlive2021/texmf-var/fonts/pk/ljfour/jknappen/ec/ecbx1440.600pk> </home
/radhouene/.texlive2021/texmf-var/fonts/pk/ljfour/jknappen/ec/ecbx2074.600pk></
usr/share/texlive/texmf-dist/fonts/type1/public/amsfonts/cm/cmbx12.pfb></usr/sh
are/texlive/texmf-dist/fonts/type1/public/amsfonts/cm/cmex10.pfb></usr/share/te
xlive/texmf-dist/fonts/type1/public/amsfonts/cm/cmmi12.pfb></usr/share/texlive/
texmf-dist/fonts/type1/public/amsfonts/cm/cmmi8.pfb></usr/share/texlive/texmf-d
ist/fonts/type1/public/amsfonts/cm/cmr12.pfb></usr/share/texlive/texmf-dist/fon
ts/type1/public/amsfonts/cm/cmr8.pfb></usr/share/texlive/texmf-dist/fonts/type1
/public/amsfonts/cm/cmsy10.pfb></usr/share/texlive/texmf-dist/fonts/type1/publi
c/amsfonts/cm/cmsy8.pfb></usr/share/texlive/texmf-dist/fonts/type1/public/amsfo
nts/symbols/msam10.pfb>
Output written on report3_fw_pos_control.pdf (34 pages, 424958 bytes).
PDF statistics:
 1895 PDF objects out of 2073 (max. 8388607)
 1190 compressed objects within 12 object streams
 587 named destinations out of 1000 (max. 500000)
 637 words of extra memory for PDF output out of 10000 (max. 10000000)

