\BOOKMARK [1][-]{section*.2}{\376\377\000L\000i\000s\000t\000\040\000o\000f\000\040\000S\000y\000m\000b\000o\000l\000s}{}% 1
\BOOKMARK [0][-]{part.1}{\376\377\000I\000\040\000O\000r\000i\000g\000i\000n\000a\000l\000\040\000T\000E\000C\000S\000\040\000S\000y\000s\000t\000e\000m}{}% 2
\BOOKMARK [1][-]{section.1}{\376\377\000P\000h\000y\000s\000i\000c\000a\000l\000\040\000B\000a\000c\000k\000g\000r\000o\000u\000n\000d}{part.1}% 3
\BOOKMARK [2][-]{subsection.1.1}{\376\377\000S\000p\000e\000c\000i\000f\000i\000c\000\040\000E\000n\000e\000r\000g\000y\000\040\000D\000e\000f\000i\000n\000i\000t\000i\000o\000n\000s}{section.1}% 4
\BOOKMARK [2][-]{subsection.1.2}{\376\377\000T\000w\000o\000-\000C\000h\000a\000n\000n\000e\000l\000\040\000D\000e\000c\000o\000u\000p\000l\000i\000n\000g}{section.1}% 5
\BOOKMARK [1][-]{section.2}{\376\377\000C\000l\000a\000s\000s\000\040\000A\000r\000c\000h\000i\000t\000e\000c\000t\000u\000r\000e}{part.1}% 6
\BOOKMARK [1][-]{section.3}{\376\377\000C\000l\000a\000s\000s\000\040\0001\000:\000\040\000T\000E\000C\000S\000A\000i\000r\000s\000p\000e\000e\000d\000F\000i\000l\000t\000e\000r}{part.1}% 7
\BOOKMARK [2][-]{subsection.3.1}{\376\377\000i\000n\000i\000t\000i\000a\000l\000i\000z\000e\000\050\000\051}{section.3}% 8
\BOOKMARK [2][-]{subsection.3.2}{\376\377\000u\000p\000d\000a\000t\000e\000\050\000\051}{section.3}% 9
\BOOKMARK [2][-]{subsection.3.3}{\376\377\000g\000e\000t\000S\000t\000a\000t\000e\000\050\000\051}{section.3}% 10
\BOOKMARK [1][-]{section.4}{\376\377\000C\000l\000a\000s\000s\000\040\0002\000:\000\040\000T\000E\000C\000S\000A\000l\000t\000i\000t\000u\000d\000e\000R\000e\000f\000e\000r\000e\000n\000c\000e\000M\000o\000d\000e\000l}{part.1}% 11
\BOOKMARK [2][-]{subsection.4.1}{\376\377\000i\000n\000i\000t\000i\000a\000l\000i\000z\000e\000\050\000\051}{section.4}% 12
\BOOKMARK [2][-]{subsection.4.2}{\376\377\000u\000p\000d\000a\000t\000e\000\050\000\051\000\040\040\024\000\040\000T\000h\000e\000\040\000T\000w\000o\000\040\000T\000r\000a\000j\000e\000c\000t\000o\000r\000y\000\040\000G\000e\000n\000e\000r\000a\000t\000o\000r\000s}{section.4}% 13
\BOOKMARK [2][-]{subsection.4.3}{\376\377\000g\000e\000t\000A\000l\000t\000i\000t\000u\000d\000e\000R\000e\000f\000e\000r\000e\000n\000c\000e\000\050\000\051}{section.4}% 14
\BOOKMARK [2][-]{subsection.4.4}{\376\377\000g\000e\000t\000H\000e\000i\000g\000h\000t\000R\000a\000t\000e\000S\000e\000t\000p\000o\000i\000n\000t\000D\000i\000r\000e\000c\000t\000\050\000\051}{section.4}% 15
\BOOKMARK [1][-]{section.5}{\376\377\000C\000l\000a\000s\000s\000\040\0003\000:\000\040\000T\000E\000C\000S\000C\000o\000n\000t\000r\000o\000l\000\040\040\024\000\040\000A\000l\000l\000\040\000F\000u\000n\000c\000t\000i\000o\000n\000s}{part.1}% 16
\BOOKMARK [2][-]{subsection.5.1}{\376\377\000r\000e\000s\000e\000t\000I\000n\000t\000e\000g\000r\000a\000l\000s\000\050\000\051}{section.5}% 17
\BOOKMARK [2][-]{subsection.5.2}{\376\377\000i\000n\000i\000t\000i\000a\000l\000i\000z\000e\000\050\000\051}{section.5}% 18
\BOOKMARK [2][-]{subsection.5.3}{\376\377\000u\000p\000d\000a\000t\000e\000\050\000\051}{section.5}% 19
\BOOKMARK [1][-]{section.6}{\376\377\000I\000n\000t\000e\000r\000n\000a\000l\000\040\000S\000t\000a\000g\000e\000\040\0000\000:\000\040\000\137\000c\000a\000l\000c\000u\000l\000a\000t\000e\000T\000o\000t\000a\000l\000E\000n\000e\000r\000g\000y\000R\000a\000t\000e\000L\000i\000m\000i\000t\000\050\000\051}{part.1}% 20
\BOOKMARK [1][-]{section.7}{\376\377\000I\000n\000t\000e\000r\000n\000a\000l\000\040\000S\000t\000a\000g\000e\000\040\0001\000:\000\040\000\137\000c\000a\000l\000c\000A\000i\000r\000s\000p\000e\000e\000d\000C\000o\000n\000t\000r\000o\000l\000O\000u\000t\000p\000u\000t\000\050\000\051}{part.1}% 21
\BOOKMARK [1][-]{section.8}{\376\377\000I\000n\000t\000e\000r\000n\000a\000l\000\040\000S\000t\000a\000g\000e\000\040\0002\000:\000\040\000\137\000c\000a\000l\000c\000A\000l\000t\000i\000t\000u\000d\000e\000C\000o\000n\000t\000r\000o\000l\000O\000u\000t\000p\000u\000t\000\050\000\051}{part.1}% 22
\BOOKMARK [1][-]{section.9}{\376\377\000I\000n\000t\000e\000r\000n\000a\000l\000\040\000S\000t\000a\000g\000e\000\040\0003\000:\000\040\000\137\000c\000a\000l\000c\000S\000p\000e\000c\000i\000f\000i\000c\000E\000n\000e\000r\000g\000y\000R\000a\000t\000e\000s\000\050\000\051}{part.1}% 23
\BOOKMARK [1][-]{section.10}{\376\377\000I\000n\000t\000e\000r\000n\000a\000l\000\040\000S\000t\000a\000g\000e\000\040\0004\000:\000\040\000\137\000d\000e\000t\000e\000c\000t\000U\000n\000d\000e\000r\000s\000p\000e\000e\000d\000\050\000\051}{part.1}% 24
\BOOKMARK [1][-]{section.11}{\376\377\000I\000n\000t\000e\000r\000n\000a\000l\000\040\000S\000t\000a\000g\000e\000\040\0005\000:\000\040\000\137\000c\000a\000l\000c\000P\000i\000t\000c\000h\000C\000o\000n\000t\000r\000o\000l\000\050\000\051\000\040\000a\000n\000d\000\040\000S\000u\000b\000-\000f\000u\000n\000c\000t\000i\000o\000n\000s}{part.1}% 25
\BOOKMARK [2][-]{subsection.11.1}{\376\377\000\137\000c\000a\000l\000c\000P\000i\000t\000c\000h\000C\000o\000n\000t\000r\000o\000l\000\050\000\051\000\040\000O\000r\000c\000h\000e\000s\000t\000r\000a\000t\000o\000r}{section.11}% 26
\BOOKMARK [3][-]{subsubsection.11.1.1}{\376\377\000S\000u\000b\000-\000f\000u\000n\000c\000t\000i\000o\000n\000\040\000A\000:\000\040\000\137\000u\000p\000d\000a\000t\000e\000S\000p\000e\000e\000d\000A\000l\000t\000i\000t\000u\000d\000e\000W\000e\000i\000g\000h\000t\000s\000\050\000\051}{subsection.11.1}% 27
\BOOKMARK [3][-]{subsubsection.11.1.2}{\376\377\000S\000u\000b\000-\000f\000u\000n\000c\000t\000i\000o\000n\000\040\000B\000:\000\040\000\137\000c\000a\000l\000c\000P\000i\000t\000c\000h\000C\000o\000n\000t\000r\000o\000l\000S\000e\000b\000R\000a\000t\000e\000\050\000\051}{subsection.11.1}% 28
\BOOKMARK [3][-]{subsubsection.11.1.3}{\376\377\000S\000u\000b\000-\000f\000u\000n\000c\000t\000i\000o\000n\000\040\000C\000:\000\040\000\137\000c\000a\000l\000c\000P\000i\000t\000c\000h\000C\000o\000n\000t\000r\000o\000l\000U\000p\000d\000a\000t\000e\000\050\000\051}{subsection.11.1}% 29
\BOOKMARK [3][-]{subsubsection.11.1.4}{\376\377\000S\000u\000b\000-\000f\000u\000n\000c\000t\000i\000o\000n\000\040\000D\000:\000\040\000\137\000c\000a\000l\000c\000P\000i\000t\000c\000h\000C\000o\000n\000t\000r\000o\000l\000O\000u\000t\000p\000u\000t\000\050\000\051}{subsection.11.1}% 30
\BOOKMARK [3][-]{subsubsection.11.1.5}{\376\377\000S\000u\000b\000-\000f\000u\000n\000c\000t\000i\000o\000n\000\040\000E\000:\000\040\000P\000i\000t\000c\000h\000\040\000R\000a\000t\000e\000\040\000L\000i\000m\000i\000t\000\040\000a\000n\000d\000\040\000F\000i\000n\000a\000l\000\040\000C\000l\000a\000m\000p}{subsection.11.1}% 31
\BOOKMARK [1][-]{section.12}{\376\377\000I\000n\000t\000e\000r\000n\000a\000l\000\040\000S\000t\000a\000g\000e\000\040\0006\000:\000\040\000\137\000c\000a\000l\000c\000T\000h\000r\000o\000t\000t\000l\000e\000C\000o\000n\000t\000r\000o\000l\000\050\000\051\000\040\000a\000n\000d\000\040\000S\000u\000b\000-\000f\000u\000n\000c\000t\000i\000o\000n\000s}{part.1}% 32
\BOOKMARK [2][-]{subsection.12.1}{\376\377\000\137\000c\000a\000l\000c\000T\000h\000r\000o\000t\000t\000l\000e\000C\000o\000n\000t\000r\000o\000l\000\050\000\051\000\040\000O\000r\000c\000h\000e\000s\000t\000r\000a\000t\000o\000r}{section.12}% 33
\BOOKMARK [2][-]{subsection.12.2}{\376\377\000\137\000c\000a\000l\000c\000T\000h\000r\000o\000t\000t\000l\000e\000C\000o\000n\000t\000r\000o\000l\000S\000t\000e\000R\000a\000t\000e\000\050\000\051}{section.12}% 34
\BOOKMARK [2][-]{subsection.12.3}{\376\377\000\137\000c\000a\000l\000c\000T\000h\000r\000o\000t\000t\000l\000e\000C\000o\000n\000t\000r\000o\000l\000U\000p\000d\000a\000t\000e\000\050\000\051}{section.12}% 35
\BOOKMARK [2][-]{subsection.12.4}{\376\377\000\137\000c\000a\000l\000c\000T\000h\000r\000o\000t\000t\000l\000e\000C\000o\000n\000t\000r\000o\000l\000O\000u\000t\000p\000u\000t\000\050\000\051}{section.12}% 36
\BOOKMARK [1][-]{section.13}{\376\377\000C\000l\000a\000s\000s\000\040\0004\000:\000\040\000T\000E\000C\000S\000\040\000O\000u\000t\000e\000r\000\040\000F\000a\000c\000a\000d\000e\000\040\040\024\000\040\000A\000l\000l\000\040\000F\000u\000n\000c\000t\000i\000o\000n\000s}{part.1}% 37
\BOOKMARK [2][-]{subsection.13.1}{\376\377\000i\000n\000i\000t\000C\000o\000n\000t\000r\000o\000l\000P\000a\000r\000a\000m\000s\000\050\000\051}{section.13}% 38
\BOOKMARK [2][-]{subsection.13.2}{\376\377\000i\000n\000i\000t\000i\000a\000l\000i\000z\000e\000\050\000\051}{section.13}% 39
\BOOKMARK [2][-]{subsection.13.3}{\376\377\000c\000a\000l\000c\000T\000r\000u\000e\000A\000i\000r\000s\000p\000e\000e\000d\000S\000e\000t\000p\000o\000i\000n\000t\000\050\000\051}{section.13}% 40
\BOOKMARK [2][-]{subsection.13.4}{\376\377\000\137\000s\000e\000t\000F\000a\000s\000t\000D\000e\000s\000c\000e\000n\000d\000\050\000\051}{section.13}% 41
\BOOKMARK [2][-]{subsection.13.5}{\376\377\000u\000p\000d\000a\000t\000e\000\050\000\051\000\040\040\024\000\040\000F\000u\000l\000l\000\040\000O\000u\000t\000e\000r\000\040\000L\000o\000o\000p}{section.13}% 42
\BOOKMARK [1][-]{section.14}{\376\377\000C\000o\000m\000p\000l\000e\000t\000e\000\040\000F\000u\000n\000c\000t\000i\000o\000n\000\040\000I\000n\000v\000e\000n\000t\000o\000r\000y}{part.1}% 43
\BOOKMARK [0][-]{part.2}{\376\377\000I\000I\000\040\000S\000o\000a\000r\000i\000n\000g\000-\000M\000o\000d\000e\000\040\000M\000o\000d\000i\000f\000i\000c\000a\000t\000i\000o\000n\000s\000\040\000a\000n\000d\000\040\000T\000h\000e\000i\000r\000\040\000P\000h\000y\000s\000i\000c\000a\000l\000\040\000I\000m\000p\000a\000c\000t}{}% 44
\BOOKMARK [1][-]{section.15}{\376\377\000O\000v\000e\000r\000v\000i\000e\000w\000:\000\040\0008\000\040\000P\000r\000o\000b\000l\000e\000m\000s\000\040\000W\000i\000t\000h\000o\000u\000t\000\040\000S\000o\000a\000r\000i\000n\000g\000\040\000M\000o\000d\000e}{part.2}% 45
\BOOKMARK [1][-]{section.16}{\376\377\000M\0001\000:\000\040\000F\000r\000e\000e\000z\000e\000\040\000A\000l\000t\000i\000t\000u\000d\000e\000\040\000R\000e\000f\000e\000r\000e\000n\000c\000e\000\040\000M\000o\000d\000e\000l\000\040\000i\000n\000\040\000G\000l\000i\000d\000e}{part.2}% 46
\BOOKMARK [2][-]{subsection.16.1}{\376\377\000P\000r\000o\000b\000l\000e\000m}{section.16}% 47
\BOOKMARK [2][-]{subsection.16.2}{\376\377\000F\000i\000x\000:\000\040\000R\000e\000-\000i\000n\000i\000t\000i\000a\000l\000i\000z\000e\000\040\000E\000a\000c\000h\000\040\000C\000y\000c\000l\000e}{section.16}% 48
\BOOKMARK [2][-]{subsection.16.3}{\376\377\000I\000m\000p\000a\000c\000t\000\040\000o\000n\000\040\000A\000l\000t\000i\000t\000u\000d\000e\000\040\000C\000o\000n\000t\000r\000o\000l\000l\000e\000r}{section.16}% 49
\BOOKMARK [2][-]{subsection.16.4}{\376\377\000I\000m\000p\000a\000c\000t\000\040\000o\000n\000\040\000G\000l\000i\000d\000e\000\040\000E\000x\000i\000t}{section.16}% 50
\BOOKMARK [1][-]{section.17}{\376\377\000M\0002\000:\000\040\000G\000r\000a\000v\000i\000t\000y\000-\000L\000i\000m\000i\000t\000e\000d\000\040\000A\000i\000r\000s\000p\000e\000e\000d\000\040\000A\000c\000c\000e\000l\000e\000r\000a\000t\000i\000o\000n\000\040\000\050\000S\000t\000a\000g\000e\000\040\0001\000\051}{part.2}% 51
\BOOKMARK [2][-]{subsection.17.1}{\376\377\000P\000r\000o\000b\000l\000e\000m}{section.17}% 52
\BOOKMARK [2][-]{subsection.17.2}{\376\377\000F\000i\000x}{section.17}% 53
\BOOKMARK [2][-]{subsection.17.3}{\376\377\000I\000m\000p\000a\000c\000t}{section.17}% 54
\BOOKMARK [1][-]{section.18}{\376\377\000M\0003\000:\000\040\000U\000n\000d\000e\000r\000s\000p\000e\000e\000d\000\040\000D\000e\000t\000e\000c\000t\000i\000o\000n\000\040\000B\000y\000p\000a\000s\000s\000\040\000\050\000S\000t\000a\000g\000e\000\040\0004\000\051}{part.2}% 55
\BOOKMARK [2][-]{subsection.18.1}{\376\377\000P\000r\000o\000b\000l\000e\000m}{section.18}% 56
\BOOKMARK [2][-]{subsection.18.2}{\376\377\000F\000i\000x}{section.18}% 57
\BOOKMARK [2][-]{subsection.18.3}{\376\377\000I\000m\000p\000a\000c\000t}{section.18}% 58
\BOOKMARK [1][-]{section.19}{\376\377\000M\0004\000:\000\040\000E\000n\000e\000r\000g\000y\000\040\000W\000e\000i\000g\000h\000t\000i\000n\000g\000\040\000O\000v\000e\000r\000r\000i\000d\000e\000\040\000\050\000\137\000u\000p\000d\000a\000t\000e\000S\000p\000e\000e\000d\000A\000l\000t\000i\000t\000u\000d\000e\000W\000e\000i\000g\000h\000t\000s\000\051}{part.2}% 59
\BOOKMARK [2][-]{subsection.19.1}{\376\377\000P\000r\000o\000b\000l\000e\000m}{section.19}% 60
\BOOKMARK [2][-]{subsection.19.2}{\376\377\000F\000i\000x}{section.19}% 61
\BOOKMARK [2][-]{subsection.19.3}{\376\377\000P\000h\000y\000s\000i\000c\000a\000l\000\040\000I\000n\000t\000e\000r\000p\000r\000e\000t\000a\000t\000i\000o\000n}{section.19}% 62
\BOOKMARK [1][-]{section.20}{\376\377\000M\0005\000:\000\040\000T\000h\000r\000o\000t\000t\000l\000e\000\040\000O\000u\000t\000p\000u\000t\000\040\000H\000a\000r\000d\000-\000Z\000e\000r\000o\000\040\000\050\000\137\000c\000a\000l\000c\000T\000h\000r\000o\000t\000t\000l\000e\000C\000o\000n\000t\000r\000o\000l\000O\000u\000t\000p\000u\000t\000\051}{part.2}% 63
\BOOKMARK [2][-]{subsection.20.1}{\376\377\000F\000i\000x}{section.20}% 64
\BOOKMARK [2][-]{subsection.20.2}{\376\377\000I\000m\000p\000a\000c\000t}{section.20}% 65
\BOOKMARK [1][-]{section.21}{\376\377\000M\0006\000:\000\040\000T\000h\000r\000o\000t\000t\000l\000e\000\040\000I\000n\000t\000e\000g\000r\000a\000t\000o\000r\000\040\000E\000x\000p\000o\000n\000e\000n\000t\000i\000a\000l\000\040\000D\000e\000c\000a\000y\000\040\000\050\000\137\000c\000a\000l\000c\000T\000h\000r\000o\000t\000t\000l\000e\000C\000o\000n\000t\000r\000o\000l\000U\000p\000d\000a\000t\000e\000\051}{part.2}% 66
\BOOKMARK [2][-]{subsection.21.1}{\376\377\000P\000r\000o\000b\000l\000e\000m}{section.21}% 67
\BOOKMARK [2][-]{subsection.21.2}{\376\377\000F\000i\000x}{section.21}% 68
\BOOKMARK [2][-]{subsection.21.3}{\376\377\000N\000u\000m\000e\000r\000i\000c\000a\000l\000\040\000E\000x\000a\000m\000p\000l\000e}{section.21}% 69
\BOOKMARK [1][-]{section.22}{\376\377\000M\0007\000:\000\040\000L\000o\000a\000d\000-\000F\000a\000c\000t\000o\000r\000\040\000S\000T\000E\000\040\000C\000o\000r\000r\000e\000c\000t\000i\000o\000n\000\040\000D\000i\000s\000a\000b\000l\000e\000d\000\040\000\050\000\137\000c\000a\000l\000c\000T\000h\000r\000o\000t\000t\000l\000e\000C\000o\000n\000t\000r\000o\000l\000S\000t\000e\000R\000a\000t\000e\000\051}{part.2}% 70
\BOOKMARK [2][-]{subsection.22.1}{\376\377\000P\000r\000o\000b\000l\000e\000m}{section.22}% 71
\BOOKMARK [2][-]{subsection.22.2}{\376\377\000F\000i\000x}{section.22}% 72
\BOOKMARK [2][-]{subsection.22.3}{\376\377\000I\000m\000p\000a\000c\000t}{section.22}% 73
\BOOKMARK [1][-]{section.23}{\376\377\000M\0008\000:\000\040\000P\000i\000t\000c\000h\000\040\000I\000n\000t\000e\000g\000r\000a\000t\000o\000r\000\040\000P\000a\000r\000t\000i\000a\000l\000\040\000R\000e\000s\000e\000t\000\040\000a\000t\000\040\000E\000n\000t\000r\000y\000\040\000a\000n\000d\000\040\000E\000x\000i\000t}{part.2}% 74
\BOOKMARK [2][-]{subsection.23.1}{\376\377\000E\000n\000t\000r\000y\000\040\000P\000r\000o\000b\000l\000e\000m}{section.23}% 75
\BOOKMARK [2][-]{subsection.23.2}{\376\377\000E\000x\000i\000t\000\040\000P\000r\000o\000b\000l\000e\000m}{section.23}% 76
\BOOKMARK [2][-]{subsection.23.3}{\376\377\000F\000i\000x\000:\000\040\000S\000y\000m\000m\000e\000t\000r\000i\000c\000\040\000P\000a\000r\000t\000i\000a\000l\000\040\000R\000e\000s\000e\000t}{section.23}% 77
\BOOKMARK [2][-]{subsection.23.4}{\376\377\000W\000h\000y\000\040\0000\000.\0005\000\040\000a\000n\000d\000\040\000n\000o\000t\000\040\000F\000u\000l\000l\000\040\000R\000e\000s\000e\000t\000?}{section.23}% 78
\BOOKMARK [2][-]{subsection.23.5}{\376\377\000I\000m\000p\000a\000c\000t}{section.23}% 79
\BOOKMARK [1][-]{section.24}{\376\377\000M\0009\000:\000\040\000G\000l\000i\000d\000e\000\040\000A\000i\000r\000s\000p\000e\000e\000d\000\040\000S\000e\000t\000p\000o\000i\000n\000t\000\040\000\050\000c\000a\000l\000c\000T\000r\000u\000e\000A\000i\000r\000s\000p\000e\000e\000d\000S\000e\000t\000p\000o\000i\000n\000t\000\051}{part.2}% 80
\BOOKMARK [2][-]{subsection.24.1}{\376\377\000N\000e\000w\000\040\000G\000l\000i\000d\000e\000\040\000P\000a\000t\000h}{section.24}% 81
\BOOKMARK [3][-]{subsubsection.24.1.1}{\376\377\000W\000h\000y\000\040\000t\000h\000e\000\040\000O\000l\000d\000\040\000V\000e\000r\000s\000i\000o\000n\000\040\000W\000a\000s\000\040\000W\000r\000o\000n\000g}{subsection.24.1}% 82
\BOOKMARK [3][-]{subsubsection.24.1.2}{\376\377\000N\000e\000w\000\040\000D\000e\000s\000i\000g\000n}{subsection.24.1}% 83
\BOOKMARK [3][-]{subsubsection.24.1.3}{\376\377\000E\000x\000a\000m\000p\000l\000e\000\040\000\050\000S\000I\000H\000\040\0003\0000\0000\000g\000\040\000M\000o\000d\000e\000l\000\051}{subsection.24.1}% 84
\BOOKMARK [2][-]{subsection.24.2}{\376\377\000T\000h\000r\000e\000e\000\040\000A\000i\000r\000s\000p\000e\000e\000d\000\040\000S\000o\000u\000r\000c\000e\000s}{section.24}% 85
\BOOKMARK [2][-]{subsection.24.3}{\376\377\000P\000o\000l\000a\000r\000\040\000B\000e\000s\000t\000-\000G\000l\000i\000d\000e\000\040\000D\000e\000r\000i\000v\000a\000t\000i\000o\000n\000\040\000\050\000M\000o\000d\000e\000\040\0002\000\051}{section.24}% 86
\BOOKMARK [2][-]{subsection.24.4}{\376\377\000B\000a\000n\000k\000e\000d\000\040\000S\000t\000a\000l\000l\000\040\000S\000p\000e\000e\000d\000\040\000F\000l\000o\000o\000r}{section.24}% 87
\BOOKMARK [1][-]{section.25}{\376\377\000M\0001\0000\000:\000\040\000F\000a\000s\000t\000-\000D\000e\000s\000c\000e\000n\000d\000\040\000S\000u\000p\000p\000r\000e\000s\000s\000i\000o\000n\000\040\000\050\000\137\000s\000e\000t\000F\000a\000s\000t\000D\000e\000s\000c\000e\000n\000d\000\051}{part.2}% 88
\BOOKMARK [2][-]{subsection.25.1}{\376\377\000P\000r\000o\000b\000l\000e\000m}{section.25}% 89
\BOOKMARK [2][-]{subsection.25.2}{\376\377\000F\000i\000x}{section.25}% 90
\BOOKMARK [2][-]{subsection.25.3}{\376\377\000I\000m\000p\000a\000c\000t}{section.25}% 91
\BOOKMARK [1][-]{section.26}{\376\377\000N\000e\000w\000\040\000P\000u\000b\000l\000i\000c\000\040\000A\000P\000I\000\040\000\050\000S\000o\000a\000r\000i\000n\000g\000\040\000I\000n\000t\000e\000r\000f\000a\000c\000e\000\051}{part.2}% 92
\BOOKMARK [1][-]{section.27}{\376\377\000C\000o\000m\000p\000l\000e\000t\000e\000\040\000M\000o\000d\000i\000f\000i\000c\000a\000t\000i\000o\000n\000\040\000S\000u\000m\000m\000a\000r\000y}{part.2}% 93
