This is pdfTeX, Version 3.141592653-2.6-1.40.22 (TeX Live 2022/dev/Debian) (preloaded format=pdflatex 2026.3.31)  3 MAY 2026 17:02
entering extended mode
 restricted \write18 enabled.
 %&-line parsing enabled.
**report4_commander.tex
(./report4_commander.tex
LaTeX2e <2021-11-15> patch level 1
L3 programming layer <2022-01-21>
(/usr/share/texlive/texmf-dist/tex/latex/base/article.cls
Document Class: article 2021/10/04 v1.4n Standard LaTeX document class
(/usr/share/texlive/texmf-dist/tex/latex/base/size12.clo
File: size12.clo 2021/10/04 v1.4n Standard LaTeX file (size option)
)
\c@part=\count185
\c@section=\count186
\c@subsection=\count187
\c@subsubsection=\count188
\c@paragraph=\count189
\c@subparagraph=\count190
\c@figure=\count191
\c@table=\count192
\abovecaptionskip=\skip47
\belowcaptionskip=\skip48
\bibindent=\dimen138
)
(/usr/share/texlive/texmf-dist/tex/latex/base/inputenc.sty
Package: inputenc 2021/02/14 v1.3d Input encoding file
\inpenc@prehook=\toks16
\inpenc@posthook=\toks17
)
(/usr/share/texlive/texmf-dist/tex/latex/base/fontenc.sty
Package: fontenc 2021/04/29 v2.0v Standard LaTeX package
)
(/usr/share/texlive/texmf-dist/tex/latex/amsmath/amsmath.sty
Package: amsmath 2021/10/15 v2.17l AMS math features
\@mathmargin=\skip49

For additional information on amsmath, use the `?' option.
(/usr/share/texlive/texmf-dist/tex/latex/amsmath/amstext.sty
Package: amstext 2021/08/26 v2.01 AMS text

(/usr/share/texlive/texmf-dist/tex/latex/amsmath/amsgen.sty
File: amsgen.sty 1999/11/30 v2.0 generic functions
\@emptytoks=\toks18
\ex@=\dimen139
))
(/usr/share/texlive/texmf-dist/tex/latex/amsmath/amsbsy.sty
Package: amsbsy 1999/11/29 v1.2d Bold Symbols
\pmbraise@=\dimen140
)
(/usr/share/texlive/texmf-dist/tex/latex/amsmath/amsopn.sty
Package: amsopn 2021/08/26 v2.02 operator names
)
\inf@bad=\count193
LaTeX Info: Redefining \frac on input line 234.
\uproot@=\count194
\leftroot@=\count195
LaTeX Info: Redefining \overline on input line 399.
\classnum@=\count196
\DOTSCASE@=\count197
LaTeX Info: Redefining \ldots on input line 496.
LaTeX Info: Redefining \dots on input line 499.
LaTeX Info: Redefining \cdots on input line 620.
\Mathstrutbox@=\box50
\strutbox@=\box51
\big@size=\dimen141
LaTeX Font Info:    Redeclaring font encoding OML on input line 743.
LaTeX Font Info:    Redeclaring font encoding OMS on input line 744.
\macc@depth=\count198
\c@MaxMatrixCols=\count199
\dotsspace@=\muskip16
\c@parentequation=\count266
\dspbrk@lvl=\count267
\tag@help=\toks19
\row@=\count268
\column@=\count269
\maxfields@=\count270
\andhelp@=\toks20
\eqnshift@=\dimen142
\alignsep@=\dimen143
\tagshift@=\dimen144
\tagwidth@=\dimen145
\totwidth@=\dimen146
\lineht@=\dimen147
\@envbody=\toks21
\multlinegap=\skip50
\multlinetaggap=\skip51
\mathdisplay@stack=\toks22
LaTeX Info: Redefining \[ on input line 2938.
LaTeX Info: Redefining \] on input line 2939.
)
(/usr/share/texlive/texmf-dist/tex/latex/amsfonts/amssymb.sty
Package: amssymb 2013/01/14 v3.01 AMS font symbols

(/usr/share/texlive/texmf-dist/tex/latex/amsfonts/amsfonts.sty
Package: amsfonts 2013/01/14 v3.01 Basic AMSFonts support
\symAMSa=\mathgroup4
\symAMSb=\mathgroup5
LaTeX Font Info:    Redeclaring math symbol \hbar on input line 98.
LaTeX Font Info:    Overwriting math alphabet `\mathfrak' in version `bold'
(Font)                  U/euf/m/n --> U/euf/b/n on input line 106.
))
(/usr/share/texlive/texmf-dist/tex/latex/geometry/geometry.sty
Package: geometry 2020/01/02 v5.9 Page Geometry

(/usr/share/texlive/texmf-dist/tex/latex/graphics/keyval.sty
Package: keyval 2014/10/28 v1.15 key=value parser (DPC)
\KV@toks@=\toks23
)
(/usr/share/texlive/texmf-dist/tex/generic/iftex/ifvtex.sty
Package: ifvtex 2019/10/25 v1.7 ifvtex legacy package. Use iftex instead.

(/usr/share/texlive/texmf-dist/tex/generic/iftex/iftex.sty
Package: iftex 2020/03/06 v1.0d TeX engine tests
))
\Gm@cnth=\count271
\Gm@cntv=\count272
\c@Gm@tempcnt=\count273
\Gm@bindingoffset=\dimen148
\Gm@wd@mp=\dimen149
\Gm@odd@mp=\dimen150
\Gm@even@mp=\dimen151
\Gm@layoutwidth=\dimen152
\Gm@layoutheight=\dimen153
\Gm@layouthoffset=\dimen154
\Gm@layoutvoffset=\dimen155
\Gm@dimlist=\toks24
)
(/usr/share/texlive/texmf-dist/tex/latex/listings/listings.sty
\lst@mode=\count274
\lst@gtempboxa=\box52
\lst@token=\toks25
\lst@length=\count275
\lst@currlwidth=\dimen156
\lst@column=\count276
\lst@pos=\count277
\lst@lostspace=\dimen157
\lst@width=\dimen158
\lst@newlines=\count278
\lst@lineno=\count279
\lst@maxwidth=\dimen159

(/usr/share/texlive/texmf-dist/tex/latex/listings/lstmisc.sty
File: lstmisc.sty 2020/03/24 1.8d (Carsten Heinz)
\c@lstnumber=\count280
\lst@skipnumbers=\count281
\lst@framebox=\box53
)
(/usr/share/texlive/texmf-dist/tex/latex/listings/listings.cfg
File: listings.cfg 2020/03/24 1.8d listings configuration
))
Package: listings 2020/03/24 1.8d (Carsten Heinz)

(/usr/share/texlive/texmf-dist/tex/latex/xcolor/xcolor.sty
Package: xcolor 2021/10/31 v2.13 LaTeX color extensions (UK)

(/usr/share/texlive/texmf-dist/tex/latex/graphics-cfg/color.cfg
File: color.cfg 2016/01/02 v1.6 sample color configuration
)
Package xcolor Info: Driver file: pdftex.def on input line 227.

(/usr/share/texlive/texmf-dist/tex/latex/graphics-def/pdftex.def
File: pdftex.def 2020/10/05 v1.2a Graphics/color driver for pdftex
)
Package xcolor Info: Model `cmy' substituted by `cmy0' on input line 1352.
Package xcolor Info: Model `hsb' substituted by `rgb' on input line 1356.
Package xcolor Info: Model `RGB' extended on input line 1368.
Package xcolor Info: Model `HTML' substituted by `rgb' on input line 1370.
Package xcolor Info: Model `Hsb' substituted by `hsb' on input line 1371.
Package xcolor Info: Model `tHsb' substituted by `hsb' on input line 1372.
Package xcolor Info: Model `HSB' substituted by `hsb' on input line 1373.
Package xcolor Info: Model `Gray' substituted by `gray' on input line 1374.
Package xcolor Info: Model `wave' substituted by `hsb' on input line 1375.
)
(/usr/share/texlive/texmf-dist/tex/latex/hyperref/hyperref.sty
Package: hyperref 2021-06-07 v7.00m Hypertext links for LaTeX

(/usr/share/texlive/texmf-dist/tex/generic/ltxcmds/ltxcmds.sty
Package: ltxcmds 2020-05-10 v1.25 LaTeX kernel commands for general use (HO)
)
(/usr/share/texlive/texmf-dist/tex/generic/pdftexcmds/pdftexcmds.sty
Package: pdftexcmds 2020-06-27 v0.33 Utility functions of pdfTeX for LuaTeX (HO
)

(/usr/share/texlive/texmf-dist/tex/generic/infwarerr/infwarerr.sty
Package: infwarerr 2019/12/03 v1.5 Providing info/warning/error messages (HO)
)
Package pdftexcmds Info: \pdf@primitive is available.
Package pdftexcmds Info: \pdf@ifprimitive is available.
Package pdftexcmds Info: \pdfdraftmode found.
)
(/usr/share/texlive/texmf-dist/tex/generic/kvsetkeys/kvsetkeys.sty
Package: kvsetkeys 2019/12/15 v1.18 Key value parser (HO)
)
(/usr/share/texlive/texmf-dist/tex/generic/kvdefinekeys/kvdefinekeys.sty
Package: kvdefinekeys 2019-12-19 v1.6 Define keys (HO)
)
(/usr/share/texlive/texmf-dist/tex/generic/pdfescape/pdfescape.sty
Package: pdfescape 2019/12/09 v1.15 Implements pdfTeX's escape features (HO)
)
(/usr/share/texlive/texmf-dist/tex/latex/hycolor/hycolor.sty
Package: hycolor 2020-01-27 v1.10 Color options for hyperref/bookmark (HO)
)
(/usr/share/texlive/texmf-dist/tex/latex/letltxmacro/letltxmacro.sty
Package: letltxmacro 2019/12/03 v1.6 Let assignment for LaTeX macros (HO)
)
(/usr/share/texlive/texmf-dist/tex/latex/auxhook/auxhook.sty
Package: auxhook 2019-12-17 v1.6 Hooks for auxiliary files (HO)
)
(/usr/share/texlive/texmf-dist/tex/latex/kvoptions/kvoptions.sty
Package: kvoptions 2020-10-07 v3.14 Key value format for package options (HO)
)
\@linkdim=\dimen160
\Hy@linkcounter=\count282
\Hy@pagecounter=\count283

(/usr/share/texlive/texmf-dist/tex/latex/hyperref/pd1enc.def
File: pd1enc.def 2021-06-07 v7.00m Hyperref: PDFDocEncoding definition (HO)
Now handling font encoding PD1 ...
... no UTF-8 mapping file for font encoding PD1
)
(/usr/share/texlive/texmf-dist/tex/latex/hyperref/hyperref-langpatches.def
File: hyperref-langpatches.def 2021-06-07 v7.00m Hyperref: patches for babel la
nguages
)
(/usr/share/texlive/texmf-dist/tex/generic/intcalc/intcalc.sty
Package: intcalc 2019/12/15 v1.3 Expandable calculations with integers (HO)
)
(/usr/share/texlive/texmf-dist/tex/generic/etexcmds/etexcmds.sty
Package: etexcmds 2019/12/15 v1.7 Avoid name clashes with e-TeX commands (HO)
)
\Hy@SavedSpaceFactor=\count284

(/usr/share/texlive/texmf-dist/tex/latex/hyperref/puenc.def
File: puenc.def 2021-06-07 v7.00m Hyperref: PDF Unicode definition (HO)
Now handling font encoding PU ...
... no UTF-8 mapping file for font encoding PU
)
Package hyperref Info: Hyper figures OFF on input line 4192.
Package hyperref Info: Link nesting OFF on input line 4197.
Package hyperref Info: Hyper index ON on input line 4200.
Package hyperref Info: Plain pages OFF on input line 4207.
Package hyperref Info: Backreferencing OFF on input line 4212.
Package hyperref Info: Implicit mode ON; LaTeX internals redefined.
Package hyperref Info: Bookmarks ON on input line 4445.
\c@Hy@tempcnt=\count285

(/usr/share/texlive/texmf-dist/tex/latex/url/url.sty
\Urlmuskip=\muskip17
Package: url 2013/09/16  ver 3.4  Verb mode for urls, etc.
)
LaTeX Info: Redefining \url on input line 4804.
\XeTeXLinkMargin=\dimen161

(/usr/share/texlive/texmf-dist/tex/generic/bitset/bitset.sty
Package: bitset 2019/12/09 v1.3 Handle bit-vector datatype (HO)

(/usr/share/texlive/texmf-dist/tex/generic/bigintcalc/bigintcalc.sty
Package: bigintcalc 2019/12/15 v1.5 Expandable calculations on big integers (HO
)
))
\Fld@menulength=\count286
\Field@Width=\dimen162
\Fld@charsize=\dimen163
Package hyperref Info: Hyper figures OFF on input line 6076.
Package hyperref Info: Link nesting OFF on input line 6081.
Package hyperref Info: Hyper index ON on input line 6084.
Package hyperref Info: backreferencing OFF on input line 6091.
Package hyperref Info: Link coloring OFF on input line 6096.
Package hyperref Info: Link coloring with OCG OFF on input line 6101.
Package hyperref Info: PDF/A mode OFF on input line 6106.
LaTeX Info: Redefining \ref on input line 6146.
LaTeX Info: Redefining \pageref on input line 6150.

(/usr/share/texlive/texmf-dist/tex/latex/base/atbegshi-ltx.sty
Package: atbegshi-ltx 2021/01/10 v1.0c Emulation of the original atbegshi
package with kernel methods
)
\Hy@abspage=\count287
\c@Item=\count288
\c@Hfootnote=\count289
)
Package hyperref Info: Driver (autodetected): hpdftex.

(/usr/share/texlive/texmf-dist/tex/latex/hyperref/hpdftex.def
File: hpdftex.def 2021-06-07 v7.00m Hyperref driver for pdfTeX

(/usr/share/texlive/texmf-dist/tex/latex/base/atveryend-ltx.sty
Package: atveryend-ltx 2020/08/19 v1.0a Emulation of the original atveryend pac
kage
with kernel methods
)
\Fld@listcount=\count290
\c@bookmark@seq@number=\count291

(/usr/share/texlive/texmf-dist/tex/latex/rerunfilecheck/rerunfilecheck.sty
Package: rerunfilecheck 2019/12/05 v1.9 Rerun checks for auxiliary files (HO)

(/usr/share/texlive/texmf-dist/tex/generic/uniquecounter/uniquecounter.sty
Package: uniquecounter 2019/12/15 v1.4 Provide unlimited unique counter (HO)
)
Package uniquecounter Info: New unique counter `rerunfilecheck' on input line 2
86.
)
\Hy@SectionHShift=\skip52
)
(/usr/share/texlive/texmf-dist/tex/latex/booktabs/booktabs.sty
Package: booktabs 2020/01/12 v1.61803398 Publication quality tables
\heavyrulewidth=\dimen164
\lightrulewidth=\dimen165
\cmidrulewidth=\dimen166
\belowrulesep=\dimen167
\belowbottomsep=\dimen168
\aboverulesep=\dimen169
\abovetopsep=\dimen170
\cmidrulesep=\dimen171
\cmidrulekern=\dimen172
\defaultaddspace=\dimen173
\@cmidla=\count292
\@cmidlb=\count293
\@aboverulesep=\dimen174
\@belowrulesep=\dimen175
\@thisruleclass=\count294
\@lastruleclass=\count295
\@thisrulewidth=\dimen176
)
(/usr/share/texlive/texmf-dist/tex/latex/tools/array.sty
Package: array 2021/10/04 v2.5f Tabular extension package (FMi)
\col@sep=\dimen177
\ar@mcellbox=\box54
\extrarowheight=\dimen178
\NC@list=\toks26
\extratabsurround=\skip53
\backup@length=\skip54
\ar@cellbox=\box55
)
(/usr/share/texlive/texmf-dist/tex/latex/pgf/frontendlayer/tikz.sty
(/usr/share/texlive/texmf-dist/tex/latex/pgf/basiclayer/pgf.sty
(/usr/share/texlive/texmf-dist/tex/latex/pgf/utilities/pgfrcs.sty
(/usr/share/texlive/texmf-dist/tex/generic/pgf/utilities/pgfutil-common.tex
\pgfutil@everybye=\toks27
\pgfutil@tempdima=\dimen179
\pgfutil@tempdimb=\dimen180

(/usr/share/texlive/texmf-dist/tex/generic/pgf/utilities/pgfutil-common-lists.t
ex)) (/usr/share/texlive/texmf-dist/tex/generic/pgf/utilities/pgfutil-latex.def
\pgfutil@abb=\box56
) (/usr/share/texlive/texmf-dist/tex/generic/pgf/utilities/pgfrcs.code.tex
(/usr/share/texlive/texmf-dist/tex/generic/pgf/pgf.revision.tex)
Package: pgfrcs 2021/05/15 v3.1.9a (3.1.9a)
))
Package: pgf 2021/05/15 v3.1.9a (3.1.9a)

(/usr/share/texlive/texmf-dist/tex/latex/pgf/basiclayer/pgfcore.sty
(/usr/share/texlive/texmf-dist/tex/latex/graphics/graphicx.sty
Package: graphicx 2021/09/16 v1.2d Enhanced LaTeX Graphics (DPC,SPQR)

(/usr/share/texlive/texmf-dist/tex/latex/graphics/graphics.sty
Package: graphics 2021/03/04 v1.4d Standard LaTeX Graphics (DPC,SPQR)

(/usr/share/texlive/texmf-dist/tex/latex/graphics/trig.sty
Package: trig 2021/08/11 v1.11 sin cos tan (DPC)
)
(/usr/share/texlive/texmf-dist/tex/latex/graphics-cfg/graphics.cfg
File: graphics.cfg 2016/06/04 v1.11 sample graphics configuration
)
Package graphics Info: Driver file: pdftex.def on input line 107.
)
\Gin@req@height=\dimen181
\Gin@req@width=\dimen182
)
(/usr/share/texlive/texmf-dist/tex/latex/pgf/systemlayer/pgfsys.sty
(/usr/share/texlive/texmf-dist/tex/generic/pgf/systemlayer/pgfsys.code.tex
Package: pgfsys 2021/05/15 v3.1.9a (3.1.9a)

(/usr/share/texlive/texmf-dist/tex/generic/pgf/utilities/pgfkeys.code.tex
\pgfkeys@pathtoks=\toks28
\pgfkeys@temptoks=\toks29

(/usr/share/texlive/texmf-dist/tex/generic/pgf/utilities/pgfkeysfiltered.code.t
ex
\pgfkeys@tmptoks=\toks30
))
\pgf@x=\dimen183
\pgf@y=\dimen184
\pgf@xa=\dimen185
\pgf@ya=\dimen186
\pgf@xb=\dimen187
\pgf@yb=\dimen188
\pgf@xc=\dimen189
\pgf@yc=\dimen190
\pgf@xd=\dimen191
\pgf@yd=\dimen192
\w@pgf@writea=\write3
\r@pgf@reada=\read2
\c@pgf@counta=\count296
\c@pgf@countb=\count297
\c@pgf@countc=\count298
\c@pgf@countd=\count299
\t@pgf@toka=\toks31
\t@pgf@tokb=\toks32
\t@pgf@tokc=\toks33
\pgf@sys@id@count=\count300
 (/usr/share/texlive/texmf-dist/tex/generic/pgf/systemlayer/pgf.cfg
File: pgf.cfg 2021/05/15 v3.1.9a (3.1.9a)
)
Driver file for pgf: pgfsys-pdftex.def

(/usr/share/texlive/texmf-dist/tex/generic/pgf/systemlayer/pgfsys-pdftex.def
File: pgfsys-pdftex.def 2021/05/15 v3.1.9a (3.1.9a)

(/usr/share/texlive/texmf-dist/tex/generic/pgf/systemlayer/pgfsys-common-pdf.de
f
File: pgfsys-common-pdf.def 2021/05/15 v3.1.9a (3.1.9a)
)))
(/usr/share/texlive/texmf-dist/tex/generic/pgf/systemlayer/pgfsyssoftpath.code.
tex
File: pgfsyssoftpath.code.tex 2021/05/15 v3.1.9a (3.1.9a)
\pgfsyssoftpath@smallbuffer@items=\count301
\pgfsyssoftpath@bigbuffer@items=\count302
)
(/usr/share/texlive/texmf-dist/tex/generic/pgf/systemlayer/pgfsysprotocol.code.
tex
File: pgfsysprotocol.code.tex 2021/05/15 v3.1.9a (3.1.9a)
))
(/usr/share/texlive/texmf-dist/tex/generic/pgf/basiclayer/pgfcore.code.tex
Package: pgfcore 2021/05/15 v3.1.9a (3.1.9a)

(/usr/share/texlive/texmf-dist/tex/generic/pgf/math/pgfmath.code.tex
(/usr/share/texlive/texmf-dist/tex/generic/pgf/math/pgfmathcalc.code.tex
(/usr/share/texlive/texmf-dist/tex/generic/pgf/math/pgfmathutil.code.tex)
(/usr/share/texlive/texmf-dist/tex/generic/pgf/math/pgfmathparser.code.tex
\pgfmath@dimen=\dimen193
\pgfmath@count=\count303
\pgfmath@box=\box57
\pgfmath@toks=\toks34
\pgfmath@stack@operand=\toks35
\pgfmath@stack@operation=\toks36
)
(/usr/share/texlive/texmf-dist/tex/generic/pgf/math/pgfmathfunctions.code.tex
(/usr/share/texlive/texmf-dist/tex/generic/pgf/math/pgfmathfunctions.basic.code
.tex)
(/usr/share/texlive/texmf-dist/tex/generic/pgf/math/pgfmathfunctions.trigonomet
ric.code.tex)
(/usr/share/texlive/texmf-dist/tex/generic/pgf/math/pgfmathfunctions.random.cod
e.tex)
(/usr/share/texlive/texmf-dist/tex/generic/pgf/math/pgfmathfunctions.comparison
.code.tex)
(/usr/share/texlive/texmf-dist/tex/generic/pgf/math/pgfmathfunctions.base.code.
tex)
(/usr/share/texlive/texmf-dist/tex/generic/pgf/math/pgfmathfunctions.round.code
.tex)
(/usr/share/texlive/texmf-dist/tex/generic/pgf/math/pgfmathfunctions.misc.code.
tex)
(/usr/share/texlive/texmf-dist/tex/generic/pgf/math/pgfmathfunctions.integerari
thmetics.code.tex)))
(/usr/share/texlive/texmf-dist/tex/generic/pgf/math/pgfmathfloat.code.tex
\c@pgfmathroundto@lastzeros=\count304
))
(/usr/share/texlive/texmf-dist/tex/generic/pgf/math/pgfint.code.tex)
(/usr/share/texlive/texmf-dist/tex/generic/pgf/basiclayer/pgfcorepoints.code.te
x
File: pgfcorepoints.code.tex 2021/05/15 v3.1.9a (3.1.9a)
\pgf@picminx=\dimen194
\pgf@picmaxx=\dimen195
\pgf@picminy=\dimen196
\pgf@picmaxy=\dimen197
\pgf@pathminx=\dimen198
\pgf@pathmaxx=\dimen199
\pgf@pathminy=\dimen256
\pgf@pathmaxy=\dimen257
\pgf@xx=\dimen258
\pgf@xy=\dimen259
\pgf@yx=\dimen260
\pgf@yy=\dimen261
\pgf@zx=\dimen262
\pgf@zy=\dimen263
)
(/usr/share/texlive/texmf-dist/tex/generic/pgf/basiclayer/pgfcorepathconstruct.
code.tex
File: pgfcorepathconstruct.code.tex 2021/05/15 v3.1.9a (3.1.9a)
\pgf@path@lastx=\dimen264
\pgf@path@lasty=\dimen265
)
(/usr/share/texlive/texmf-dist/tex/generic/pgf/basiclayer/pgfcorepathusage.code
.tex
File: pgfcorepathusage.code.tex 2021/05/15 v3.1.9a (3.1.9a)
\pgf@shorten@end@additional=\dimen266
\pgf@shorten@start@additional=\dimen267
)
(/usr/share/texlive/texmf-dist/tex/generic/pgf/basiclayer/pgfcorescopes.code.te
x
File: pgfcorescopes.code.tex 2021/05/15 v3.1.9a (3.1.9a)
\pgfpic=\box58
\pgf@hbox=\box59
\pgf@layerbox@main=\box60
\pgf@picture@serial@count=\count305
)
(/usr/share/texlive/texmf-dist/tex/generic/pgf/basiclayer/pgfcoregraphicstate.c
ode.tex
File: pgfcoregraphicstate.code.tex 2021/05/15 v3.1.9a (3.1.9a)
\pgflinewidth=\dimen268
)
(/usr/share/texlive/texmf-dist/tex/generic/pgf/basiclayer/pgfcoretransformation
s.code.tex
File: pgfcoretransformations.code.tex 2021/05/15 v3.1.9a (3.1.9a)
\pgf@pt@x=\dimen269
\pgf@pt@y=\dimen270
\pgf@pt@temp=\dimen271
)
(/usr/share/texlive/texmf-dist/tex/generic/pgf/basiclayer/pgfcorequick.code.tex
File: pgfcorequick.code.tex 2021/05/15 v3.1.9a (3.1.9a)
)
(/usr/share/texlive/texmf-dist/tex/generic/pgf/basiclayer/pgfcoreobjects.code.t
ex
File: pgfcoreobjects.code.tex 2021/05/15 v3.1.9a (3.1.9a)
)
(/usr/share/texlive/texmf-dist/tex/generic/pgf/basiclayer/pgfcorepathprocessing
.code.tex
File: pgfcorepathprocessing.code.tex 2021/05/15 v3.1.9a (3.1.9a)
)
(/usr/share/texlive/texmf-dist/tex/generic/pgf/basiclayer/pgfcorearrows.code.te
x
File: pgfcorearrows.code.tex 2021/05/15 v3.1.9a (3.1.9a)
\pgfarrowsep=\dimen272
)
(/usr/share/texlive/texmf-dist/tex/generic/pgf/basiclayer/pgfcoreshade.code.tex
File: pgfcoreshade.code.tex 2021/05/15 v3.1.9a (3.1.9a)
\pgf@max=\dimen273
\pgf@sys@shading@range@num=\count306
\pgf@shadingcount=\count307
)
(/usr/share/texlive/texmf-dist/tex/generic/pgf/basiclayer/pgfcoreimage.code.tex
File: pgfcoreimage.code.tex 2021/05/15 v3.1.9a (3.1.9a)

(/usr/share/texlive/texmf-dist/tex/generic/pgf/basiclayer/pgfcoreexternal.code.
tex
File: pgfcoreexternal.code.tex 2021/05/15 v3.1.9a (3.1.9a)
\pgfexternal@startupbox=\box61
))
(/usr/share/texlive/texmf-dist/tex/generic/pgf/basiclayer/pgfcorelayers.code.te
x
File: pgfcorelayers.code.tex 2021/05/15 v3.1.9a (3.1.9a)
)
(/usr/share/texlive/texmf-dist/tex/generic/pgf/basiclayer/pgfcoretransparency.c
ode.tex
File: pgfcoretransparency.code.tex 2021/05/15 v3.1.9a (3.1.9a)
)
(/usr/share/texlive/texmf-dist/tex/generic/pgf/basiclayer/pgfcorepatterns.code.
tex
File: pgfcorepatterns.code.tex 2021/05/15 v3.1.9a (3.1.9a)
)
(/usr/share/texlive/texmf-dist/tex/generic/pgf/basiclayer/pgfcorerdf.code.tex
File: pgfcorerdf.code.tex 2021/05/15 v3.1.9a (3.1.9a)
)))
(/usr/share/texlive/texmf-dist/tex/generic/pgf/modules/pgfmoduleshapes.code.tex
File: pgfmoduleshapes.code.tex 2021/05/15 v3.1.9a (3.1.9a)
\pgfnodeparttextbox=\box62
) (/usr/share/texlive/texmf-dist/tex/generic/pgf/modules/pgfmoduleplot.code.tex
File: pgfmoduleplot.code.tex 2021/05/15 v3.1.9a (3.1.9a)
)
(/usr/share/texlive/texmf-dist/tex/latex/pgf/compatibility/pgfcomp-version-0-65
.sty
Package: pgfcomp-version-0-65 2021/05/15 v3.1.9a (3.1.9a)
\pgf@nodesepstart=\dimen274
\pgf@nodesepend=\dimen275
)
(/usr/share/texlive/texmf-dist/tex/latex/pgf/compatibility/pgfcomp-version-1-18
.sty
Package: pgfcomp-version-1-18 2021/05/15 v3.1.9a (3.1.9a)
)) (/usr/share/texlive/texmf-dist/tex/latex/pgf/utilities/pgffor.sty
(/usr/share/texlive/texmf-dist/tex/latex/pgf/utilities/pgfkeys.sty
(/usr/share/texlive/texmf-dist/tex/generic/pgf/utilities/pgfkeys.code.tex))
(/usr/share/texlive/texmf-dist/tex/latex/pgf/math/pgfmath.sty
(/usr/share/texlive/texmf-dist/tex/generic/pgf/math/pgfmath.code.tex))
(/usr/share/texlive/texmf-dist/tex/generic/pgf/utilities/pgffor.code.tex
Package: pgffor 2021/05/15 v3.1.9a (3.1.9a)

(/usr/share/texlive/texmf-dist/tex/generic/pgf/math/pgfmath.code.tex)
\pgffor@iter=\dimen276
\pgffor@skip=\dimen277
\pgffor@stack=\toks37
\pgffor@toks=\toks38
))
(/usr/share/texlive/texmf-dist/tex/generic/pgf/frontendlayer/tikz/tikz.code.tex
Package: tikz 2021/05/15 v3.1.9a (3.1.9a)

(/usr/share/texlive/texmf-dist/tex/generic/pgf/libraries/pgflibraryplothandlers
.code.tex
File: pgflibraryplothandlers.code.tex 2021/05/15 v3.1.9a (3.1.9a)
\pgf@plot@mark@count=\count308
\pgfplotmarksize=\dimen278
)
\tikz@lastx=\dimen279
\tikz@lasty=\dimen280
\tikz@lastxsaved=\dimen281
\tikz@lastysaved=\dimen282
\tikz@lastmovetox=\dimen283
\tikz@lastmovetoy=\dimen284
\tikzleveldistance=\dimen285
\tikzsiblingdistance=\dimen286
\tikz@figbox=\box63
\tikz@figbox@bg=\box64
\tikz@tempbox=\box65
\tikz@tempbox@bg=\box66
\tikztreelevel=\count309
\tikznumberofchildren=\count310
\tikznumberofcurrentchild=\count311
\tikz@fig@count=\count312

(/usr/share/texlive/texmf-dist/tex/generic/pgf/modules/pgfmodulematrix.code.tex
File: pgfmodulematrix.code.tex 2021/05/15 v3.1.9a (3.1.9a)
\pgfmatrixcurrentrow=\count313
\pgfmatrixcurrentcolumn=\count314
\pgf@matrix@numberofcolumns=\count315
)
\tikz@expandcount=\count316

(/usr/share/texlive/texmf-dist/tex/generic/pgf/frontendlayer/tikz/libraries/tik
zlibrarytopaths.code.tex
File: tikzlibrarytopaths.code.tex 2021/05/15 v3.1.9a (3.1.9a)
)))
(/usr/share/texlive/texmf-dist/tex/generic/pgf/libraries/pgflibraryarrows.meta.
code.tex
File: pgflibraryarrows.meta.code.tex 2021/05/15 v3.1.9a (3.1.9a)
\pgfarrowinset=\dimen287
\pgfarrowlength=\dimen288
\pgfarrowwidth=\dimen289
\pgfarrowlinewidth=\dimen290
)
(/usr/share/texlive/texmf-dist/tex/generic/pgf/frontendlayer/tikz/libraries/tik
zlibraryshapes.code.tex
File: tikzlibraryshapes.code.tex 2021/05/15 v3.1.9a (3.1.9a)

(/usr/share/texlive/texmf-dist/tex/generic/pgf/frontendlayer/tikz/libraries/tik
zlibraryshapes.geometric.code.tex
File: tikzlibraryshapes.geometric.code.tex 2021/05/15 v3.1.9a (3.1.9a)

(/usr/share/texlive/texmf-dist/tex/generic/pgf/libraries/shapes/pgflibraryshape
s.geometric.code.tex
File: pgflibraryshapes.geometric.code.tex 2021/05/15 v3.1.9a (3.1.9a)
))
(/usr/share/texlive/texmf-dist/tex/generic/pgf/frontendlayer/tikz/libraries/tik
zlibraryshapes.misc.code.tex
File: tikzlibraryshapes.misc.code.tex 2021/05/15 v3.1.9a (3.1.9a)

(/usr/share/texlive/texmf-dist/tex/generic/pgf/libraries/shapes/pgflibraryshape
s.misc.code.tex
File: pgflibraryshapes.misc.code.tex 2021/05/15 v3.1.9a (3.1.9a)
))
(/usr/share/texlive/texmf-dist/tex/generic/pgf/frontendlayer/tikz/libraries/tik
zlibraryshapes.symbols.code.tex
File: tikzlibraryshapes.symbols.code.tex 2021/05/15 v3.1.9a (3.1.9a)

(/usr/share/texlive/texmf-dist/tex/generic/pgf/libraries/shapes/pgflibraryshape
s.symbols.code.tex
File: pgflibraryshapes.symbols.code.tex 2021/05/15 v3.1.9a (3.1.9a)
))
(/usr/share/texlive/texmf-dist/tex/generic/pgf/frontendlayer/tikz/libraries/tik
zlibraryshapes.arrows.code.tex
File: tikzlibraryshapes.arrows.code.tex 2021/05/15 v3.1.9a (3.1.9a)

(/usr/share/texlive/texmf-dist/tex/generic/pgf/libraries/shapes/pgflibraryshape
s.arrows.code.tex
File: pgflibraryshapes.arrows.code.tex 2021/05/15 v3.1.9a (3.1.9a)
))
(/usr/share/texlive/texmf-dist/tex/generic/pgf/frontendlayer/tikz/libraries/tik
zlibraryshapes.callouts.code.tex
(/usr/share/texlive/texmf-dist/tex/generic/pgf/libraries/shapes/pgflibraryshape
s.callouts.code.tex))
(/usr/share/texlive/texmf-dist/tex/generic/pgf/frontendlayer/tikz/libraries/tik
zlibraryshapes.multipart.code.tex
File: tikzlibraryshapes.multipart.code.tex 2021/05/15 v3.1.9a (3.1.9a)

(/usr/share/texlive/texmf-dist/tex/generic/pgf/libraries/shapes/pgflibraryshape
s.multipart.code.tex
File: pgflibraryshapes.multipart.code.tex 2021/05/15 v3.1.9a (3.1.9a)
\pgfnodepartlowerbox=\box67
\pgfnodeparttwobox=\box68
\pgfnodepartthreebox=\box69
\pgfnodepartfourbox=\box70
\pgfnodeparttwentybox=\box71
\pgfnodepartnineteenbox=\box72
\pgfnodeparteighteenbox=\box73
\pgfnodepartseventeenbox=\box74
\pgfnodepartsixteenbox=\box75
\pgfnodepartfifteenbox=\box76
\pgfnodepartfourteenbox=\box77
\pgfnodepartthirteenbox=\box78
\pgfnodeparttwelvebox=\box79
\pgfnodepartelevenbox=\box80
\pgfnodeparttenbox=\box81
\pgfnodepartninebox=\box82
\pgfnodeparteightbox=\box83
\pgfnodepartsevenbox=\box84
\pgfnodepartsixbox=\box85
\pgfnodepartfivebox=\box86
)))
(/usr/share/texlive/texmf-dist/tex/generic/pgf/frontendlayer/tikz/libraries/tik
zlibrarypositioning.code.tex
File: tikzlibrarypositioning.code.tex 2021/05/15 v3.1.9a (3.1.9a)
)
(/usr/share/texlive/texmf-dist/tex/generic/pgf/frontendlayer/tikz/libraries/tik
zlibrarycalc.code.tex
File: tikzlibrarycalc.code.tex 2021/05/15 v3.1.9a (3.1.9a)
)
(/usr/share/texlive/texmf-dist/tex/generic/pgf/frontendlayer/tikz/libraries/tik
zlibraryfit.code.tex
File: tikzlibraryfit.code.tex 2021/05/15 v3.1.9a (3.1.9a)
)
(/usr/share/texlive/texmf-dist/tex/generic/pgf/frontendlayer/tikz/libraries/tik
zlibrarybackgrounds.code.tex
File: tikzlibrarybackgrounds.code.tex 2021/05/15 v3.1.9a (3.1.9a)
\pgf@layerbox@background=\box87
\pgf@layerboxsaved@background=\box88
)
(/usr/share/texlive/texmf-dist/tex/latex/l3backend/l3backend-pdftex.def
File: l3backend-pdftex.def 2022-01-12 L3 backend support: PDF output (pdfTeX)
\l__color_backend_stack_int=\count317
\l__pdf_internal_box=\box89
)
(./report4_commander.aux)
\openout1 = `report4_commander.aux'.

LaTeX Font Info:    Checking defaults for OML/cmm/m/it on input line 35.
LaTeX Font Info:    ... okay on input line 35.
LaTeX Font Info:    Checking defaults for OMS/cmsy/m/n on input line 35.
LaTeX Font Info:    ... okay on input line 35.
LaTeX Font Info:    Checking defaults for OT1/cmr/m/n on input line 35.
LaTeX Font Info:    ... okay on input line 35.
LaTeX Font Info:    Checking defaults for T1/cmr/m/n on input line 35.
LaTeX Font Info:    ... okay on input line 35.
LaTeX Font Info:    Checking defaults for TS1/cmr/m/n on input line 35.
LaTeX Font Info:    ... okay on input line 35.
LaTeX Font Info:    Checking defaults for OMX/cmex/m/n on input line 35.
LaTeX Font Info:    ... okay on input line 35.
LaTeX Font Info:    Checking defaults for U/cmr/m/n on input line 35.
LaTeX Font Info:    ... okay on input line 35.
LaTeX Font Info:    Checking defaults for PD1/pdf/m/n on input line 35.
LaTeX Font Info:    ... okay on input line 35.
LaTeX Font Info:    Checking defaults for PU/pdf/m/n on input line 35.
LaTeX Font Info:    ... okay on input line 35.

*geometry* driver: auto-detecting
*geometry* detected driver: pdftex
*geometry* verbose mode - [ preamble ] result:
* driver: pdftex
* paper: a4paper
* layout: <same size as paper>
* layoutoffset:(h,v)=(0.0pt,0.0pt)
* modes: 
* h-part:(L,W,R)=(71.13188pt, 455.24411pt, 71.13188pt)
* v-part:(T,H,B)=(71.13188pt, 702.78308pt, 71.13188pt)
* \paperwidth=597.50787pt
* \paperheight=845.04684pt
* \textwidth=455.24411pt
* \textheight=702.78308pt
* \oddsidemargin=-1.1381pt
* \evensidemargin=-1.1381pt
* \topmargin=-38.1381pt
* \headheight=12.0pt
* \headsep=25.0pt
* \topskip=12.0pt
* \footskip=30.0pt
* \marginparwidth=35.0pt
* \marginparsep=10.0pt
* \columnsep=10.0pt
* \skip\footins=10.8pt plus 4.0pt minus 2.0pt
* \hoffset=0.0pt
* \voffset=0.0pt
* \mag=1000
* \@twocolumnfalse
* \@twosidefalse
* \@mparswitchfalse
* \@reversemarginfalse
* (1in=72.27pt=25.4mm, 1cm=28.453pt)

\c@lstlisting=\count318
(/usr/share/texlive/texmf-dist/tex/context/base/mkii/supp-pdf.mkii
[Loading MPS to PDF converter (version 2006.09.02).]
\scratchcounter=\count319
\scratchdimen=\dimen291
\scratchbox=\box90
\nofMPsegments=\count320
\nofMParguments=\count321
\everyMPshowfont=\toks39
\MPscratchCnt=\count322
\MPscratchDim=\dimen292
\MPnumerator=\count323
\makeMPintoPDFobject=\count324
\everyMPtoPDFconversion=\toks40
) (/usr/share/texlive/texmf-dist/tex/latex/epstopdf-pkg/epstopdf-base.sty
Package: epstopdf-base 2020-01-24 v2.11 Base part for package epstopdf
Package epstopdf-base Info: Redefining graphics rule for `.eps' on input line 4
85.

(/usr/share/texlive/texmf-dist/tex/latex/latexconfig/epstopdf-sys.cfg
File: epstopdf-sys.cfg 2010/07/13 v1.3 Configuration of (r)epstopdf for TeX Liv
e
))
Package hyperref Info: Link coloring OFF on input line 35.

(/usr/share/texlive/texmf-dist/tex/latex/hyperref/nameref.sty
Package: nameref 2021-04-02 v2.47 Cross-referencing by name of section

(/usr/share/texlive/texmf-dist/tex/latex/refcount/refcount.sty
Package: refcount 2019/12/15 v3.6 Data extraction from label references (HO)
)
(/usr/share/texlive/texmf-dist/tex/generic/gettitlestring/gettitlestring.sty
Package: gettitlestring 2019/12/15 v1.6 Cleanup title references (HO)
)
\c@section@level=\count325
)
LaTeX Info: Redefining \ref on input line 35.
LaTeX Info: Redefining \pageref on input line 35.
LaTeX Info: Redefining \nameref on input line 35.

(./report4_commander.out) (./report4_commander.out)
\@outlinefile=\write4
\openout4 = `report4_commander.out'.

LaTeX Font Info:    Trying to load font information for U+msa on input line 37.


(/usr/share/texlive/texmf-dist/tex/latex/amsfonts/umsa.fd
File: umsa.fd 2013/01/14 v3.01 AMS symbols A
)
LaTeX Font Info:    Trying to load font information for U+msb on input line 37.


(/usr/share/texlive/texmf-dist/tex/latex/amsfonts/umsb.fd
File: umsb.fd 2013/01/14 v3.01 AMS symbols B
)
(./report4_commander.toc
LaTeX Font Info:    Trying to load font information for T1+cmtt on input line 3
2.

(/usr/share/texlive/texmf-dist/tex/latex/base/t1cmtt.fd
File: t1cmtt.fd 2019/12/16 v2.5j Standard LaTeX font definitions
) [1

{/var/lib/texmf/fonts/map/pdftex/updmap/pdftex.map}])
\tf@toc=\write5
\openout5 = `report4_commander.toc'.

 [2]
Overfull \hbox (50.90895pt too wide) in paragraph at lines 61--78
 [] 
 []

[3] [4]
LaTeX Font Info:    Font shape `T1/cmtt/bx/n' in size <10.95> not available
(Font)              Font shape `T1/cmtt/m/n' tried instead on input line 226.

Overfull \hbox (234.15416pt too wide) in paragraph at lines 316--323
 [][] 
 []


Overfull \hbox (48.21353pt too wide) in paragraph at lines 329--333
\T1/cmr/m/n/12 The fol-low-ing ta-ble lists ev-ery uORB topic that Com-man-der 
(in-clud-ing its \T1/cmtt/m/n/12 HealthAndArmingChecks
 []

[5]
Underfull \hbox (badness 10000) in paragraph at lines 339--340
[]|\T1/cmr/m/n/8 CLI, mavlink, Nav-i-
 []


Underfull \hbox (badness 10000) in paragraph at lines 339--340
\T1/cmr/m/n/8 ga-tor, Man-u-al-Con-trol,
 []


Underfull \hbox (badness 10000) in paragraph at lines 339--340
\T1/cmr/m/n/8 fw_pos_control, RC
 []


Underfull \hbox (badness 10000) in paragraph at lines 340--341
[]|\T1/cmr/m/n/8 Main com-mand dis-patch
 []


Underfull \hbox (badness 10000) in paragraph at lines 342--343
[]|\T1/cmr/m/n/8 Companion via XRCE-
 []


Underfull \hbox (badness 3803) in paragraph at lines 349--350
[]|\T1/cmr/m/n/8 Fence breach $\OMS/cmsy/m/n/8 !$ \T1/cmr/m/n/8 fail-safe ac-ti
on (Ge-
 []


Underfull \hbox (badness 10000) in paragraph at lines 357--358
[]|\T1/cmr/m/n/8 ManualControl mod-ule
 []


Underfull \hbox (badness 10000) in paragraph at lines 358--359
[]|\T1/cmr/m/n/8 Arm/disarm/kill/mode from pi-lot
 []


Underfull \hbox (badness 6078) in paragraph at lines 364--365
[]|\T1/cmr/m/n/8 Power-button long-press $\OMS/cmsy/m/n/8 !$ \T1/cmr/m/n/8 shut
-down
 []


Underfull \hbox (badness 2042) in paragraph at lines 373--374
[]|\T1/cmr/m/n/8 Satellite link health (op-tional, fail-safe
 []


Underfull \hbox (badness 10000) in paragraph at lines 375--376
[]|\T1/cmr/m/n/8 mavlink_receiver
 []


Underfull \hbox (badness 10000) in paragraph at lines 375--376
\T1/cmr/m/n/8 (MAVLink
 []


Overfull \hbox (23.1701pt too wide) in paragraph at lines 375--376
\T1/cmr/m/n/8 SET_POSITION_TARGET_*)| 
 []


Underfull \hbox (badness 7047) in paragraph at lines 386--387
[]|\T1/cmtt/m/n/8 estimator_status \T1/cmr/m/n/8 / \T1/cmtt/m/n/8 _flags \T1/cm
r/m/n/8 /
 []


Underfull \hbox (badness 10000) in paragraph at lines 392--393
[]|\T1/cmtt/m/n/8 vehicle_attitude\T1/cmr/m/n/8 ,
 []


Underfull \hbox (badness 10000) in paragraph at lines 401--402
[]|\T1/cmtt/m/n/8 sensor_gyro/baro/mag/accel
 []


Underfull \hbox (badness 10000) in paragraph at lines 402--403
[]|\T1/cmr/m/n/8 IMU/baro/mag/accel
 []


Underfull \hbox (badness 3872) in paragraph at lines 409--410
[]|\T1/cmr/m/n/8 Switch cal-i-bra-tion check (Man-u-al-Con-
 []

(/usr/share/texlive/texmf-dist/tex/latex/listings/lstlang1.sty
File: lstlang1.sty 2020/03/24 1.8d listings language file
)
(/usr/share/texlive/texmf-dist/tex/latex/listings/lstlang1.sty
File: lstlang1.sty 2020/03/24 1.8d listings language file
)
(/usr/share/texlive/texmf-dist/tex/latex/listings/lstmisc.sty
File: lstmisc.sty 2020/03/24 1.8d (Carsten Heinz)
)
LaTeX Font Info:    Font shape `T1/cmtt/bx/n' in size <10> not available
(Font)              Font shape `T1/cmtt/m/n' tried instead on input line 444.
 [6]
Overfull \hbox (64.97255pt too wide) in paragraph at lines 449--451
[]\T1/cmr/m/n/12 Creates the Com-man-der task with \T1/cmtt/m/n/12 px4_task_spa
wn_cmd\T1/cmr/m/n/12 , pri-or-ity \T1/cmtt/m/n/12 SCHED_PRIORITY_DEFAULT+40\T1/
cmr/m/n/12 ,
 []


Overfull \hbox (82.32043pt too wide) in paragraph at lines 485--488
\T1/cmr/m/n/12 for long enough, ini-ti-ates a con-trolled shut-down se-quence v
ia \T1/cmtt/m/n/12 VEHICLE_CMD_PREFLIGHT_REBOOT_SHUTDOWN\T1/cmr/m/n/12 . 
 []


Overfull \hbox (117.01558pt too wide) in paragraph at lines 490--494
 []\T1/cmr/bx/n/12 3. sys-tem-PowerUp-date().[] \T1/cmr/m/n/12 Reads US-B/power
 con-nec-tor states. Up-dates \T1/cmtt/m/n/12 _vehicle_status.usb_connected
 []


Overfull \hbox (61.30977pt too wide) in paragraph at lines 506--509
 []\T1/cmr/bx/n/12 6. vtol-Sta-tusUp-date().[] \T1/cmr/m/n/12 Polls \T1/cmtt/m/
n/12 vtol_vehicle_status\T1/cmr/m/n/12 . Up-dates \T1/cmtt/m/n/12 _vehicle_stat
us.vehicle_type
 []

[7]
Overfull \hbox (85.98836pt too wide) in paragraph at lines 511--514
 []\T1/cmr/bx/n/12 7. Home po-si-tion up-date.[] \T1/cmr/m/n/12 If \T1/cmtt/m/n
/12 COM_HOME_EN \T1/cmr/m/n/12 is set and the ve-hi-cle is landed: \T1/cmtt/m/n
/12 _home_position.update()
 []


Overfull \hbox (130.8864pt too wide) in paragraph at lines 544--547
\T1/cmr/m/n/12 was ac-tive but has gone stale (no up-date within time-out), set
s \T1/cmtt/m/n/12 _vehicle_status.offboard_control_signal_lost\T1/cmr/m/n/12 . 

 []

[8]
Overfull \hbox (23.92633pt too wide) in paragraph at lines 581--583
[]\T1/cmr/m/n/12 Maps the se-lected fail-safe ac-tion to a \T1/cmtt/m/n/12 nav_
state \T1/cmr/m/n/12 via \T1/cmtt/m/n/12 FailsafeBase::modeFromAction()\T1/cmr/
m/n/12 . 
 []


Overfull \hbox (1.83914pt too wide) in paragraph at lines 595--599
 []\T1/cmr/bx/n/12 17. Arm-ing checks (at 10Hz).[] \T1/cmtt/m/n/12 _health_and_
arming_checks.update() \T1/cmr/m/n/12 re-evaluates
 []


Overfull \hbox (25.17699pt too wide) in paragraph at lines 595--599
\T1/cmr/m/n/12 stored in \T1/cmtt/m/n/12 _vehicle_status.pre_flight_checks_pass
\T1/cmr/m/n/12 . \T1/cmtt/m/n/12 checkAndInformReadyForTakeoff()
 []


Overfull \hbox (1.27066pt too wide) in paragraph at lines 601--604
 []\T1/cmr/bx/n/12 18. han-dleCom-mands-From-Mod-e-Ex-ecu-tors().[] \T1/cmr/m/n
/12 Pro-cesses ar-m/dis-arm re-quests that
 []

[9]
Overfull \hbox (72.8831pt too wide) in paragraph at lines 629--631
[]\T1/cmr/m/n/12 If \T1/cmtt/m/n/12 force_failsafe \T1/cmr/m/n/12 or \T1/cmtt/m
/n/12 manual_lockdown \T1/cmr/m/n/12 newly set while armed: call \T1/cmtt/m/n/1
2 send_parachute_command()\T1/cmr/m/n/12 . 
 []


Overfull \hbox (6.56387pt too wide) in paragraph at lines 644--647
 []\T1/cmr/bx/n/12 23. House-keep-ing.[] \T1/cmtt/m/n/12 checkWorkerThread()\T1
/cmr/m/n/12 , \T1/cmtt/m/n/12 updateTunes()\T1/cmr/m/n/12 , \T1/cmtt/m/n/12 con
trol_status_leds()\T1/cmr/m/n/12 ,
 []


Overfull \hbox (33.24767pt too wide) in paragraph at lines 644--647
\T1/cmr/m/n/12 clear \T1/cmtt/m/n/12 _status_changed\T1/cmr/m/n/12 , call \T1/c
mtt/m/n/12 arm_auth_update()\T1/cmr/m/n/12 , \T1/cmtt/m/n/12 px4_indicate_exter
nal_reset_lockout()\T1/cmr/m/n/12 . 
 []


Package hyperref Warning: Token not allowed in a PDF string (Unicode):
(hyperref)                removing `math shift' on input line 649.


Package hyperref Warning: Token not allowed in a PDF string (Unicode):
(hyperref)                removing `\to' on input line 649.


Package hyperref Warning: Token not allowed in a PDF string (Unicode):
(hyperref)                removing `math shift' on input line 649.

LaTeX Font Info:    Font shape `T1/cmtt/bx/n' in size <14.4> not available
(Font)              Font shape `T1/cmtt/m/n' tried instead on input line 657.

Overfull \hbox (70.19154pt too wide) in paragraph at lines 659--666
\T1/cmr/m/n/12 When the Nav-i-ga-tor en-coun-ters a mis-sion item that re-quire
s a mode change (e.g. \T1/cmtt/m/n/12 MAV_CMD_DO_SET_MODE\T1/cmr/m/n/12 ,
 []


Overfull \hbox (67.17131pt too wide) in paragraph at lines 659--666
\T1/cmtt/m/n/12 MAV_CMD_MISSION_START\T1/cmr/m/n/12 , \T1/cmtt/m/n/12 MAV_CMD_D
O_REPOSITION\T1/cmr/m/n/12 ), it calls its in-ter-nal \T1/cmtt/m/n/12 publish_v
ehicle_command()
 []

[10]
Overfull \hbox (34.65285pt too wide) in paragraph at lines 684--687
[]\T1/cmr/m/n/12 Commander sub-scribes via \T1/cmtt/m/n/12 _mission_result_sub 
\T1/cmr/m/n/12 (\T1/cmtt/m/n/12 SubscriptionData<mission_result_s>
 []


Overfull \hbox (295.61272pt too wide) in paragraph at lines 706--710
[]\T1/cmr/m/n/12 Commander's \T1/cmtt/m/n/12 HealthAndArmingChecks \T1/cmr/m/n/
12 sub-sys-tem in-cludes \T1/cmtt/m/n/12 GeofenceChecks \T1/cmr/m/n/12 (in \T1/
cmtt/m/n/12 HealthAndArmingChecks/checks/geofenceCheck.hpp/.cpp\T1/cmr/m/n/12 )
.
 []


Overfull \hbox (13.1387pt too wide) in paragraph at lines 720--725
\T1/cmr/m/n/12 Navigator pub-lishes \T1/cmtt/m/n/12 navigator_status_s \T1/cmr/
m/n/12 con-tain-ing a \T1/cmtt/m/n/12 failure \T1/cmr/m/n/12 field (enum: \T1/c
mtt/m/n/12 FAILURE_NONE\T1/cmr/m/n/12 ,
 []


Overfull \hbox (154.13159pt too wide) in paragraph at lines 720--725
\T1/cmtt/m/n/12 FAILURE_HAGL\T1/cmr/m/n/12 , etc.). Com-man-der's \T1/cmtt/m/n/
12 NavigatorChecks \T1/cmr/m/n/12 (\T1/cmtt/m/n/12 HealthAndArmingChecks/checks
/navigatorCheck.hpp/.cpp\T1/cmr/m/n/12 )
 []


Overfull \hbox (49.48453pt too wide) in paragraph at lines 735--741
 [] 
 []

[11]
Overfull \hbox (19.50333pt too wide) in paragraph at lines 744--750
\T1/cmr/m/n/12 sion. Those go from Nav-i-ga-tor di-rectly to \T1/cmtt/m/n/12 fw
_pos_control \T1/cmr/m/n/12 via \T1/cmtt/m/n/12 position_setpoint_triplet\T1/cm
r/m/n/12 ,
 []


Overfull \hbox (48.75174pt too wide) in paragraph at lines 744--750
\T1/cmr/m/n/12 com-pletely by-pass-ing Com-man-der. Com-man-der only learns the
 mis-sion out-come (\T1/cmtt/m/n/12 mission_result\T1/cmr/m/n/12 )
 []


Overfull \hbox (374.5488pt too wide) detected at line 770
[][][] \OT1/cmr/m/n/12 = []([] == []) \OMS/cmsy/m/n/12 _ \OT1/cmr/m/n/12 ([] ==
 0)[]  \OMS/cmsy/m/n/12 ^  []\OT1/cmr/m/n/12 ([] == []) \OMS/cmsy/m/n/12 _ \OT1
/cmr/m/n/12 ([] == 0)[]
 []


Overfull \hbox (89.5341pt too wide) in paragraph at lines 777--794
 [] 
 []

[12]
Overfull \hbox (214.71504pt too wide) in paragraph at lines 821--823
[]\T1/cmr/m/n/12 If \T1/cmtt/m/n/12 param2 == 1 \T1/cmr/m/n/12 (re-quest mode s
witch to LOI-TER): calls \T1/cmtt/m/n/12 _user_mode_intention.change(NAVIGATION
_STATE_AUTO_LOITER)\T1/cmr/m/n/12 . 
 []


Overfull \hbox (39.17216pt too wide) in paragraph at lines 848--848
[]\T1/cmr/bx/n/14.4 VEHICLE_CMD_PREFLIGHT_REBOOT_SHUTDOWN (246) 
 []

[13] [14] [15] [16]
Overfull \hbox (121.12561pt too wide) in paragraph at lines 1038--1038
[]\T1/cmr/bx/n/17.28 dataLinkCheck(), man-u-al-Con-trolCheck(), bat-tery_status
_check() 
 []

[17]
Overfull \hbox (11.40727pt too wide) in paragraph at lines 1097--1099
[]\T1/cmr/m/n/12 Modified \T1/cmtt/m/n/12 VEHICLE_CMD_DO_REPOSITION \T1/cmr/m/n
/12 han-dler in \T1/cmtt/m/n/12 handle_command() \T1/cmr/m/n/12 to pass through

 []

[18]
Overfull \hbox (156.38882pt too wide) in paragraph at lines 1157--1161
 [] 
 []


Overfull \hbox (42.42108pt too wide) in paragraph at lines 1163--1166
[]\T1/cmr/m/n/12 The two-command de-sign is nec-es-sary be-cause \T1/cmtt/m/n/1
2 CUSTOM_0 \T1/cmr/m/n/12 is only con-sumed by \T1/cmtt/m/n/12 fw_pos_control\T
1/cmr/m/n/12 ,
 []


Overfull \hbox (0.64656pt too wide) in paragraph at lines 1167--1172
\T1/cmr/m/n/12 DDS com-pan-ion learns the 5s DDS in-hibit dead-line and can ali
gn its \T1/cmtt/m/n/12 AutosoaringControl
 []

[19]
Overfull \hbox (36.48007pt too wide) in paragraph at lines 1173--1173
[]\T1/cmr/bx/n/14.4 VEHICLE_CMD_CUSTOM_0 Pro-cess-ing (in fw_pos_control) 
 []


Overfull \hbox (21.56345pt too wide) in paragraph at lines 1207--1207
[]\T1/cmr/bx/n/17.28 Modification C2: DO_REPOSITION param2=0 Pass-
 []


Overfull \hbox (3.50366pt too wide) in paragraph at lines 1212--1216
\T1/cmr/m/n/12 In the orig-i-nal stock code, \T1/cmtt/m/n/12 handle_command() \
T1/cmr/m/n/12 for \T1/cmtt/m/n/12 VEHICLE_CMD_DO_REPOSITION \T1/cmr/m/n/12 re-s
ponded
 []


Overfull \hbox (7.16257pt too wide) in paragraph at lines 1212--1216
\T1/cmr/m/n/12 with \T1/cmtt/m/n/12 VEHICLE_CMD_RESULT_UNSUPPORTED \T1/cmr/m/n/
12 when \T1/cmtt/m/n/12 param2 == 0 \T1/cmr/m/n/12 (``no mode switch re-quested
''). 
 []

[20]
Overfull \hbox (0.20123pt too wide) in paragraph at lines 1239--1242
\T1/cmr/m/n/12 No im-pact. In nor-mal flight, GCS-generated \T1/cmtt/m/n/12 DO_
REPOSITION \T1/cmr/m/n/12 com-mands al-ways set \T1/cmtt/m/n/12 param2
 []


Underfull \hbox (badness 1810) in paragraph at lines 1249--1249
[]|\T1/cmr/m/n/12 CLI soar-ing com-
 []


Underfull \hbox (badness 10000) in paragraph at lines 1249--1250
[]|\T1/cmr/m/n/12 5 com-mands
 []


Overfull \hbox (70.59813pt too wide) in paragraph at lines 1249--1250
\T1/cmr/m/n/12 (\T1/cmtt/m/n/12 soar:off/glide/polar/thermal/bank\T1/cmr/m/n/12
 )| 
 []


Underfull \hbox (badness 10000) in paragraph at lines 1251--1251
[]|\T1/cmtt/m/n/12 DO_REPOSITION
 []


Underfull \hbox (badness 3942) in paragraph at lines 1251--1252
[]|\T1/cmr/m/n/12 Accepted, nav-i-ga-tor pro-
 []


Underfull \hbox (badness 10000) in paragraph at lines 1253--1254
[]|\T1/cmtt/m/n/12 _soaring_local_override
 []


Underfull \hbox (badness 10000) in paragraph at lines 1253--1254
\T1/cmr/m/n/12 flag (by-passes floor +
 []

[21] (./report4_commander.aux)

LaTeX Warning: Label(s) may have changed. Rerun to get cross-references right.

Package rerunfilecheck Info: File `report4_commander.out' has not changed.
(rerunfilecheck)             Checksum: 9281DD5648A385DB148623E25FE623CC;11116.
 ) 
Here is how much of TeX's memory you used:
 25494 strings out of 480129
 484827 string characters out of 5893409
 1212279 words of memory out of 5000000
 42799 multiletter control sequences out of 15000+600000
 495170 words of font info for 93 fonts, out of 8000000 for 9000
 81 hyphenation exceptions out of 8191
 100i,9n,104p,666b,1902s stack positions out of 5000i,500n,10000p,200000b,80000s
 </home/radhouene/.texlive2021/texmf-var/fonts/pk/ljfour/jknappen/ec/ecit1000
.600pk> </home/radhouene/.texlive2021/texmf-var/fonts/pk/ljfour/jknappen/ec/ect
t1440.600pk> </home/radhouene/.texlive2021/texmf-var/fonts/pk/ljfour/jknappen/e
c/tcrm1200.600pk> </home/radhouene/.texlive2021/texmf-var/fonts/pk/ljfour/jknap
pen/ec/ectt1000.600pk> </home/radhouene/.texlive2021/texmf-var/fonts/pk/ljfour/
jknappen/ec/ecrm0600.600pk> </home/radhouene/.texlive2021/texmf-var/fonts/pk/lj
four/jknappen/ec/ecti0800.600pk> </home/radhouene/.texlive2021/texmf-var/fonts/
pk/ljfour/jknappen/ec/ecti0600.600pk> </home/radhouene/.texlive2021/texmf-var/f
onts/pk/ljfour/jknappen/ec/ecit0800.450pk> </home/radhouene/.texlive2021/texmf-
var/fonts/pk/ljfour/jknappen/ec/ectt1095.600pk> </home/radhouene/.texlive2021/t
exmf-var/fonts/pk/ljfour/jknappen/ec/ecbx1095.600pk> </home/radhouene/.texlive2
021/texmf-var/fonts/pk/ljfour/jknappen/ec/ecrm0800.600pk> </home/radhouene/.tex
live2021/texmf-var/fonts/pk/ljfour/jknappen/ec/ectt0800.600pk> </home/radhouene
/.texlive2021/texmf-var/fonts/pk/ljfour/jknappen/ec/ecbx0800.600pk> </home/radh
ouene/.texlive2021/texmf-var/fonts/pk/ljfour/jknappen/ec/ecti1200.600pk> </home
/radhouene/.texlive2021/texmf-var/fonts/pk/ljfour/jknappen/ec/ecbx2488.600pk> <
/home/radhouene/.texlive2021/texmf-var/fonts/pk/ljfour/jknappen/ec/ectt1200.600
pk> </home/radhouene/.texlive2021/texmf-var/fonts/pk/ljfour/jknappen/ec/ecbx120
0.600pk> </home/radhouene/.texlive2021/texmf-var/fonts/pk/ljfour/jknappen/ec/ec
bx1728.600pk> </home/radhouene/.texlive2021/texmf-var/fonts/pk/ljfour/jknappen/
ec/ecrm1200.600pk> </home/radhouene/.texlive2021/texmf-var/fonts/pk/ljfour/jkna
ppen/ec/ecrm1440.600pk> </home/radhouene/.texlive2021/texmf-var/fonts/pk/ljfour
/jknappen/ec/ecbx1440.600pk> </home/radhouene/.texlive2021/texmf-var/fonts/pk/l
jfour/jknappen/ec/ecbx2074.600pk></usr/share/texlive/texmf-dist/fonts/type1/pub
lic/amsfonts/cm/cmex10.pfb></usr/share/texlive/texmf-dist/fonts/type1/public/am
sfonts/cm/cmmi12.pfb></usr/share/texlive/texmf-dist/fonts/type1/public/amsfonts
/cm/cmr12.pfb></usr/share/texlive/texmf-dist/fonts/type1/public/amsfonts/cm/cms
y10.pfb></usr/share/texlive/texmf-dist/fonts/type1/public/amsfonts/cm/cmsy8.pfb
>
Output written on report4_commander.pdf (21 pages, 346578 bytes).
PDF statistics:
 1454 PDF objects out of 1728 (max. 8388607)
 621 compressed objects within 7 object streams
 206 named destinations out of 1000 (max. 500000)
 445 words of extra memory for PDF output out of 10000 (max. 10000000)

