\BOOKMARK [1][-]{section.1}{\376\377\000O\000v\000e\000r\000v\000i\000e\000w}{}% 1
\BOOKMARK [1][-]{section.2}{\376\377\000M\000o\000d\000u\000l\000e\000\040\0001\000:\000\040\000T\000E\000C\000S\000\040\000\050\000T\000o\000t\000a\000l\000\040\000E\000n\000e\000r\000g\000y\000\040\000C\000o\000n\000t\000r\000o\000l\000\040\000S\000y\000s\000t\000e\000m\000\051}{}% 2
\BOOKMARK [2][-]{subsection.2.1}{\376\377\000M\0001\000\040\040\024\000\040\000A\000l\000t\000i\000t\000u\000d\000e\000\040\000R\000e\000f\000e\000r\000e\000n\000c\000e\000\040\000F\000r\000e\000e\000z\000e\000\040\000\050\000T\000E\000C\000S\000:\000:\000u\000p\000d\000a\000t\000e\000\051}{section.2}% 3
\BOOKMARK [2][-]{subsection.2.2}{\376\377\000M\0002\000\040\040\024\000\040\000G\000r\000a\000v\000i\000t\000y\000-\000L\000i\000m\000i\000t\000e\000d\000\040\000A\000c\000c\000e\000l\000e\000r\000a\000t\000i\000o\000n\000\040\000C\000a\000p\000\040\000\050\000\137\000c\000a\000l\000c\000A\000i\000r\000s\000p\000e\000e\000d\000C\000o\000n\000t\000r\000o\000l\000O\000u\000t\000p\000u\000t\000\051}{section.2}% 4
\BOOKMARK [2][-]{subsection.2.3}{\376\377\000M\0003\000\040\040\024\000\040\000U\000n\000d\000e\000r\000s\000p\000e\000e\000d\000\040\000D\000e\000t\000e\000c\000t\000i\000o\000n\000\040\000B\000y\000p\000a\000s\000s\000\040\000\050\000\137\000d\000e\000t\000e\000c\000t\000U\000n\000d\000e\000r\000s\000p\000e\000e\000d\000\051}{section.2}% 5
\BOOKMARK [2][-]{subsection.2.4}{\376\377\000M\0004\000\040\040\024\000\040\000E\000n\000e\000r\000g\000y\000\040\000W\000e\000i\000g\000h\000t\000i\000n\000g\000\040\000O\000v\000e\000r\000r\000i\000d\000e\000\040\000\050\000\137\000u\000p\000d\000a\000t\000e\000S\000p\000e\000e\000d\000A\000l\000t\000i\000t\000u\000d\000e\000W\000e\000i\000g\000h\000t\000s\000\051}{section.2}% 6
\BOOKMARK [2][-]{subsection.2.5}{\376\377\000M\0005\000\040\040\024\000\040\000T\000h\000r\000o\000t\000t\000l\000e\000\040\000H\000a\000r\000d\000-\000Z\000e\000r\000o\000\040\000\050\000\137\000c\000a\000l\000c\000T\000h\000r\000o\000t\000t\000l\000e\000C\000o\000n\000t\000r\000o\000l\000O\000u\000t\000p\000u\000t\000\051}{section.2}% 7
\BOOKMARK [2][-]{subsection.2.6}{\376\377\000M\0006\000\040\040\024\000\040\000T\000h\000r\000o\000t\000t\000l\000e\000\040\000I\000n\000t\000e\000g\000r\000a\000t\000o\000r\000\040\000E\000x\000p\000o\000n\000e\000n\000t\000i\000a\000l\000\040\000D\000e\000c\000a\000y\000\040\000\050\000\137\000c\000a\000l\000c\000T\000h\000r\000o\000t\000t\000l\000e\000C\000o\000n\000t\000r\000o\000l\000U\000p\000d\000a\000t\000e\000\051}{section.2}% 8
\BOOKMARK [2][-]{subsection.2.7}{\376\377\000M\0007\000\040\040\024\000\040\000L\000o\000a\000d\000-\000F\000a\000c\000t\000o\000r\000\040\000S\000T\000E\000\040\000C\000o\000r\000r\000e\000c\000t\000i\000o\000n\000\040\000D\000i\000s\000a\000b\000l\000e\000d\000\040\000\050\000\137\000c\000a\000l\000c\000T\000h\000r\000o\000t\000t\000l\000e\000C\000o\000n\000t\000r\000o\000l\000S\000t\000e\000R\000a\000t\000e\000\051}{section.2}% 9
\BOOKMARK [2][-]{subsection.2.8}{\376\377\000M\0008\000\040\040\024\000\040\000P\000i\000t\000c\000h\000\040\000I\000n\000t\000e\000g\000r\000a\000t\000o\000r\000\040\000P\000a\000r\000t\000i\000a\000l\000\040\000R\000e\000s\000e\000t\000\040\000\050\000\137\000c\000a\000l\000c\000P\000i\000t\000c\000h\000C\000o\000n\000t\000r\000o\000l\000\051}{section.2}% 10
\BOOKMARK [2][-]{subsection.2.9}{\376\377\000M\0009\000\040\040\024\000\040\000G\000l\000i\000d\000e\000\040\000A\000i\000r\000s\000p\000e\000e\000d\000\040\000S\000e\000t\000p\000o\000i\000n\000t\000\040\000\050\000c\000a\000l\000c\000T\000r\000u\000e\000A\000i\000r\000s\000p\000e\000e\000d\000S\000e\000t\000p\000o\000i\000n\000t\000\051}{section.2}% 11
\BOOKMARK [2][-]{subsection.2.10}{\376\377\000M\0001\0000\000\040\040\024\000\040\000F\000a\000s\000t\000-\000D\000e\000s\000c\000e\000n\000d\000\040\000S\000u\000p\000p\000r\000e\000s\000s\000i\000o\000n\000\040\000\050\000\137\000s\000e\000t\000F\000a\000s\000t\000D\000e\000s\000c\000e\000n\000d\000\051}{section.2}% 12
\BOOKMARK [1][-]{section.3}{\376\377\000M\000o\000d\000u\000l\000e\000\040\0002\000:\000\040\000F\000i\000x\000e\000d\000w\000i\000n\000g\000P\000o\000s\000i\000t\000i\000o\000n\000C\000o\000n\000t\000r\000o\000l}{}% 13
\BOOKMARK [2][-]{subsection.3.1}{\376\377\000C\0001\000\040\040\024\000\040\000D\000D\000S\000\040\000P\000o\000l\000l\000\040\000a\000n\000d\000\040\000A\000u\000t\000h\000o\000r\000i\000t\000y\000\040\000A\000r\000b\000i\000t\000r\000a\000t\000i\000o\000n\000\040\000\050\000R\000u\000n\000\050\000\051\000\051}{section.3}% 14
\BOOKMARK [2][-]{subsection.3.2}{\376\377\000C\0002\000\040\040\024\000\040\000C\000L\000I\000\040\000S\000o\000a\000r\000i\000n\000g\000\040\000C\000o\000m\000m\000a\000n\000d\000s\000\040\000\050\000v\000e\000h\000i\000c\000l\000e\000\137\000c\000o\000m\000m\000a\000n\000d\000\137\000p\000o\000l\000l\000\050\000\051\000\051}{section.3}% 15
\BOOKMARK [2][-]{subsection.3.3}{\376\377\000C\0003\000\040\040\024\000\040\000E\000a\000g\000e\000r\000\040\000G\000l\000i\000d\000e\000\040\000A\000i\000r\000s\000p\000e\000e\000d\000\040\000P\000u\000s\000h\000\040\000\050\000p\000a\000r\000a\000m\000e\000t\000e\000r\000s\000\137\000u\000p\000d\000a\000t\000e\000\050\000\051\000\051}{section.3}% 16
\BOOKMARK [2][-]{subsection.3.4}{\376\377\000C\0004\000\040\040\024\000\040\000S\000o\000a\000r\000i\000n\000g\000\040\000D\000i\000s\000p\000a\000t\000c\000h\000\040\000B\000l\000o\000c\000k\000\040\000\050\000c\000o\000n\000t\000r\000o\000l\000\137\000a\000u\000t\000o\000\050\000\051\000\051}{section.3}% 17
\BOOKMARK [2][-]{subsection.3.5}{\376\377\000C\0006\000\040\040\024\000\040\000S\000y\000m\000m\000e\000t\000r\000i\000c\000\040\000T\000h\000r\000o\000t\000t\000l\000e\000\040\000R\000a\000m\000p\000s}{section.3}% 18
\BOOKMARK [1][-]{section.4}{\376\377\000M\000o\000d\000u\000l\000e\000\040\0003\000:\000\040\000C\000o\000m\000m\000a\000n\000d\000e\000r}{}% 19
\BOOKMARK [2][-]{subsection.4.1}{\376\377\000C\000o\000m\000m\000a\000n\000d\000e\000r\000\040\040\024\000\040\000C\000L\000I\000\040\000S\000o\000a\000r\000i\000n\000g\000\040\000S\000u\000b\000-\000c\000o\000m\000m\000a\000n\000d\000s}{section.4}% 20
\BOOKMARK [2][-]{subsection.4.2}{\376\377\000C\000o\000m\000m\000a\000n\000d\000e\000r\000\040\040\024\000\040\000D\000O\000\137\000R\000E\000P\000O\000S\000I\000T\000I\000O\000N\000\040\000F\000i\000x}{section.4}% 21
\BOOKMARK [1][-]{section.5}{\376\377\000M\000o\000d\000u\000l\000e\000\040\0004\000:\000\040\000N\000a\000v\000i\000g\000a\000t\000o\000r}{}% 22
\BOOKMARK [2][-]{subsection.5.1}{\376\377\000M\000i\000s\000s\000i\000o\000n\000B\000a\000s\000e\000\040\040\024\000\040\000M\000i\000s\000s\000i\000o\000n\000\040\000R\000e\000w\000i\000n\000d\000\040\000P\000r\000e\000v\000e\000n\000t\000i\000o\000n}{section.5}% 23
\BOOKMARK [2][-]{subsection.5.2}{\376\377\000M\000i\000s\000s\000i\000o\000n\000B\000a\000s\000e\000\040\040\024\000\040\000P\000a\000u\000s\000e\000\040\000/\000\040\000R\000e\000s\000u\000m\000e\000\040\000S\000e\000q\000u\000e\000n\000c\000e\000\040\000T\000r\000a\000c\000k\000i\000n\000g}{section.5}% 24
\BOOKMARK [1][-]{section.6}{\376\377\000N\000e\000w\000\040\000u\000O\000R\000B\000\040\000M\000e\000s\000s\000a\000g\000e\000s}{}% 25
\BOOKMARK [1][-]{section.7}{\376\377\000N\000e\000w\000\040\000P\000a\000r\000a\000m\000e\000t\000e\000r\000s}{}% 26
